Film Title: Jesus Christ Vampire Hunter
True Genres: Action/Comedy/Horror/Musical
Pred Genres: Comedy

Film Title: First Blood
True Genres: Action/Adventure
Pred Genres: Horror/Thriller/Fantasy

Film Title: I'll Be Home for Christmas
True Genres: Comedy/Family
Pred Genres: Comedy/Adventure

Film Title: Face/Off
True Genres: Action/Crime/Sci-Fi/Thriller
Pred Genres: Drama/Mystery/Thriller

Film Title: Popeye
True Genres: Adventure/Comedy/Family/Fantasy/Musical/Romance
Pred Genres: Comedy/Action

Film Title: Incubus
True Genres: Horror
Pred Genres: Sci-Fi/Action

Film Title: Bones
True Genres: Crime/Horror
Pred Genres: Horror/Drama/Mystery/Thriller

Film Title: Sexmission
True Genres: Adventure/Comedy/Sci-Fi
Pred Genres: Drama/Romance

Film Title: The Dreamlife of Angels
True Genres: Drama
Pred Genres: Drama/Thriller

Film Title: Bloodsport 2
True Genres: Action/Sport
Pred Genres: Sci-Fi/Adventure/Action

Film Title: Uncle Buck
True Genres: Comedy
Pred Genres: Comedy/Drama/Romance

Film Title: The Treasure of the Sierra Madre
True Genres: Adventure/Drama/Western
Pred Genres: Horror/Thriller

Film Title: FM
True Genres: Comedy/Drama/Music
Pred Genres: Sci-Fi/Adventure/Action/Family/Animation

Film Title: The Hitcher
True Genres: Action/Thriller
Pred Genres: Adventure/Action/Thriller/Fantasy

Film Title: The Muppet Movie
True Genres: Adventure/Comedy/Family/Musical
Pred Genres: Adventure/Musical/Family/Fantasy/Animation

Film Title: Ned Kelly
True Genres: Action/Adventure/Biography/Crime/History/Romance/Western
Pred Genres: Drama/Mystery

Film Title: Deadly Blessing
True Genres: Horror/Thriller
Pred Genres: 

Film Title: Knight Moves
True Genres: Crime/Drama/Mystery/Thriller
Pred Genres: Drama/Romance/Mystery/Thriller

Film Title: My Beautiful Laundrette
True Genres: Comedy/Drama/Romance
Pred Genres: Drama/History/War

Film Title: Dog Day Afternoon
True Genres: Biography/Crime/Drama/Thriller
Pred Genres: Drama

Film Title: The Life and Times of Hank Greenberg
True Genres: Documentary/Biography/Sport
Pred Genres: Drama/Romance

Film Title: You Were Never Lovelier
True Genres: Comedy/Musical/Romance
Pred Genres: Romance

Film Title: Let's Make Love
True Genres: Comedy/Musical/Romance
Pred Genres: Comedy/Drama/Romance

Film Title: The First $20 Million Is Always the Hardest
True Genres: Comedy
Pred Genres: Comedy/Romance

Film Title: Sunshine
True Genres: Drama/History/Romance/War
Pred Genres: Drama/Romance

Film Title: Fun in Acapulco
True Genres: Comedy/Music
Pred Genres: Comedy

Film Title: Hanky Panky
True Genres: Action/Comedy/Crime/Mystery/Thriller
Pred Genres: Comedy/Action

Film Title: Bloody Angels
True Genres: Horror/Thriller
Pred Genres: Drama

Film Title: Rat Race
True Genres: Action/Adventure/Comedy
Pred Genres: Comedy/Adventure/Family

Film Title: The Family Jewels
True Genres: Comedy
Pred Genres: Comedy

Film Title: War and Peace
True Genres: Drama/History/Romance/War
Pred Genres: Drama/Adventure/Romance/History/War/Western

Film Title: Jerry Maguire
True Genres: Comedy/Drama/Romance/Sport
Pred Genres: Drama/Romance

Film Title: The Sons of Katie Elder
True Genres: Western
Pred Genres: Drama/War

Film Title: Christine
True Genres: Horror/Thriller
Pred Genres: Sci-Fi/Adventure/Action/Thriller

Film Title: Aces: Iron Eagle III
True Genres: Action
Pred Genres: Sci-Fi/Drama/Action/Thriller

Film Title: Burglar
True Genres: Comedy/Crime
Pred Genres: Comedy/Adventure

Film Title: Condo Painting
True Genres: Documentary
Pred Genres: Sci-Fi/Comedy

Film Title: The Inkwell
True Genres: Comedy/Drama/Romance
Pred Genres: Comedy/Drama

Film Title: Guadalcanal Diary
True Genres: Drama/War
Pred Genres: Drama/Mystery

Film Title: Action Jackson
True Genres: Action/Comedy/Crime/Thriller
Pred Genres: Comedy/Drama/Romance

Film Title: D3: The Mighty Ducks
True Genres: Action/Comedy/Drama/Family/Sport
Pred Genres: Comedy/Action

Film Title: Friday
True Genres: Comedy/Drama
Pred Genres: Comedy/Action

Film Title: El amor brujo
True Genres: Music/Drama
Pred Genres: Drama/Romance

Film Title: Cheetah
True Genres: Adventure/Drama/Family
Pred Genres: Drama/Romance/War

Film Title: X-Men
True Genres: Action/Adventure/Sci-Fi
Pred Genres: Sci-Fi/Adventure/Action/Thriller

Film Title: Man of Iron
True Genres: Drama/History
Pred Genres: Drama/Thriller

Film Title: Boxing Helena
True Genres: Drama/Mystery/Romance/Thriller
Pred Genres: Sci-Fi/Thriller

Film Title: All of Me
True Genres: Comedy/Fantasy/Romance
Pred Genres: Comedy/Drama/Romance

Film Title: The Devil's Own
True Genres: Action/Crime/Drama/Thriller
Pred Genres: Drama/Romance

Film Title: Man's Favorite Sport?
True Genres: Comedy/Romance
Pred Genres: Comedy

Film Title: Good Boy
True Genres: Comedy/Drama/Family/Fantasy/Sci-Fi
Pred Genres: Comedy/Adventure/Family/Fantasy

Film Title: Serial Mom
True Genres: Comedy/Crime/Thriller
Pred Genres: Comedy/Romance

Film Title: La veuve de Saint-Pierre
True Genres: Drama/History/Romance
Pred Genres: Drama/Romance

Film Title: Deep Cover
True Genres: Action/Crime/Thriller
Pred Genres: Drama

Film Title: Thrashin'
True Genres: Action/Drama/Romance
Pred Genres: Sci-Fi/Adventure/Family/Fantasy/Animation

Film Title: Anne of the Thousand Days
True Genres: Biography/Drama/History
Pred Genres: Drama

Film Title: Mr. Death: The Rise and Fall of Fred A. Leuchter, Jr.
True Genres: Documentary/Biography
Pred Genres: Drama/Crime

Film Title: Dr. T & the Women
True Genres: Comedy/Drama/Romance
Pred Genres: Comedy/Drama/Romance

Film Title: Trekkies
True Genres: Documentary/Comedy
Pred Genres: Comedy/Musical/Romance/Family

Film Title: Nomads
True Genres: Horror/Mystery/Thriller
Pred Genres: Horror/Sci-Fi/Mystery/Thriller

Film Title: Final Destination 2
True Genres: Horror/Thriller
Pred Genres: Sci-Fi/Adventure/Action/Thriller

Film Title: Raising Cain
True Genres: Crime/Drama/Horror/Thriller
Pred Genres: Horror/Thriller

Film Title: Scaramouche
True Genres: Action/Adventure/Comedy/Drama/Romance
Pred Genres: Comedy

Film Title: Christmas with the Kranks
True Genres: Comedy/Family
Pred Genres: Comedy/Western

Film Title: Guantanamera
True Genres: Comedy/Drama
Pred Genres: Comedy/Musical

Film Title: Blade II
True Genres: Action/Fantasy/Horror/Sci-Fi/Thriller
Pred Genres: Sci-Fi/Drama/Adventure/Action/Thriller/War

Film Title: Until the End of the World
True Genres: Action/Drama/Sci-Fi/Thriller
Pred Genres: 

Film Title: Hangman's Curse
True Genres: Horror/Mystery/Thriller
Pred Genres: 

Film Title: The State of Things
True Genres: Drama
Pred Genres: Drama

Film Title: Something for Everyone
True Genres: Comedy/Crime/Drama
Pred Genres: Drama

Film Title: Fear and Trembling
True Genres: Comedy/Drama
Pred Genres: Comedy/Drama/Romance

Film Title: The Court Jester
True Genres: Adventure/Comedy/Family/Musical
Pred Genres: Comedy/Drama/Romance

Film Title: The Unknown Soldier
True Genres: Drama/War
Pred Genres: Drama

Film Title: The Beast of Yucca Flats
True Genres: Horror/Sci-Fi
Pred Genres: Comedy/Adventure/Family/Fantasy

Film Title: Butterfly Kiss
True Genres: Comedy/Drama/Romance/Thriller
Pred Genres: Drama/Adventure/Action

Film Title: The Glass Bottom Boat
True Genres: Comedy/Romance
Pred Genres: Comedy/Musical/Romance

Film Title: Lamerica
True Genres: Drama
Pred Genres: Drama/Biography/History/War

Film Title: I Walked with a Zombie
True Genres: Drama/Fantasy/Horror
Pred Genres: Adventure/Musical/Family/Fantasy/Animation

Film Title: Mr. Hobbs Takes a Vacation
True Genres: Comedy/Family
Pred Genres: Comedy/Drama/Mystery

Film Title: Lethal Weapon 2
True Genres: Action/Crime/Thriller
Pred Genres: Drama/Action/War

Film Title: Mulholland Drive
True Genres: Drama/Mystery/Thriller
Pred Genres: Drama/Romance

Film Title: Revolution #9
True Genres: Thriller
Pred Genres: Drama

Film Title: Eat a Bowl of Tea
True Genres: Comedy/Drama/Romance
Pred Genres: Comedy/Drama/Romance

Film Title: Magnum Force
True Genres: Action/Crime/Mystery/Thriller
Pred Genres: Sci-Fi/Drama/Adventure/Action/Thriller

Film Title: Dead Reckoning
True Genres: Crime/Drama/Film-Noir/Mystery/Thriller
Pred Genres: Comedy/Romance

Film Title: Man of Her Dreams
True Genres: Drama/Thriller
Pred Genres: Drama

Film Title: The Wrong Arm of the Law
True Genres: Comedy/Crime
Pred Genres: Drama/Romance

Film Title: Ace Ventura: When Nature Calls
True Genres: Adventure/Comedy/Crime
Pred Genres: Drama/Adventure

Film Title: I'll Never Forget What's'isname
True Genres: Comedy/Drama
Pred Genres: Drama

Film Title: Dementia 13
True Genres: Horror/Thriller
Pred Genres: Horror/Comedy

Film Title: The Adventures of Picasso
True Genres: Comedy
Pred Genres: Drama

Film Title: Celsius 41.11: The Temperature at Which the Brain... Begins to Die
True Genres: Documentary/War
Pred Genres: Comedy/Drama

Film Title: Miss Julie
True Genres: Drama
Pred Genres: Drama/Romance

Film Title: Howard the Duck
True Genres: Action/Adventure/Comedy/Romance/Sci-Fi
Pred Genres: Adventure/Romance/Action

Film Title: Fear Strikes Out
True Genres: Biography/Drama/Sport
Pred Genres: Crime

Film Title: The Spy Who Loved Me
True Genres: Action/Adventure/Thriller
Pred Genres: Sci-Fi/Adventure/Action/Animation

Film Title: Silver Streak
True Genres: Action/Comedy/Crime/Romance/Thriller
Pred Genres: Drama/Romance/Action/Crime

Film Title: Pink Cadillac
True Genres: Action/Comedy/Crime/Drama
Pred Genres: Drama/Crime/Thriller

Film Title: Murphy's Romance
True Genres: Comedy/Drama/Romance
Pred Genres: Comedy/Romance

Film Title: The Promise
True Genres: Drama/Romance
Pred Genres: Comedy

Film Title: Jersey Girl
True Genres: Comedy/Drama/Romance
Pred Genres: Comedy/Drama

Film Title: Light It Up
True Genres: Drama/Thriller
Pred Genres: Drama

Film Title: Las Vampiras
True Genres: Drama/Horror
Pred Genres: Sci-Fi/Drama/Thriller

Film Title: Tar
True Genres: Drama
Pred Genres: Thriller

Film Title: All Dogs Go to Heaven 2
True Genres: Animation/Adventure/Family/Fantasy/Romance
Pred Genres: Comedy/Adventure/Musical/Romance/Family/Fantasy/Animation

Film Title: American Pop
True Genres: Animation/Drama/History/Music
Pred Genres: Comedy

Film Title: Heavy
True Genres: Drama/Romance
Pred Genres: Drama/Romance

Film Title: Meet the Parents
True Genres: Comedy/Romance
Pred Genres: Comedy

Film Title: The Tall Guy
True Genres: Comedy/Romance
Pred Genres: Comedy/Romance

Film Title: Ivanhoe
True Genres: Adventure/Drama/History/Romance
Pred Genres: Adventure/Action/Family/Fantasy/Animation

Film Title: Fever
True Genres: Drama/Mystery/Thriller
Pred Genres: Drama

Film Title: Knock Off
True Genres: Action/Crime/Thriller
Pred Genres: Drama

Film Title: A Mighty Wind
True Genres: Comedy/Music
Pred Genres: Comedy/Action

Film Title: The Body Snatcher
True Genres: Horror/Thriller
Pred Genres: Horror/Sci-Fi

Film Title: Weekend at Bernie's II
True Genres: Adventure/Comedy/Fantasy
Pred Genres: Drama

Film Title: Heaven Knows, Mr. Allison
True Genres: Adventure/Drama/War
Pred Genres: Drama/Adventure/War

Film Title: The 1,000 Eyes of Dr. Mabuse
True Genres: Crime/Mystery/Thriller
Pred Genres: Drama/Mystery/Thriller

Film Title: Nothing But Trouble
True Genres: Comedy
Pred Genres: Drama/Adventure/Biography/History/War

Film Title: Lifeboat
True Genres: Drama/War
Pred Genres: Sci-Fi/Drama/Adventure

Film Title: Mr. Magoo
True Genres: Adventure/Comedy/Family
Pred Genres: Comedy

Film Title: The Twelve Chairs
True Genres: Comedy
Pred Genres: Drama

Film Title: Center Stage
True Genres: Drama/Music/Romance
Pred Genres: Drama

Film Title: The Spitfire Grill
True Genres: Drama
Pred Genres: Drama/Action/Thriller

Film Title: Holy Matrimony
True Genres: Comedy/Crime
Pred Genres: Comedy/Family

Film Title: Troy
True Genres: Drama/History
Pred Genres: Drama/Adventure/Action/Thriller

Film Title: Lauderdale
True Genres: Comedy
Pred Genres: Comedy/Drama/Romance

Film Title: The Blood of Heroes
True Genres: Action/Sci-Fi/Sport
Pred Genres: Drama/War

Film Title: Bagdad Cafe
True Genres: Comedy/Drama
Pred Genres: Comedy

Film Title: 9 Dead Gay Guys
True Genres: Comedy/Crime
Pred Genres: Drama

Film Title: Ravenous
True Genres: Adventure/Comedy/Horror
Pred Genres: Horror/Drama/Fantasy

Film Title: Reds
True Genres: Biography/Drama/History/Romance
Pred Genres: Drama

Film Title: Shark Skin Man and Peach Hip Girl
True Genres: Mystery/Action/Thriller/Comedy
Pred Genres: Comedy/Drama/Mystery/Crime/Thriller

Film Title: The Naked Gun 2½: The Smell of Fear
True Genres: Comedy/Crime
Pred Genres: Comedy/Sport

Film Title: Jaws: The Revenge
True Genres: Adventure/Horror/Thriller
Pred Genres: Drama/Adventure/Family

Film Title: Paperback Romance
True Genres: Comedy/Romance
Pred Genres: Horror

Film Title: Bachelor Party
True Genres: Comedy
Pred Genres: Comedy/Musical/Romance/Family

Film Title: Deep Red
True Genres: Horror/Mystery/Thriller
Pred Genres: Drama

Film Title: Shamus
True Genres: Action/Comedy/Crime/Drama/Mystery
Pred Genres: Comedy

Film Title: The Deadly Companions
True Genres: Adventure/Western
Pred Genres: Adventure/Animation

Film Title: The Phantom of the Opera
True Genres: Drama/Musical/Romance/Thriller
Pred Genres: Horror/Drama/Mystery/Thriller

Film Title: Lan Yu
True Genres: Drama/Romance
Pred Genres: Drama/Thriller

Film Title: Fahrenhype 9/11
True Genres: Documentary
Pred Genres: Drama

Film Title: Mad City
True Genres: Crime/Drama/Thriller
Pred Genres: Drama/Romance

Film Title: Bound for Glory
True Genres: Biography/Drama/Music
Pred Genres: Drama/Romance/War/Western

Film Title: The Road to El Dorado
True Genres: Animation/Adventure/Comedy/Family/Musical/Romance
Pred Genres: Adventure/Musical/Family/Fantasy/Animation

Film Title: The Eel
True Genres: Drama
Pred Genres: Drama

Film Title: Simon Sez
True Genres: Action/Comedy
Pred Genres: Sci-Fi/Action

Film Title: Evita
True Genres: Biography/Drama/History/Musical
Pred Genres: Drama/Romance

Film Title: The Convent
True Genres: Comedy/Fantasy/Horror
Pred Genres: Sci-Fi/Adventure/Action/Family/Fantasy

Film Title: Frankenstein and the Monster from Hell
True Genres: Horror/Sci-Fi
Pred Genres: Comedy

Film Title: 42 Up
True Genres: Documentary/Biography
Pred Genres: Drama/Sport

Film Title: The Last Minute
True Genres: Drama/Mystery/Thriller
Pred Genres: Drama

Film Title: Second Chorus
True Genres: Comedy/Musical/Romance
Pred Genres: Comedy/Drama

Film Title: A Night at the Roxbury
True Genres: Comedy/Music/Romance
Pred Genres: Drama/Romance

Film Title: Antitrust
True Genres: Action/Crime/Drama/Thriller
Pred Genres: Drama/Romance/Crime/Thriller

Film Title: Resident Evil: Apocalypse
True Genres: Action/Horror/Sci-Fi/Thriller
Pred Genres: Sci-Fi/Adventure/Action/Fantasy/Animation

Film Title: Billy Liar
True Genres: Comedy/Drama/Romance
Pred Genres: Horror/Fantasy/Animation

Film Title: Dry Cleaning
True Genres: Comedy/Drama
Pred Genres: Drama/Romance

Film Title: Miracle on 34th Street
True Genres: Comedy/Drama/Family
Pred Genres: Adventure/Musical/Family/Fantasy

Film Title: Reconstruction
True Genres: Drama/Romance
Pred Genres: Horror/Sci-Fi/Mystery/Thriller

Film Title: Head in the Clouds
True Genres: Drama/Romance/War
Pred Genres: Comedy/Romance

Film Title: Xanadu
True Genres: Fantasy/Musical/Romance
Pred Genres: Drama/Mystery/Thriller

Film Title: Daughter of Dr. Jekyll
True Genres: Fantasy/Horror
Pred Genres: Adventure/Family

Film Title: Cotton Mary
True Genres: Drama
Pred Genres: Drama

Film Title: Howling IV: The Original Nightmare
True Genres: Horror
Pred Genres: 

Film Title: Men with Brooms
True Genres: Comedy/Drama/Romance/Sport
Pred Genres: Comedy

Film Title: The Hit
True Genres: Crime/Drama/Thriller
Pred Genres: Drama/Mystery/Thriller

Film Title: Jaws 2
True Genres: Adventure/Horror/Thriller
Pred Genres: Sci-Fi/Adventure/Action/Thriller

Film Title: Roseanna's Grave
True Genres: Comedy/Romance/Drama
Pred Genres: Drama

Film Title: Do the Right Thing
True Genres: Comedy/Drama
Pred Genres: Drama/Romance

Film Title: Chinese Odyssey 2002
True Genres: Comedy/Romance
Pred Genres: Drama

Film Title: La Cucaracha
True Genres: Comedy/Crime/Drama/Thriller
Pred Genres: Drama/Romance

Film Title: Little Miss Marker
True Genres: Comedy/Drama/Romance
Pred Genres: Comedy

Film Title: Gappa the Triphibian Monsters
True Genres: Action/Adventure/Comedy/Drama/Family/Fantasy/Horror/Sci-Fi/Thriller
Pred Genres: Sci-Fi/Adventure

Film Title: A Slipping-Down Life
True Genres: Drama/Music/Romance
Pred Genres: Drama/Action/Thriller

Film Title: Candy
True Genres: Adventure/Comedy/Fantasy
Pred Genres: Drama

Film Title: Rush Hour
True Genres: Action/Comedy/Crime/Thriller
Pred Genres: Comedy/Action/Crime/Thriller

Film Title: The Big One
True Genres: Documentary/Comedy/Crime/Drama
Pred Genres: Drama/Action

Film Title: The Miracle Worker
True Genres: Biography/Drama
Pred Genres: Horror/Drama/Thriller

Film Title: Faces of Death: Fact or Fiction?
True Genres: Documentary/Horror
Pred Genres: Comedy/Adventure/Family/Fantasy

Film Title: Castle Freak
True Genres: Drama/Horror/Mystery/Thriller
Pred Genres: Horror

Film Title: Indiscretion of an American Wife
True Genres: Drama/Romance
Pred Genres: Drama

Film Title: The Loneliness of the Long Distance Runner
True Genres: Drama/Sport
Pred Genres: Drama/Romance/Mystery/Crime/Thriller

Film Title: Attack
True Genres: Action/Drama/War
Pred Genres: Adventure/Action

Film Title: House of Usher
True Genres: Drama/Horror
Pred Genres: Drama

Film Title: A League of Their Own
True Genres: Comedy/Drama/Sport
Pred Genres: Comedy/Family/Sport

Film Title: Taffin
True Genres: Action/Thriller
Pred Genres: Drama/Thriller

Film Title: The Spirit of '76
True Genres: Comedy/Sci-Fi
Pred Genres: Comedy/Adventure/Family

Film Title: Went to Coney Island on a Mission from God... Be Back by Five
True Genres: Drama
Pred Genres: Comedy

Film Title: Sordid Lives
True Genres: Comedy/Romance
Pred Genres: Comedy/Drama

Film Title: The Wild One
True Genres: Crime/Drama/Romance/Thriller
Pred Genres: Action/Thriller

Film Title: Cool Hand Luke
True Genres: Crime/Drama
Pred Genres: Drama

Film Title: Bent
True Genres: Drama/History/Romance/War
Pred Genres: Drama/Thriller

Film Title: Genocide
True Genres: Documentary/Drama/History
Pred Genres: Drama/Thriller

Film Title: Lulu on the Bridge
True Genres: Drama/Music/Mystery/Romance
Pred Genres: Drama/Romance/Thriller

Film Title: Ballistic: Ecks vs. Sever
True Genres: Action/Crime/Mystery/Sci-Fi/Thriller
Pred Genres: Sci-Fi/Action/Thriller

Film Title: A Christmas Carol
True Genres: Drama/Fantasy
Pred Genres: Horror/Sci-Fi/Thriller

Film Title: Friday the 13th
True Genres: Horror/Mystery/Thriller
Pred Genres: 

Film Title: The Falls
True Genres: Comedy/Sci-Fi
Pred Genres: Drama/Crime/Thriller

Film Title: A Woman of Paris: A Drama of Fate
True Genres: Drama/Romance
Pred Genres: Comedy/Romance

Film Title: The Sailor Who Fell from Grace with the Sea
True Genres: Drama/Mystery/Thriller
Pred Genres: Comedy/Romance

Film Title: Little Men
True Genres: Drama
Pred Genres: Drama

Film Title: The Crime of Padre Amaro
True Genres: Drama/Romance
Pred Genres: Drama

Film Title: Hoop Dreams
True Genres: Documentary/Drama/Sport
Pred Genres: Drama/Adventure

Film Title: Punks
True Genres: Comedy/Music/Romance
Pred Genres: Thriller/Sport

Film Title: Raw Deal
True Genres: Crime/Drama/Film-Noir/Thriller
Pred Genres: Drama/Thriller

Film Title: National Lampoon's Vacation
True Genres: Adventure/Comedy
Pred Genres: Sci-Fi/Adventure/Action

Film Title: The Out of Towners
True Genres: Comedy
Pred Genres: Comedy/Action

Film Title: Undercover Brother
True Genres: Action/Comedy
Pred Genres: Comedy/Action

Film Title: The Good Earth
True Genres: Drama/Romance
Pred Genres: Comedy/Family

Film Title: Unforgotten: Twenty-Five Years After Willowbrook
True Genres: Documentary
Pred Genres: Drama

Film Title: Lion of the Desert
True Genres: Biography/Drama/History/War
Pred Genres: Drama/War

Film Title: Love and Death
True Genres: Comedy/War
Pred Genres: Drama

Film Title: Happiness Is in the Field
True Genres: Comedy
Pred Genres: 

Film Title: Boogeyman
True Genres: Drama/Horror/Mystery/Thriller
Pred Genres: Horror/Thriller

Film Title: So Dear to My Heart
True Genres: Animation/Drama/Family/Musical
Pred Genres: Comedy/Adventure/Musical/Romance/Family/Fantasy/Animation

Film Title: Grill Point
True Genres: Comedy/Drama
Pred Genres: Comedy/Drama

Film Title: The Internecine Project
True Genres: Action/Thriller
Pred Genres: Comedy/Thriller/Family/Fantasy

Film Title: Like Mike
True Genres: Comedy/Family/Fantasy/Sport
Pred Genres: Comedy/Sport

Film Title: Men at Work
True Genres: Action/Comedy/Crime
Pred Genres: Action

Film Title: The Big Broadcast of 1938
True Genres: Animation/Comedy/Musical/Romance
Pred Genres: Comedy

Film Title: Mimic
True Genres: Horror/Sci-Fi
Pred Genres: Sci-Fi/Adventure

Film Title: All Quiet on the Western Front
True Genres: Drama/War
Pred Genres: Horror/Mystery/Thriller

Film Title: Cannibal! The Musical
True Genres: Comedy/Musical/Thriller/Western
Pred Genres: Comedy

Film Title: Unforgettable
True Genres: Drama/Mystery/Sci-Fi/Thriller
Pred Genres: Drama/Thriller

Film Title: La Cérémonie
True Genres: Crime/Drama/Mystery/Thriller
Pred Genres: Drama/Adventure

Film Title: Disco Pigs
True Genres: Crime/Drama/Romance
Pred Genres: Horror/Mystery/Thriller

Film Title: What Dreams May Come
True Genres: Drama/Fantasy/Romance
Pred Genres: Drama/Adventure/History/War/Western

Film Title: Matinee
True Genres: Comedy/Drama
Pred Genres: Romance

Film Title: Quadrophenia
True Genres: Drama/Music
Pred Genres: Comedy/Drama

Film Title: The Green Butchers
True Genres: Comedy/Drama
Pred Genres: Horror

Film Title: The Best Man
True Genres: Comedy/Drama
Pred Genres: Comedy/Romance

Film Title: Sunrise
True Genres: Drama/Romance
Pred Genres: Comedy/Drama/Romance

Film Title: The Five People You Meet in Heaven
True Genres: Drama/Fantasy
Pred Genres: Drama

Film Title: The Beast with Five Fingers
True Genres: Horror/Mystery
Pred Genres: Drama/Mystery/Thriller

Film Title: Alice
True Genres: Comedy/Romance
Pred Genres: Horror/Sci-Fi/Mystery/Thriller

Film Title: Brewster's Millions
True Genres: Comedy
Pred Genres: Comedy

Film Title: One True Thing
True Genres: Drama
Pred Genres: Drama/Romance/Thriller

Film Title: Hôtel Terminus
True Genres: Documentary/Biography/History/War
Pred Genres: Drama

Film Title: Mr. Deeds Goes to Town
True Genres: Comedy/Drama/Romance
Pred Genres: Drama/Romance

Film Title: Maryam
True Genres: Drama
Pred Genres: Drama/Thriller

Film Title: Farinelli
True Genres: Biography/Drama/Music
Pred Genres: Drama

Film Title: Return of the Fly
True Genres: Drama/Fantasy/Horror/Sci-Fi
Pred Genres: Comedy

Film Title: Six Ways to Sunday
True Genres: Comedy/Crime/Drama
Pred Genres: Drama/Romance/Mystery/Crime/Thriller

Film Title: The Sheik
True Genres: Adventure/Drama/Romance
Pred Genres: Sci-Fi/Adventure/Family/Fantasy

Film Title: Pearls and Pigs
True Genres: Comedy
Pred Genres: Comedy

Film Title: In the Line of Fire
True Genres: Action/Crime/Drama/Thriller
Pred Genres: Drama/Thriller

Film Title: Moonwalker
True Genres: Action/Crime/Fantasy/Music/Thriller
Pred Genres: Sci-Fi/Adventure/Action/Thriller/Animation

Film Title: Ma vie en rose
True Genres: Drama
Pred Genres: Drama

Film Title: Unforgiven
True Genres: Drama/Western
Pred Genres: Drama/War

Film Title: Hero at Large
True Genres: Comedy/Romance
Pred Genres: Comedy/Romance

Film Title: Cape Fear
True Genres: Crime/Thriller
Pred Genres: Horror/Sci-Fi/Action/Thriller

Film Title: The Man Without a Past
True Genres: Comedy/Drama/Romance
Pred Genres: Drama

Film Title: The Young Poisoner's Handbook
True Genres: Crime/Drama
Pred Genres: Comedy

Film Title: The 3 Penny Opera
True Genres: Comedy/Drama/Musical
Pred Genres: Drama

Film Title: An Eye for an Eye
True Genres: Action/Adventure/Crime/Thriller
Pred Genres: Drama/Romance/Crime/Thriller

Film Title: The Peanut Butter Solution
True Genres: Adventure/Comedy/Family/Fantasy/Horror
Pred Genres: Sci-Fi/Adventure/Action

Film Title: Jacob's Ladder
True Genres: Drama/Horror/Mystery
Pred Genres: Horror/Sci-Fi/Thriller

Film Title: Rough Night in Jericho
True Genres: Romance/Western
Pred Genres: Drama/Crime/Thriller

Film Title: Without Limits
True Genres: Biography/Drama/Sport
Pred Genres: Adventure/Family

Film Title: Earth
True Genres: Drama/Romance/War
Pred Genres: Drama/Crime/Thriller

Film Title: I'll Do Anything
True Genres: Comedy/Drama
Pred Genres: Comedy

Film Title: Landscape in the Mist
True Genres: Drama
Pred Genres: Drama

Film Title: Eye of the Tiger
True Genres: Action/Drama
Pred Genres: Action/War/Western

Film Title: Gaudi Afternoon
True Genres: Comedy/Drama/Mystery
Pred Genres: Comedy/Romance

Film Title: Mighty Joe Young
True Genres: Adventure/Drama/Fantasy/Sci-Fi
Pred Genres: Sci-Fi/Adventure/Action/Animation

Film Title: This Boy's Life
True Genres: Biography/Drama
Pred Genres: Drama

Film Title: Society
True Genres: Comedy/Horror
Pred Genres: Drama

Film Title: Urban Legend
True Genres: Horror/Mystery/Thriller
Pred Genres: Drama/Action/Thriller

Film Title: Sorcerer
True Genres: Adventure/Drama/Thriller
Pred Genres: Sci-Fi/Adventure/Family

Film Title: Prerokbe Ognja
True Genres: Documentary/Music
Pred Genres: Drama

Film Title: The Aristocats
True Genres: Animation/Adventure/Comedy/Family/Musical
Pred Genres: Adventure/Musical/Family/Fantasy/Animation

Film Title: Bruiser
True Genres: Horror/Mystery
Pred Genres: Drama/Thriller

Film Title: The Cemetery Club
True Genres: Comedy
Pred Genres: Comedy

Film Title: Howards End
True Genres: Drama/Romance
Pred Genres: Documentary

Film Title: Eight Crazy Nights
True Genres: Animation/Comedy/Musical
Pred Genres: Comedy/Adventure/Family/Fantasy/Animation

Film Title: Big Bad Mama II
True Genres: Action/Comedy/Crime
Pred Genres: Adventure/Action

Film Title: The Secret Agent
True Genres: Drama/Thriller
Pred Genres: Drama/Crime/Thriller

Film Title: Why Do Fools Fall in Love
True Genres: Biography/Drama/Music
Pred Genres: Comedy/Drama/Romance

Film Title: Simpatico
True Genres: Comedy/Crime/Drama
Pred Genres: Drama

Film Title: Night Passage
True Genres: Action/Adventure/Drama/Western
Pred Genres: Comedy/Drama

Film Title: Carandiru
True Genres: Drama/Crime
Pred Genres: Drama

Film Title: The Strange Love of Martha Ivers
True Genres: Drama/Film-Noir/Romance
Pred Genres: Drama/Romance

Film Title: The Stupids
True Genres: Adventure/Comedy
Pred Genres: Comedy

Film Title: Nô
True Genres: Drama
Pred Genres: Drama/Mystery/Crime/Thriller

Film Title: Champagne
True Genres: Comedy
Pred Genres: Drama

Film Title: The Country Bears
True Genres: Comedy/Family/Music/Musical
Pred Genres: Adventure/Family/Fantasy/Animation

Film Title: The Devil Bat
True Genres: Horror/Sci-Fi
Pred Genres: Adventure/War

Film Title: Little Giants
True Genres: Comedy/Family/Sport
Pred Genres: Comedy/Family/Fantasy/Animation

Film Title: Red Satin
True Genres: Drama/Musical
Pred Genres: Adventure/Musical/Family

Film Title: Old San Francisco
True Genres: Drama/History/Romance
Pred Genres: Drama/Romance

Film Title: Plutonium Circus
True Genres: Documentary
Pred Genres: Comedy/Drama

Film Title: Secret Ballot
True Genres: Comedy/Drama
Pred Genres: Drama

Film Title: The Girl on the Bridge
True Genres: Comedy/Drama/Romance
Pred Genres: Drama/Thriller

Film Title: Yankee Zulu
True Genres: Comedy/Drama
Pred Genres: Comedy

Film Title: It Takes Two
True Genres: Comedy/Family/Romance
Pred Genres: Comedy/Romance

Film Title: Uzak
True Genres: Drama
Pred Genres: Drama/Romance

Film Title: Joseph and the Amazing Technicolor Dreamcoat
True Genres: Musical
Pred Genres: Comedy/Adventure/Family/Fantasy/Animation

Film Title: Showgirls
True Genres: Drama
Pred Genres: Drama/Thriller

Film Title: Same Time, Next Year
True Genres: Comedy/Drama/Romance
Pred Genres: Comedy

Film Title: The Mission
True Genres: Adventure/Drama/History
Pred Genres: War

Film Title: Darkman II: The Return of Durant
True Genres: Action/Crime/Horror/Sci-Fi/Thriller
Pred Genres: Sci-Fi/Drama/Action/Thriller

Film Title: Ciao, Professore!
True Genres: Comedy
Pred Genres: Comedy/Romance

Film Title: Some Kind of Hero
True Genres: Comedy/Crime/Drama/War
Pred Genres: Comedy/Romance

Film Title: The Awful Truth
True Genres: Comedy/Romance
Pred Genres: Drama/Romance/Action/Thriller

Film Title: The Wrong Guy
True Genres: Comedy/Thriller
Pred Genres: Comedy/Action/Crime/Thriller

Film Title: Spice World
True Genres: Comedy/Family/Music
Pred Genres: Comedy

Film Title: Rock & Rule
True Genres: Animation/Fantasy/Music/Sci-Fi
Pred Genres: Adventure/Action

Film Title: White Sun of the Desert
True Genres: Action/Adventure/Comedy/Drama/Romance/War/Western
Pred Genres: Drama/History/War

Film Title: The Lay of the Land
True Genres: Comedy/Drama
Pred Genres: Comedy/Drama

Film Title: The Karate Kid Part II
True Genres: Action/Family/Sport
Pred Genres: Drama/Mystery/Thriller

Film Title: Follow That Dream
True Genres: Comedy/Musical/Romance
Pred Genres: Comedy

Film Title: Hi Cousin!
True Genres: Comedy
Pred Genres: Comedy/Drama/War

Film Title: The Neon Bible
True Genres: Drama
Pred Genres: Drama

Film Title: A Soldier's Story
True Genres: Crime/Drama/Mystery/War
Pred Genres: Drama/Western

Film Title: Hot Shots!
True Genres: Action/Comedy
Pred Genres: Adventure/War

Film Title: Grand Prix
True Genres: Drama/Sport
Pred Genres: Comedy/Thriller

Film Title: A Zed & Two Noughts
True Genres: Comedy/Drama
Pred Genres: Drama

Film Title: Ghoulies
True Genres: Comedy/Fantasy/Horror
Pred Genres: Adventure/Family/Fantasy/Animation

Film Title: Scream of Stone
True Genres: Drama
Pred Genres: Drama/War

Film Title: Disorganized Crime
True Genres: Action/Comedy/Crime
Pred Genres: Drama/Crime/Thriller

Film Title: A Taxing Woman
True Genres: Comedy/Crime
Pred Genres: Musical/Romance

Film Title: Biggles: Adventures in Time
True Genres: Adventure/Family/Sci-Fi/War
Pred Genres: Sci-Fi/Adventure/Action/Thriller

Film Title: Savior
True Genres: Drama/War
Pred Genres: Drama/Action/Thriller

Film Title: The Hitch-Hiker
True Genres: Crime/Drama/Film-Noir/Thriller
Pred Genres: Sci-Fi/Thriller

Film Title: Biggie and Tupac
True Genres: Documentary/Biography/Crime/Music
Pred Genres: Drama

Film Title: Antonia's Line
True Genres: Comedy/Drama
Pred Genres: Drama/Romance

Film Title: The Peacemaker
True Genres: Action/Thriller
Pred Genres: Drama/Romance

Film Title: Talk to Her
True Genres: Drama/Mystery/Romance
Pred Genres: Drama/Mystery/Thriller

Film Title: The Quiet Room
True Genres: Drama
Pred Genres: Adventure/Action/Western

Film Title: The Chosen
True Genres: Drama
Pred Genres: Drama/Romance

Film Title: Daredevil
True Genres: Action/Crime
Pred Genres: Comedy

Film Title: Wolves
True Genres: Documentary/Short
Pred Genres: Horror/Mystery/Thriller

Film Title: Melvin and Howard
True Genres: Comedy/Drama
Pred Genres: Comedy/Sport

Film Title: Hangar 18
True Genres: Sci-Fi
Pred Genres: Drama/Crime

Film Title: Winged Migration
True Genres: Documentary
Pred Genres: Horror/Drama/Mystery/Thriller

Film Title: Forces of Nature
True Genres: Comedy/Romance
Pred Genres: Comedy/Thriller

Film Title: Beyond the Darkness
True Genres: Horror
Pred Genres: Horror

Film Title: A Star Is Born
True Genres: Drama/Music/Romance
Pred Genres: Drama/Romance

Film Title: Twelfth Night
True Genres: Comedy/Drama/Romance
Pred Genres: Drama/Mystery/Action/Thriller

Film Title: Jude
True Genres: Drama/Romance
Pred Genres: Drama/Romance

Film Title: Harry Potter and the Prisoner of Azkaban
True Genres: Adventure/Family/Fantasy/Mystery
Pred Genres: Horror/Mystery/Thriller/Fantasy

Film Title: Scarlet Diva
True Genres: Drama
Pred Genres: Crime

Film Title: Poolhall Junkies
True Genres: Comedy/Drama/Sport/Thriller
Pred Genres: Drama

Film Title: Hoogste tijd
True Genres: Drama
Pred Genres: Drama

Film Title: Platoon
True Genres: Drama/War
Pred Genres: Drama

Film Title: In Enemy Hands
True Genres: Drama/Thriller/War/Action
Pred Genres: Drama/Romance/Biography/History/War

Film Title: Shaft
True Genres: Action/Crime/Thriller
Pred Genres: 

Film Title: The Amityville Horror
True Genres: Horror
Pred Genres: Drama

Film Title: Kiss Me, Guido
True Genres: Comedy
Pred Genres: Comedy/Action/Family

Film Title: Almost an Angel
True Genres: Comedy/Drama
Pred Genres: Drama

Film Title: The Ghost and the Darkness
True Genres: Adventure/Drama/Thriller
Pred Genres: Drama/Adventure/War

Film Title: Pumpkinhead
True Genres: Fantasy/Horror
Pred Genres: Sci-Fi/Adventure/Thriller/Fantasy

Film Title: The Land Girls
True Genres: Drama/Romance/War
Pred Genres: Drama/Adventure/History/War

Film Title: Game Over: Kasparov and the Machine
True Genres: Documentary
Pred Genres: Comedy/Drama

Film Title: Rio Bravo
True Genres: Action/Drama/Western
Pred Genres: Comedy

Film Title: Winter Sleepers
True Genres: Drama/Romance/Thriller
Pred Genres: Comedy

Film Title: Jack Frost
True Genres: Comedy/Fantasy/Horror
Pred Genres: Horror

Film Title: A Beautiful Mind
True Genres: Biography/Drama
Pred Genres: Drama/War

Film Title: Dreaming of Joseph Lees
True Genres: Romance/Drama
Pred Genres: Drama

Film Title: The Saragossa Manuscript
True Genres: Comedy/Drama/Fantasy
Pred Genres: Drama

Film Title: Around the World in 80 Days
True Genres: Action/Adventure/Comedy/Family/Western
Pred Genres: Drama/Adventure/Family/War/Animation

Film Title: Into the Night
True Genres: Action/Comedy/Crime/Drama/Romance/Thriller
Pred Genres: Comedy/Romance

Film Title: Veer-Zaara
True Genres: Drama/Family/Musical/Romance
Pred Genres: Drama

Film Title: Begotten
True Genres: Fantasy/Horror
Pred Genres: Horror/Mystery/Thriller

Film Title: The Girl
True Genres: Drama/Mystery/Romance
Pred Genres: Drama/Mystery/Crime/Thriller

Film Title: Suspended Animation
True Genres: Thriller
Pred Genres: Drama/Romance/Thriller

Film Title: Limbo
True Genres: Adventure/Drama/Thriller
Pred Genres: Drama/Mystery/Fantasy

Film Title: The Return of the Musketeers
True Genres: Action/Adventure/Comedy/Romance
Pred Genres: Sci-Fi/Comedy/Adventure/Action/Family/Animation

Film Title: Ernest in the Army
True Genres: Family/Comedy
Pred Genres: Comedy/Western

Film Title: Emerald Cowboy
True Genres: Documentary/Drama
Pred Genres: Horror

Film Title: The Return
True Genres: Drama
Pred Genres: Drama/Adventure

Film Title: Unstrung Heroes
True Genres: Comedy/Drama
Pred Genres: Horror/Sci-Fi/Mystery/Thriller

Film Title: Birdy
True Genres: Drama/War
Pred Genres: 

Film Title: On_Line
True Genres: Drama
Pred Genres: Comedy/Drama/Romance

Film Title: Catch Me If You Can
True Genres: Biography/Crime/Drama
Pred Genres: Drama/Action/Thriller

Film Title: Girl Crazy
True Genres: Comedy/Musical/Romance
Pred Genres: Comedy/Romance/Western

Film Title: The Hand of Death
True Genres: Action/Drama
Pred Genres: Fantasy

Film Title: Dead Man on Campus
True Genres: Comedy
Pred Genres: Drama

Film Title: Jaws 3-D
True Genres: Adventure/Horror/Thriller
Pred Genres: Sci-Fi/Adventure/Action/Family/Fantasy/Animation

Film Title: On a Clear Day You Can See Forever
True Genres: Comedy/Drama/Fantasy/Musical/Romance
Pred Genres: Comedy/Family/Fantasy

Film Title: How to Succeed in Business Without Really Trying
True Genres: Comedy/Musical
Pred Genres: Comedy

Film Title: The Big Sleep
True Genres: Crime/Film-Noir/Mystery/Thriller
Pred Genres: Drama/Romance

Film Title: Blood In, Blood Out
True Genres: Crime/Drama
Pred Genres: Drama/Action/Thriller

Film Title: Don't Say a Word
True Genres: Drama/Mystery/Thriller
Pred Genres: Drama/Mystery/Thriller

Film Title: The Night of the Following Day
True Genres: Action/Crime/Drama/Thriller
Pred Genres: Drama/Thriller

Film Title: Damage
True Genres: Drama/Romance
Pred Genres: Drama

Film Title: The Pursuit of D.B. Cooper
True Genres: Adventure/Crime/Thriller
Pred Genres: Comedy/Drama

Film Title: Silent Movie
True Genres: Comedy
Pred Genres: Sci-Fi/Thriller

Film Title: The Man Who Cried
True Genres: Drama/Music/Romance/War
Pred Genres: Drama

Film Title: The Scarlet Letter
True Genres: Drama/Romance
Pred Genres: Drama

Film Title: Cattle Queen of Montana
True Genres: Action/Romance/Western
Pred Genres: Comedy

Film Title: The Barretts of Wimpole Street
True Genres: Biography/Drama/Romance
Pred Genres: Drama/Adventure

Film Title: The Velocity of Gary
True Genres: Comedy/Drama/Romance
Pred Genres: Adventure

Film Title: Jules and Jim
True Genres: Drama/Romance
Pred Genres: Drama/Romance

Film Title: The Salton Sea
True Genres: Crime/Drama/Mystery/Thriller
Pred Genres: Horror/Sci-Fi/Adventure/Action

Film Title: Above Suspicion
True Genres: Drama/Thriller
Pred Genres: Drama

Film Title: Batman Returns
True Genres: Action/Crime/Fantasy
Pred Genres: Horror/Mystery/Thriller

Film Title: The Fluffer
True Genres: Drama/Comedy/Romance
Pred Genres: Drama

Film Title: Homage
True Genres: Drama/Thriller
Pred Genres: Comedy/Romance

Film Title: My Favorite Blonde
True Genres: Comedy
Pred Genres: Comedy/Romance

Film Title: Fame
True Genres: Drama/Music/Musical
Pred Genres: Drama/Romance

Film Title: Bad Girls
True Genres: Action/Adventure/Romance/Western
Pred Genres: Adventure/Action/War/Western

Film Title: The Molly Maguires
True Genres: Drama/History
Pred Genres: Adventure/Western

Film Title: Big Eden
True Genres: Comedy/Drama/Romance
Pred Genres: Comedy/Drama

Film Title: Baxter
True Genres: Comedy/Drama/Horror
Pred Genres: Comedy

Film Title: Species II
True Genres: Action/Horror/Sci-Fi/Thriller
Pred Genres: Horror/Sci-Fi/Action/Thriller/Fantasy

Film Title: House Party 2
True Genres: Comedy/Drama/Music/Romance
Pred Genres: Adventure/Action

Film Title: Love Don't Cost a Thing
True Genres: Comedy/Romance/Drama
Pred Genres: Comedy/Romance

Film Title: Peter-No-Tail
True Genres: Animation/Comedy/Drama/Family
Pred Genres: 

Film Title: The Debt
True Genres: Drama/Crime/Thriller
Pred Genres: Comedy/Drama/Romance

Film Title: The Chipmunk Adventure
True Genres: Animation/Adventure/Comedy/Family/Fantasy/Musical
Pred Genres: Adventure/Musical/Romance/Family/Fantasy/Animation

Film Title: Bio-Dome
True Genres: Comedy
Pred Genres: Sci-Fi/Comedy/Adventure

Film Title: The Country Girl
True Genres: Drama/Music
Pred Genres: Drama/Romance

Film Title: Nowhere to Run
True Genres: Action/Drama/Romance/Thriller
Pred Genres: Drama

Film Title: Dirty Rotten Scoundrels
True Genres: Comedy/Crime
Pred Genres: Comedy/Crime

Film Title: The Cement Garden
True Genres: Drama
Pred Genres: Adventure/Family/Fantasy

Film Title: The Hunt for Red October
True Genres: Action/Adventure/Thriller
Pred Genres: Horror/Drama/Mystery/Crime/Thriller

Film Title: Attack the Gas Station!
True Genres: Comedy
Pred Genres: Comedy/Drama

Film Title: A Great Day in Harlem
True Genres: Documentary/Music
Pred Genres: 

Film Title: What Alice Found
True Genres: Crime/Drama
Pred Genres: Comedy/Drama/Romance

Film Title: Clockwise
True Genres: Comedy
Pred Genres: Drama/Mystery/Thriller

Film Title: The King of Comedy
True Genres: Comedy/Crime/Drama/Thriller
Pred Genres: Comedy/Drama/Family

Film Title: Carrie
True Genres: Horror
Pred Genres: Drama/Action/Thriller

Film Title: The Lone Ranger and the Lost City of Gold
True Genres: Western
Pred Genres: Drama/War

Film Title: The Killers
True Genres: Crime/Drama/Film-Noir/Mystery
Pred Genres: Drama/Romance

Film Title: The Women
True Genres: Comedy/Drama
Pred Genres: Romance/Action

Film Title: Monty Python's Life of Brian
True Genres: Comedy
Pred Genres: Comedy/Action

Film Title: Malena
True Genres: Comedy/Drama/Romance/War
Pred Genres: Comedy/Romance

Film Title: The Ballad of Little Jo
True Genres: Drama/Romance/Western
Pred Genres: Horror

Film Title: Two Moon Junction
True Genres: Drama/Romance
Pred Genres: Drama

Film Title: Proof of Life
True Genres: Action/Drama/Thriller
Pred Genres: Drama/Crime/Thriller

Film Title: Zero Kelvin
True Genres: Drama
Pred Genres: 

Film Title: 2010
True Genres: Adventure/Mystery/Sci-Fi/Thriller
Pred Genres: Drama/Thriller

Film Title: Simon Birch
True Genres: Comedy/Drama/Family
Pred Genres: Drama/Romance

Film Title: Sons of the Desert
True Genres: Comedy
Pred Genres: Drama

Film Title: Cliffhanger
True Genres: Action/Adventure/Thriller
Pred Genres: Drama/Adventure

Film Title: For All Mankind
True Genres: Documentary/History
Pred Genres: Drama

Film Title: Dear Jesse
True Genres: Documentary
Pred Genres: Drama/Mystery/Crime/Thriller

Film Title: American Women
True Genres: Comedy
Pred Genres: Comedy

Film Title: Oh, God!
True Genres: Comedy/Fantasy
Pred Genres: Comedy/Family

Film Title: Waking the Dead
True Genres: Drama/Mystery/Romance/Thriller
Pred Genres: Drama/Thriller

Film Title: The Garden of Allah
True Genres: Adventure/Drama/Romance
Pred Genres: Drama/Romance/Mystery/Crime/Thriller

Film Title: Mr. Baseball
True Genres: Comedy/Romance/Sport
Pred Genres: Comedy/Crime

Film Title: Once Upon a Time in the West
True Genres: Western
Pred Genres: Drama/Romance/Western

Film Title: Revenge of the Nerds II: Nerds in Paradise
True Genres: Comedy
Pred Genres: Sci-Fi/Comedy/Adventure/Action/Family/Fantasy

Film Title: The Matrix
True Genres: Action/Sci-Fi
Pred Genres: Drama/Action/Crime/Thriller

Film Title: The Inheritance
True Genres: Drama
Pred Genres: Drama

Film Title: Beijing Bicycle
True Genres: Drama
Pred Genres: Drama/Thriller

Film Title: Agent Cody Banks
True Genres: Action/Adventure/Comedy/Crime/Family/Romance/Thriller
Pred Genres: Comedy/Action

Film Title: Father of the Bride
True Genres: Comedy/Family/Romance
Pred Genres: Comedy/Drama/Romance

Film Title: The Tailor of Panama
True Genres: Comedy/Drama/Thriller
Pred Genres: Thriller

Film Title: The Quick and the Dead
True Genres: Action/Romance/Thriller/Western
Pred Genres: 

Film Title: Class Trip
True Genres: Drama/Mystery
Pred Genres: Drama/Romance

Film Title: Deal of the Century
True Genres: Comedy/Crime
Pred Genres: Comedy/Romance/Mystery

Film Title: Dungeons & Dragons
True Genres: Action/Adventure/Fantasy
Pred Genres: Adventure/Action/Family/Fantasy

Film Title: Last Summer
True Genres: Drama
Pred Genres: Drama

Film Title: The Unbelievable Truth
True Genres: Comedy/Drama/Romance
Pred Genres: Drama

Film Title: A Foreign Affair
True Genres: Comedy/Drama/Romance
Pred Genres: Romance

Film Title: Crimes and Misdemeanors
True Genres: Comedy/Drama
Pred Genres: Drama

Film Title: School for Scoundrels
True Genres: Comedy
Pred Genres: Drama/Mystery/Thriller

Film Title: The Break
True Genres: Drama/Romance/Thriller
Pred Genres: Drama/Mystery/Crime/Thriller

Film Title: Friday the 13th Part VII: The New Blood
True Genres: Horror/Thriller
Pred Genres: Horror/Sci-Fi/Thriller

Film Title: Tokyo Fist
True Genres: Action/Drama/Thriller
Pred Genres: Drama

Film Title: Riding the Bullet
True Genres: Horror/Thriller
Pred Genres: Drama

Film Title: The Apartment
True Genres: Comedy/Drama/Romance
Pred Genres: Comedy/Romance

Film Title: Birthday Girl
True Genres: Comedy/Crime/Thriller
Pred Genres: Drama/Mystery/Crime/Thriller

Film Title: Force of Evil
True Genres: Crime/Drama/Film-Noir
Pred Genres: Thriller

Film Title: The Mummy's Ghost
True Genres: Fantasy/Horror
Pred Genres: Horror/Family/Fantasy/Animation

Film Title: The Human Stain
True Genres: Drama/Romance/Thriller
Pred Genres: Drama/Mystery/Thriller

Film Title: McHale's Navy
True Genres: Action/Comedy
Pred Genres: Comedy/Drama/War

Film Title: En compagnie d'Antonin Artaud
True Genres: Biography/Drama
Pred Genres: Drama/Romance

Film Title: Zachariah
True Genres: Comedy/Drama/Musical/Western
Pred Genres: Drama/Adventure/Musical/Romance/Family/Fantasy/Animation

Film Title: Demetrius and the Gladiators
True Genres: Action/Drama/History
Pred Genres: Drama/War

Film Title: Nighthawks
True Genres: Action/Crime/Thriller
Pred Genres: Horror/Drama/Thriller

Film Title: Crush
True Genres: Drama
Pred Genres: 

Film Title: Human Resources
True Genres: Comedy/Drama
Pred Genres: Drama

Film Title: The Thirteenth Floor
True Genres: Mystery/Sci-Fi/Thriller
Pred Genres: Sci-Fi/Drama/Thriller

Film Title: Little Nemo: Adventures in Slumberland
True Genres: Animation/Adventure/Comedy/Family/Fantasy
Pred Genres: Adventure/Musical/Romance/Family/Fantasy/Animation

Film Title: I Love You to Death
True Genres: Comedy/Crime
Pred Genres: Comedy/Action

Film Title: Get Carter
True Genres: Action/Crime/Thriller
Pred Genres: Drama

Film Title: Looking for Richard
True Genres: Documentary/Drama
Pred Genres: Horror/Sci-Fi/Mystery/Fantasy

Film Title: Under the Sand
True Genres: Drama/Mystery
Pred Genres: Drama/Mystery/Thriller

Film Title: The Revolution Will Not Be Televised
True Genres: Documentary
Pred Genres: 

Film Title: The Silence
True Genres: Drama
Pred Genres: Drama

Film Title: The Blob
True Genres: Horror/Sci-Fi
Pred Genres: Drama/Action

Film Title: Hype!
True Genres: Documentary/History/Music
Pred Genres: Drama

Film Title: Samurai
True Genres: Action
Pred Genres: Sci-Fi/Adventure/Action

Film Title: Etoiles: Dancers of the Paris Opera Ballet
True Genres: Documentary/Music
Pred Genres: Drama/Romance

Film Title: Punchline
True Genres: Comedy/Drama/Romance
Pred Genres: Comedy/Crime

Film Title: Book of Love
True Genres: Comedy/Romance
Pred Genres: Comedy/Romance

Film Title: Zombie
True Genres: Horror
Pred Genres: Horror/Sci-Fi/Thriller

Film Title: Faces
True Genres: Drama
Pred Genres: Drama/Romance

Film Title: Blue Thunder
True Genres: Action/Crime/Drama/Sci-Fi/Thriller
Pred Genres: Horror/Sci-Fi/Thriller

Film Title: Picture Perfect
True Genres: Comedy/Drama/Romance
Pred Genres: Comedy

Film Title: Reality Bites
True Genres: Comedy/Drama/Romance
Pred Genres: Drama/Romance

Film Title: Basket Case 3
True Genres: Comedy/Horror
Pred Genres: Horror

Film Title: The Wrong Guys
True Genres: Comedy
Pred Genres: Drama/Action/Crime

Film Title: Men with Guns
True Genres: Adventure/Drama
Pred Genres: 

Film Title: Safe Conduct
True Genres: Biography/Drama/History/War
Pred Genres: Drama/War

Film Title: The Astronaut's Wife
True Genres: Drama/Sci-Fi/Thriller
Pred Genres: Drama/Romance/Thriller

Film Title: Zelary
True Genres: Drama/Romance/War
Pred Genres: Drama/Romance

Film Title: Silent Night, Deadly Night
True Genres: Horror/Thriller
Pred Genres: Sci-Fi/Action

Film Title: Delta of Venus
True Genres: Drama
Pred Genres: Drama/Romance

Film Title: Goldfinger
True Genres: Action/Adventure/Thriller
Pred Genres: Drama

Film Title: Amores Perros
True Genres: Drama/Thriller
Pred Genres: Drama/Thriller

Film Title: Sherlock Holmes and the Secret Weapon
True Genres: Adventure/Crime/Drama/Mystery/Thriller
Pred Genres: Drama/History/War

Film Title: Hellraiser: Inferno
True Genres: Crime/Horror/Mystery/Thriller
Pred Genres: Horror/Drama

Film Title: What the #$*! Do We (K)now!?
True Genres: Documentary/Comedy/Drama/Fantasy/Mystery/Sci-Fi
Pred Genres: Drama/Adventure/Thriller/Fantasy

Film Title: Dangerous Beauty
True Genres: Biography/Drama/Romance
Pred Genres: Drama/Romance

Film Title: They Made Me a Criminal
True Genres: Crime/Drama/Film-Noir/Sport
Pred Genres: Horror

Film Title: Far from Heaven
True Genres: Drama/Romance
Pred Genres: Drama/Biography/History

Film Title: Pump Up the Volume
True Genres: Comedy/Drama/Music
Pred Genres: Drama

Film Title: Gladiator
True Genres: Action/Adventure/Drama
Pred Genres: Drama/Action/Thriller

Film Title: Wake of the Red Witch
True Genres: Action/Adventure/Romance
Pred Genres: Drama

Film Title: Buck and the Preacher
True Genres: Adventure/Drama/Western
Pred Genres: Drama/Romance/War

Film Title: Blackboards
True Genres: Drama/War
Pred Genres: Drama/Romance

Film Title: The Gingerbread Man
True Genres: Crime/Mystery/Thriller
Pred Genres: Drama/Action

Film Title: Dog Soldiers
True Genres: Action/Horror/Thriller
Pred Genres: Horror/Sci-Fi/Thriller

Film Title: Gus
True Genres: Comedy/Family/Sport
Pred Genres: Comedy/Adventure/Family/Animation

Film Title: Cold Mountain
True Genres: Adventure/Drama/History/Romance/War
Pred Genres: Drama/Adventure/War

Film Title: Premature Burial
True Genres: Drama/Horror/Mystery/Thriller
Pred Genres: Drama

Film Title: Steam: The Turkish Bath
True Genres: Drama/Romance
Pred Genres: Drama/Mystery/Crime/Thriller

Film Title: Demon Seed
True Genres: Horror/Sci-Fi
Pred Genres: Drama/Mystery/Thriller

Film Title: Fuzz
True Genres: Action/Comedy/Crime/Drama/Mystery/Thriller
Pred Genres: Comedy

Film Title: Murder in the First
True Genres: Drama/Thriller
Pred Genres: Drama/Action/Thriller

Film Title: Transylvania 6-5000
True Genres: Comedy/Fantasy/Horror
Pred Genres: Horror

Film Title: Against All Odds
True Genres: Action/Adventure/Crime/Drama/Romance/Thriller
Pred Genres: Drama

Film Title: Nemesis 2: Nebula
True Genres: Action/Sci-Fi/Thriller
Pred Genres: Sci-Fi/Adventure/Action/Thriller

Film Title: Hybrid
True Genres: Documentary/Biography
Pred Genres: Comedy

Film Title: The Song of Bernadette
True Genres: Biography/Drama
Pred Genres: Comedy

Film Title: The Snow Queen
True Genres: Family/Fantasy
Pred Genres: Romance

Film Title: Advise & Consent
True Genres: Drama/Thriller
Pred Genres: Drama/Crime/Thriller

Film Title: Down by Law
True Genres: Comedy/Crime/Drama
Pred Genres: Drama/Thriller

Film Title: Solaris
True Genres: Drama/Mystery/Sci-Fi
Pred Genres: Drama/Romance

Film Title: I'll Be There
True Genres: Comedy/Musical/Romance
Pred Genres: Sci-Fi/Comedy/Family

Film Title: The Octagon
True Genres: Action/Drama/Romance/Thriller
Pred Genres: Horror

Film Title: The Fog
True Genres: Horror/Thriller
Pred Genres: Horror/Sci-Fi/Thriller

Film Title: Shadow Magic
True Genres: Drama/History/Romance
Pred Genres: Drama/Romance

Film Title: I.Q.
True Genres: Comedy/Romance
Pred Genres: Comedy/Drama/Romance

Film Title: Bells Are Ringing
True Genres: Comedy/Musical/Romance
Pred Genres: Comedy/Drama/Romance

Film Title: Made
True Genres: Comedy/Crime/Drama
Pred Genres: Drama

Film Title: After the Fox
True Genres: Comedy/Crime
Pred Genres: Comedy/Drama/Romance

Film Title: Dos crímenes
True Genres: Comedy/Crime/Drama
Pred Genres: Comedy/Adventure/Family/Animation

Film Title: Brief Crossing
True Genres: Comedy/Drama/Romance
Pred Genres: Drama

Film Title: Knightriders
True Genres: Action/Drama
Pred Genres: Sci-Fi/Adventure/Action/Animation

Film Title: The Object of My Affection
True Genres: Comedy/Drama/Romance
Pred Genres: Drama/Romance

Film Title: Planet of the Vampires
True Genres: Action/Adventure/Family/Horror/Sci-Fi
Pred Genres: Sci-Fi/Adventure/Action/Animation

Film Title: Judy Berlin
True Genres: Comedy/Drama
Pred Genres: Drama

Film Title: At Play in the Fields of the Lord
True Genres: Drama/Romance
Pred Genres: Drama/Romance

Film Title: Bang Bang You're Dead
True Genres: Crime/Drama/Thriller
Pred Genres: Drama/Action/Crime/Thriller

Film Title: Torremolinos 73
True Genres: Comedy/Drama
Pred Genres: Comedy/Drama/Romance

Film Title: Becket
True Genres: Biography/Drama/History
Pred Genres: Comedy/Music

Film Title: Restless
True Genres: Drama/Romance
Pred Genres: Drama

Film Title: First Desires
True Genres: Drama/Romance
Pred Genres: Comedy/Drama/Romance

Film Title: Muppet Treasure Island
True Genres: Action/Adventure/Comedy/Family/Musical/Romance
Pred Genres: Adventure/Musical/Family/Fantasy

Film Title: Bedknobs and Broomsticks
True Genres: Animation/Adventure/Comedy/Family/Fantasy/Musical
Pred Genres: Comedy/Adventure/Family/Fantasy

Film Title: Battleground
True Genres: Action/Drama/History/War
Pred Genres: Drama/Action/History/War

Film Title: The Daytrippers
True Genres: Comedy/Drama
Pred Genres: Drama/Romance/War

Film Title: Funny Girl
True Genres: Biography/Comedy/Drama/Musical/Romance
Pred Genres: Drama/Romance

Film Title: Regret to Inform
True Genres: Documentary/War
Pred Genres: Drama

Film Title: Navy Seals
True Genres: Action/Adventure/Thriller
Pred Genres: Adventure/Action/Fantasy/Animation

Film Title: Fraternity Vacation
True Genres: Comedy
Pred Genres: Drama/Romance

Film Title: The Cincinnati Kid
True Genres: Drama
Pred Genres: Drama/Thriller

Film Title: All Night Long
True Genres: Comedy/Drama/Romance
Pred Genres: Comedy/Drama/Romance

Film Title: The Ten Commandments
True Genres: Adventure/Drama
Pred Genres: Drama/Adventure/Action/War

Film Title: The 39 Steps
True Genres: Crime/Mystery/Thriller
Pred Genres: Drama/Adventure/Romance

Film Title: Salaam Bombay!
True Genres: Crime/Drama
Pred Genres: Drama

Film Title: Fade to Black
True Genres: Documentary
Pred Genres: Drama/Mystery/Crime/Thriller

Film Title: Pépé le Moko
True Genres: Crime/Drama/Romance
Pred Genres: Drama/Romance

Film Title: The Shopworn Angel
True Genres: Drama/Romance/War
Pred Genres: Drama/Romance

Film Title: Samurai II: Duel at Ichijoji Temple
True Genres: Action/Adventure/Biography/Drama/History
Pred Genres: Drama/Adventure/War

Film Title: Insomnia
True Genres: Crime/Mystery/Thriller
Pred Genres: Drama

Film Title: Godzilla, Mothra and King Ghidorah: Giant Monsters All-Out Attack
True Genres: Action/Adventure/Drama/Fantasy/Horror/Sci-Fi/Thriller
Pred Genres: Horror

Film Title: Mother Lode
True Genres: Adventure/Mystery/Thriller
Pred Genres: Horror/Sci-Fi/Adventure

Film Title: Only Angels Have Wings
True Genres: Adventure/Drama/Romance
Pred Genres: Drama

Film Title: The Secret Life of Girls
True Genres: Comedy/Drama
Pred Genres: Comedy/Romance

Film Title: Cat People
True Genres: Fantasy/Horror/Thriller
Pred Genres: Drama/Adventure/Mystery

Film Title: I'm Not Scared
True Genres: Crime/Drama/Mystery/Thriller
Pred Genres: Drama/Thriller

Film Title: Year of the Dragon
True Genres: Action/Crime/Drama/Thriller
Pred Genres: Drama

Film Title: Lethal Weapon 3
True Genres: Action/Crime/Thriller
Pred Genres: Comedy/Action

Film Title: The Blue Max
True Genres: Action/Drama/Romance/War
Pred Genres: Adventure/Action/War

Film Title: Cabaret Balkan
True Genres: Drama
Pred Genres: Sci-Fi/Adventure/Action

Film Title: Something Wild
True Genres: Comedy/Crime/Romance/Thriller
Pred Genres: Comedy/Romance

Film Title: Harley Davidson and the Marlboro Man
True Genres: Action/Crime/Drama/Thriller/Western
Pred Genres: Western

Film Title: Invaders from Mars
True Genres: Horror/Sci-Fi
Pred Genres: Sci-Fi/Adventure

Film Title: To Kill a Mockingbird
True Genres: Crime/Drama
Pred Genres: Drama

Film Title: JFK
True Genres: Drama/History/Thriller
Pred Genres: Drama

Film Title: Slaughterhouse
True Genres: Comedy/Horror
Pred Genres: Adventure/Action/Fantasy

Film Title: Practical Magic
True Genres: Comedy/Drama/Fantasy/Romance
Pred Genres: Drama

Film Title: Cat Chaser
True Genres: Crime/Drama/Thriller
Pred Genres: Comedy/Drama/Romance

Film Title: Blue Velvet
True Genres: Drama/Mystery/Thriller
Pred Genres: Drama/Romance

Film Title: The Gift
True Genres: Drama/Fantasy/Horror/Mystery
Pred Genres: Drama

Film Title: Road to Zanzibar
True Genres: Adventure/Comedy/Musical/Romance
Pred Genres: Comedy

Film Title: Earth
True Genres: Drama/Romance
Pred Genres: Drama

Film Title: My Favorite Wife
True Genres: Comedy/Romance
Pred Genres: Drama/Romance/War

Film Title: Stuart Little
True Genres: Adventure/Comedy/Family/Fantasy
Pred Genres: Comedy/Drama/Adventure/Action

Film Title: Satisfaction
True Genres: Comedy/Music/Romance
Pred Genres: Comedy/Drama/Romance

Film Title: Destination Tokyo
True Genres: Adventure/History/War
Pred Genres: Adventure/Action/Western

Film Title: Water Drops on Burning Rocks
True Genres: Comedy/Drama/Romance
Pred Genres: Drama

Film Title: Shrek
True Genres: Animation/Adventure/Comedy/Family/Fantasy
Pred Genres: Comedy/Musical/Family

Film Title: People I Know
True Genres: Crime/Drama
Pred Genres: Drama/Action/Thriller

Film Title: The Perfect Score
True Genres: Comedy/Crime
Pred Genres: Comedy

Film Title: L'ennui
True Genres: Romance/Drama
Pred Genres: Drama

Film Title: Kamikaze Girls
True Genres: Comedy
Pred Genres: Family/Fantasy

Film Title: Snow Dogs
True Genres: Adventure/Comedy/Family/Sport
Pred Genres: Comedy/Mystery/Family/Fantasy

Film Title: The Visit
True Genres: Drama
Pred Genres: Drama/Thriller

Film Title: EuroTrip
True Genres: Comedy
Pred Genres: Comedy

Film Title: Flying Leathernecks
True Genres: Action/Drama/War
Pred Genres: Sci-Fi/Adventure/Action/Thriller

Film Title: Spanish Fly
True Genres: Comedy/Romance
Pred Genres: Comedy

Film Title: Last Dance
True Genres: Drama/Thriller
Pred Genres: Drama/Romance/Mystery/Thriller

Film Title: A Life Less Ordinary
True Genres: Comedy/Crime/Fantasy/Romance
Pred Genres: Comedy/Romance

Film Title: Butch and Sundance: The Early Days
True Genres: Comedy/Western
Pred Genres: Drama/Romance

Film Title: A Patch of Blue
True Genres: Drama/Romance
Pred Genres: 

Film Title: Mothra vs. Godzilla
True Genres: Action/Adventure/Fantasy/Sci-Fi
Pred Genres: Comedy/Musical/Family

Film Title: Run Ronnie Run
True Genres: Comedy
Pred Genres: Horror/Sci-Fi/Comedy

Film Title: The Man Who Loved Women
True Genres: Comedy/Drama/Romance
Pred Genres: Drama/Adventure/Romance/Mystery

Film Title: Sällskapsresan eller Finns det svenskt kaffe på grisfesten
True Genres: Comedy
Pred Genres: Comedy/Action

Film Title: The Meteor Man
True Genres: Action/Comedy/Fantasy/Sci-Fi
Pred Genres: Horror/Sci-Fi

Film Title: Fellini Satyricon
True Genres: Drama/Fantasy/History
Pred Genres: Drama/Adventure/Romance/History/War

Film Title: Foxy Brown
True Genres: Action/Crime/Thriller
Pred Genres: Comedy/Romance

Film Title: The Blood Spattered Bride
True Genres: Horror
Pred Genres: Drama/Action

Film Title: Zombie Lake
True Genres: Action/Horror
Pred Genres: Adventure

Film Title: Martin
True Genres: Drama/Horror
Pred Genres: Comedy

Film Title: The Iron Giant
True Genres: Animation/Action/Adventure/Comedy/Drama/Family/Sci-Fi
Pred Genres: Drama/Action

Film Title: Of Human Bondage
True Genres: Drama/Romance
Pred Genres: Drama

Film Title: Moscow on the Hudson
True Genres: Comedy/Drama/Romance
Pred Genres: Comedy/Action/War

Film Title: The Bostonians
True Genres: Drama/Romance
Pred Genres: Drama

Film Title: Best of the Best II
True Genres: Action/Crime/Drama/Thriller
Pred Genres: Drama/Mystery/Thriller

Film Title: The Grey Zone
True Genres: Drama/History/War
Pred Genres: Drama/Adventure/Action/War

Film Title: Bodigaado Kiba
True Genres: Action/Crime/Drama
Pred Genres: Mystery/Crime/Thriller

Film Title: Never Die Alone
True Genres: Action/Crime/Drama/Thriller
Pred Genres: Drama

Film Title: Baron Blood
True Genres: Horror
Pred Genres: Adventure/Family/Fantasy/Animation

Film Title: Platinum Blonde
True Genres: Comedy/Romance
Pred Genres: Comedy/Romance

Film Title: The Magic Flute
True Genres: Comedy/Fantasy/Music/Romance
Pred Genres: Horror/Drama/Thriller

Film Title: Immortal
True Genres: Animation/Action/Crime/Drama/Sci-Fi
Pred Genres: 

Film Title: Retro Puppet Master
True Genres: Adventure/Fantasy/Horror/Romance/Sci-Fi
Pred Genres: Sci-Fi

Film Title: Amateur
True Genres: Comedy/Crime/Drama/Thriller
Pred Genres: Drama/Romance

Film Title: Born on the Fourth of July
True Genres: Biography/Drama/War
Pred Genres: Drama/Mystery/Crime/Thriller

Film Title: That Obscure Object of Desire
True Genres: Comedy/Drama
Pred Genres: Drama/Thriller

Film Title: Sanjuro
True Genres: Action/Comedy/Crime/Drama/Thriller
Pred Genres: Drama

Film Title: Roadie
True Genres: Comedy/Music
Pred Genres: Drama/Thriller

Film Title: Theater of Blood
True Genres: Comedy/Drama/Horror
Pred Genres: Sci-Fi/Adventure/Action/Fantasy

Film Title: Pirates of the Caribbean: The Curse of the Black Pearl
True Genres: Action/Adventure/Fantasy
Pred Genres: Adventure

Film Title: Cold Creek Manor
True Genres: Drama/Mystery/Thriller
Pred Genres: Drama/Mystery/Fantasy

Film Title: Swept Away
True Genres: Adventure/Comedy/Drama
Pred Genres: Drama

Film Title: The Body
True Genres: Drama/Mystery/Romance/Thriller
Pred Genres: Drama/Mystery/Thriller

Film Title: The Jungle Book
True Genres: Action/Adventure/Family
Pred Genres: Comedy/Family/Fantasy

Film Title: In the Soup
True Genres: Comedy/Drama
Pred Genres: Drama/Crime

Film Title: Mr. Majestyk
True Genres: Action/Crime/Drama/Romance/Thriller
Pred Genres: Adventure/Action

Film Title: Pippi on the Run
True Genres: Adventure/Comedy/Drama/Family
Pred Genres: Sci-Fi/Adventure/Action/Fantasy

Film Title: Connie and Carla
True Genres: Comedy/Crime/Music
Pred Genres: Horror/Sci-Fi

Film Title: Dark Star
True Genres: Comedy/Sci-Fi
Pred Genres: Sci-Fi/Drama/Adventure

Film Title: Milk Money
True Genres: Comedy/Romance
Pred Genres: Comedy

Film Title: Sniper
True Genres: Action/Thriller/War
Pred Genres: Drama/Adventure/Action/War

Film Title: Basquiat
True Genres: Biography/Drama
Pred Genres: Comedy/Drama

Film Title: Life and Nothing But
True Genres: Drama/War
Pred Genres: Drama/Romance

Film Title: Kivenpyörittäjän kylä
True Genres: Comedy/Drama
Pred Genres: Drama

Film Title: The Adventures of Ichabod and Mr. Toad
True Genres: Animation/Comedy/Family/Fantasy/Horror
Pred Genres: Adventure/Family/Fantasy/Animation

Film Title: The Three Musketeers
True Genres: Action/Adventure/Drama/Romance
Pred Genres: Comedy

Film Title: Con Air
True Genres: Action/Crime/Thriller
Pred Genres: Sci-Fi/Drama/Adventure/Action/Thriller

Film Title: Twice Upon a Yesterday
True Genres: Comedy/Drama/Fantasy/Romance
Pred Genres: Comedy/Romance

Film Title: Antwone Fisher
True Genres: Biography/Drama
Pred Genres: Drama/Romance

Film Title: Sleepaway Camp
True Genres: Horror
Pred Genres: Horror/Sci-Fi

Film Title: Deliver Us from Eva
True Genres: Comedy/Drama/Romance
Pred Genres: Comedy/Drama

Film Title: The Piano Player
True Genres: Romance/Drama
Pred Genres: Drama

Film Title: An Affair of Love
True Genres: Drama/Romance
Pred Genres: Drama

Film Title: Hurlyburly
True Genres: Comedy/Drama
Pred Genres: Comedy/Drama/Romance

Film Title: 12 Angry Men
True Genres: Crime/Drama
Pred Genres: Comedy/Drama

Film Title: Charms Zwischenfälle
True Genres: Comedy
Pred Genres: Drama/Action

Film Title: The Last Unicorn
True Genres: Animation/Adventure/Drama/Family/Fantasy
Pred Genres: Adventure/Action/Family/Fantasy/Animation

Film Title: Dream Lover
True Genres: Drama/Mystery/Thriller
Pred Genres: Drama/Romance

Film Title: Boom Town
True Genres: Adventure/Drama/Romance/Western
Pred Genres: Comedy/Drama/Romance

Film Title: Beach Blanket Bingo
True Genres: Comedy/Musical/Romance
Pred Genres: Comedy

Film Title: Thomas in Love
True Genres: Comedy/Drama/Romance
Pred Genres: Comedy

Film Title: Leif
True Genres: Comedy/Musical
Pred Genres: Comedy/Adventure/Action

Film Title: Weeds
True Genres: Drama
Pred Genres: Drama

Film Title: Chunhyang
True Genres: Drama/Musical/Romance
Pred Genres: Drama/Romance

Film Title: Sahara
True Genres: Action/Drama/War
Pred Genres: Comedy

Film Title: Lady Chatterley's Lover
True Genres: Drama/Romance
Pred Genres: Drama/Mystery

Film Title: Steamboat Willie
True Genres: Animation/Short/Comedy/Family/Musical
Pred Genres: Comedy/Drama

Film Title: Forget Paris
True Genres: Comedy/Romance
Pred Genres: Drama/Romance

Film Title: The Jerk
True Genres: Comedy
Pred Genres: Comedy

Film Title: The Cutting Edge
True Genres: Comedy/Drama/Romance/Sport
Pred Genres: Comedy/Romance

Film Title: Providence
True Genres: Drama
Pred Genres: Drama

Film Title: My Wife Is a Gangster
True Genres: Action/Comedy/Crime/Drama/Romance
Pred Genres: Drama/Crime/Thriller

Film Title: Brother
True Genres: Crime/Drama/Romance
Pred Genres: Drama/Action/Thriller

Film Title: Robinson Crusoe
True Genres: Adventure/Drama
Pred Genres: Comedy/Adventure/Action/Fantasy

Film Title: Shrek 2
True Genres: Animation/Adventure/Comedy/Family/Fantasy/Romance
Pred Genres: Comedy/Adventure/Musical/Family/Fantasy/Animation

Film Title: Ladies and Gentlemen, the Fabulous Stains
True Genres: Comedy/Drama/Music
Pred Genres: Drama

Film Title: Mars Attacks!
True Genres: Comedy/Sci-Fi
Pred Genres: Comedy/Adventure/Action/Family/Fantasy/Animation

Film Title: Into the West
True Genres: Adventure/Family/Fantasy
Pred Genres: Sci-Fi/Comedy/Adventure/Action/Family

Film Title: Encino Man
True Genres: Comedy
Pred Genres: Comedy/Drama

Film Title: Maid in Manhattan
True Genres: Comedy/Drama/Romance
Pred Genres: Comedy/Drama/Romance

Film Title: Asylum
True Genres: Horror
Pred Genres: Drama

Film Title: Love Story
True Genres: Drama/Romance
Pred Genres: Drama/Romance

Film Title: Moonstruck
True Genres: Comedy/Drama/Romance
Pred Genres: Adventure/Action/Thriller

Film Title: Margaret's Museum
True Genres: Drama
Pred Genres: Drama/War

Film Title: The Last Detail
True Genres: Comedy/Drama
Pred Genres: Drama

Film Title: Lucky Break
True Genres: Comedy/Crime/Romance
Pred Genres: Comedy/Drama

Film Title: The Philadelphia Experiment
True Genres: Adventure/Drama/Romance/Sci-Fi/Thriller
Pred Genres: Drama/Adventure/Action/War

Film Title: The Taming of the Shrew
True Genres: Comedy/Drama/Romance
Pred Genres: Drama/Adventure/Romance/Biography/Western

Film Title: Dagon
True Genres: Fantasy/Horror/Mystery
Pred Genres: Horror

Film Title: The Damned
True Genres: Drama/War
Pred Genres: Sci-Fi/Adventure/Action/Thriller

Film Title: All the Queen's Men
True Genres: Action/Comedy/Drama/War
Pred Genres: Drama/Mystery/Thriller

Film Title: Beautiful Joe
True Genres: Comedy/Drama
Pred Genres: Mystery/Thriller/Fantasy

Film Title: Alice Adams
True Genres: Comedy/Drama/Romance
Pred Genres: Drama/Romance

Film Title: Volcano
True Genres: Action/Drama/Sci-Fi/Thriller
Pred Genres: Sci-Fi/Adventure/Action/Thriller

Film Title: The Heartbreak Kid
True Genres: Comedy/Drama/Romance
Pred Genres: Comedy/Drama/Romance

Film Title: Belle de Jour
True Genres: Drama/Romance
Pred Genres: Drama

Film Title: Batman: The Movie
True Genres: Adventure/Comedy/Crime/Family
Pred Genres: Comedy/Animation

Film Title: Mr. North
True Genres: Comedy/Drama
Pred Genres: Comedy/Adventure/Family

Film Title: Bring on the Night
True Genres: Documentary/Music
Pred Genres: 

Film Title: Down Periscope
True Genres: Comedy
Pred Genres: Adventure/Romance

Film Title: Moonraker
True Genres: Action/Adventure/Sci-Fi/Thriller
Pred Genres: Adventure/Action

Film Title: Autumn Tale
True Genres: Comedy/Drama/Romance
Pred Genres: Thriller

Film Title: The War Wagon
True Genres: Western
Pred Genres: Comedy/Drama

Film Title: The Young Lions
True Genres: Action/Drama/War
Pred Genres: Drama/Adventure/Action/War

Film Title: Yojimbo
True Genres: Action/Drama/Thriller
Pred Genres: Drama

Film Title: The Governess
True Genres: Drama/Romance
Pred Genres: Drama/Romance

Film Title: Houseguest
True Genres: Comedy
Pred Genres: Comedy/Romance

Film Title: Radioland Murders
True Genres: Comedy/Crime/Drama/Musical/Mystery/Romance
Pred Genres: Comedy/Drama/Romance

Film Title: Father of the Bride Part II
True Genres: Comedy/Family/Romance
Pred Genres: Drama/Romance

Film Title: Shadrach
True Genres: Drama
Pred Genres: Drama/War

Film Title: Rio Grande
True Genres: Romance/Western
Pred Genres: Drama/Thriller

Film Title: Emperor of the North
True Genres: Action/Adventure/Drama/Thriller
Pred Genres: Drama/Action

Film Title: The Night of the Hunter
True Genres: Crime/Drama/Film-Noir/Thriller
Pred Genres: Horror/Drama/Mystery/Thriller

Film Title: The China Syndrome
True Genres: Drama/Thriller
Pred Genres: Drama/Thriller

Film Title: Gas Food Lodging
True Genres: Drama/Romance
Pred Genres: Drama/Musical/Romance

Film Title: Where Sleeping Dogs Lie
True Genres: Crime/Drama/Mystery/Thriller
Pred Genres: Drama/Romance

Film Title: Fandango
True Genres: Comedy/Drama
Pred Genres: Comedy/Action

Film Title: Desperate Measures
True Genres: Action/Crime/Drama/Thriller
Pred Genres: Drama/Thriller

Film Title: Possession
True Genres: Drama/Horror
Pred Genres: Horror/Drama/Fantasy

Film Title: Legal Eagles
True Genres: Comedy/Crime/Romance
Pred Genres: Drama

Film Title: Crossing the Bridge
True Genres: Comedy/Drama
Pred Genres: Comedy/Drama

Film Title: Wild Wild West
True Genres: Action/Comedy/Sci-Fi/Western
Pred Genres: Drama

Film Title: The Warrior
True Genres: Action/Drama/History/War
Pred Genres: Horror/Sci-Fi

Film Title: Hideaway
True Genres: Fantasy/Horror/Thriller
Pred Genres: Drama/Mystery/Thriller

Film Title: The Third Man
True Genres: Film-Noir/Mystery/Thriller
Pred Genres: Horror/Drama/Mystery/Thriller

Film Title: Summer
True Genres: Drama/Romance
Pred Genres: Drama/Thriller

Film Title: Slaughter of the Innocents
True Genres: Crime/Horror/Mystery/Thriller
Pred Genres: Drama/Romance/Western

Film Title: The Birth of a Nation
True Genres: Drama/History/War
Pred Genres: Drama

Film Title: Breathless
True Genres: Crime/Drama
Pred Genres: Drama

Film Title: The Breaks
True Genres: Comedy
Pred Genres: Comedy

Film Title: The Great Ziegfeld
True Genres: Biography/Drama/Musical/Romance
Pred Genres: Comedy/Romance

Film Title: The Pink Panther
True Genres: Comedy/Crime/Romance
Pred Genres: Comedy

Film Title: From Beyond
True Genres: Horror/Sci-Fi
Pred Genres: Sci-Fi/Thriller

Film Title: The Big Chill
True Genres: Comedy/Drama
Pred Genres: Comedy/Drama/Romance

Film Title: Impulse
True Genres: Horror/Mystery/Sci-Fi/Thriller
Pred Genres: Drama

Film Title: With Byrd at the South Pole
True Genres: Documentary/Adventure
Pred Genres: Drama/Adventure/History/War

Film Title: Going Ape!
True Genres: Comedy/Crime/Family/Romance
Pred Genres: Comedy/Crime/Thriller

Film Title: The Boost
True Genres: Drama/Romance
Pred Genres: Comedy/Drama

Film Title: Godzilla
True Genres: Action/Sci-Fi/Thriller
Pred Genres: Sci-Fi/Adventure/Action

Film Title: Bill Cosby: Himself
True Genres: Documentary/Comedy
Pred Genres: Comedy/Drama

Film Title: Up in Smoke
True Genres: Comedy/Music
Pred Genres: Comedy/Drama/Romance

Film Title: Curly Sue
True Genres: Comedy/Drama/Family/Romance
Pred Genres: Drama/Romance

Film Title: Empire Records
True Genres: Comedy/Drama/Music/Romance
Pred Genres: Comedy

Film Title: Spirited Away
True Genres: Animation/Adventure/Family/Fantasy/Mystery
Pred Genres: Comedy/Drama

Film Title: Breakin' All the Rules
True Genres: Comedy/Romance
Pred Genres: Drama

Film Title: Mass Transit
True Genres: Short
Pred Genres: Drama/Thriller

Film Title: I'm Going Home
True Genres: Comedy/Drama
Pred Genres: Drama

Film Title: Fargo
True Genres: Crime/Drama/Thriller
Pred Genres: Comedy/Family/Fantasy

Film Title: House of Frankenstein
True Genres: Fantasy/Horror/Sci-Fi
Pred Genres: Horror

Film Title: Grandview, U.S.A.
True Genres: Drama
Pred Genres: Comedy/Drama/Romance

Film Title: The Killing of Sister George
True Genres: Drama
Pred Genres: Drama/Crime

Film Title: Love the Hard Way
True Genres: Drama/Crime/Romance
Pred Genres: Drama

Film Title: Billy Jack Goes to Washington
True Genres: Drama/Thriller
Pred Genres: Comedy

Film Title: Universal Soldier
True Genres: Action/Sci-Fi
Pred Genres: Drama/Action/Thriller

Film Title: Let's Talk About Sex
True Genres: Drama
Pred Genres: Comedy/Romance

Film Title: A Chinese Ghost Story
True Genres: Action/Fantasy/Horror
Pred Genres: Drama/Adventure/Romance/War/Western

Film Title: Lost Highway
True Genres: Mystery/Thriller
Pred Genres: Horror/Sci-Fi/Adventure

Film Title: Better Living Through Circuitry
True Genres: Documentary/Music
Pred Genres: Sci-Fi

Film Title: Dodgeball
True Genres: Comedy/Sport
Pred Genres: Comedy

Film Title: Nick of Time
True Genres: Action/Crime/Drama/Thriller
Pred Genres: Drama/Thriller

Film Title: Monster's Ball
True Genres: Drama/Romance
Pred Genres: Drama/Crime/Thriller

Film Title: Batman Beyond: Return of the Joker
True Genres: Animation/Action/Crime/Sci-Fi/Thriller
Pred Genres: Adventure/Family/Animation

Film Title: Mogambo
True Genres: Adventure/Drama/Romance
Pred Genres: Comedy/Drama

Film Title: Fitzcarraldo
True Genres: Adventure/Drama
Pred Genres: Horror/Sci-Fi/Thriller

Film Title: Wild Bill
True Genres: Action/Biography/Western
Pred Genres: Horror/Sci-Fi/Mystery/Thriller

Film Title: The Prophecy II
True Genres: Fantasy/Horror/Thriller
Pred Genres: Drama/Romance/Mystery/Thriller

Film Title: Wet Hot American Summer
True Genres: Comedy/Romance
Pred Genres: Comedy

Film Title: Cronos
True Genres: Horror
Pred Genres: Drama

Film Title: Toy Story 2
True Genres: Animation/Adventure/Comedy/Family/Fantasy
Pred Genres: Comedy/Adventure/Musical/Family/Fantasy/Animation

Film Title: King Creole
True Genres: Crime/Drama/Musical
Pred Genres: Comedy/Romance

Film Title: The End of the Affair
True Genres: Drama/Romance
Pred Genres: Drama/Romance

Film Title: 1776
True Genres: Drama/Family/History/Musical
Pred Genres: Adventure/Musical/Family/Western

Film Title: Piglet's Big Movie
True Genres: Animation/Adventure/Comedy/Family/Musical/Mystery
Pred Genres: Comedy/Family

Film Title: Soft Fruit
True Genres: Comedy/Drama
Pred Genres: Drama

Film Title: Spy Kids 3-D: Game Over
True Genres: Action/Adventure/Comedy/Family/Sci-Fi
Pred Genres: Sci-Fi/Comedy/Adventure/Action/Family/Fantasy/Animation

Film Title: Fort Apache the Bronx
True Genres: Crime/Drama
Pred Genres: Adventure/Action/War

Film Title: Joint Security Area
True Genres: Action/Drama/Thriller/War
Pred Genres: Drama/Action/Crime/Thriller

Film Title: Mr 3000
True Genres: Comedy/Drama/Romance/Sport
Pred Genres: Drama

Film Title: Ju-on: The Grudge
True Genres: Horror
Pred Genres: Horror/Mystery/Thriller

Film Title: Fortress
True Genres: Action/Crime/Sci-Fi/Thriller
Pred Genres: Horror/Sci-Fi/Thriller

Film Title: Candyman: Day of the Dead
True Genres: Horror/Thriller
Pred Genres: Horror/Sci-Fi

Film Title: Brigadoon
True Genres: Fantasy/Musical/Romance
Pred Genres: Comedy/Romance

Film Title: Cross of Iron
True Genres: Drama/War
Pred Genres: 

Film Title: Caught Up
True Genres: Crime/Drama/Thriller
Pred Genres: Drama/Mystery

Film Title: Adorenarin doraibu
True Genres: Comedy
Pred Genres: Sci-Fi/Drama/Action/Thriller

Film Title: Night Patrol
True Genres: Comedy
Pred Genres: Comedy/War

Film Title: Lawn Dogs
True Genres: Drama
Pred Genres: Comedy/Drama

Film Title: Porn Star: The Legend of Ron Jeremy
True Genres: Documentary/Biography
Pred Genres: Comedy/Romance

Film Title: Spider-Man 2
True Genres: Action/Adventure/Sci-Fi
Pred Genres: Sci-Fi

Film Title: Condition Red
True Genres: Action/Drama/Thriller
Pred Genres: Horror

Film Title: Licence to Kill
True Genres: Action/Adventure/Thriller
Pred Genres: Drama/Action/Thriller

Film Title: The Mod Squad
True Genres: Action/Crime/Thriller
Pred Genres: Sci-Fi/Adventure/Action/Thriller

Film Title: Bartleby
True Genres: Comedy/Drama/Mystery
Pred Genres: Comedy

Film Title: Revolt of the Zombies
True Genres: Adventure/Horror
Pred Genres: Horror/Sci-Fi

Film Title: Babe: Pig in the City
True Genres: Adventure/Comedy/Drama/Family/Fantasy
Pred Genres: Drama/Adventure/Family/Fantasy

Film Title: Homicide
True Genres: Crime/Drama/Thriller
Pred Genres: Drama

Film Title: The Pentagon Wars
True Genres: Comedy/War
Pred Genres: Comedy

Film Title: I Like It Like That
True Genres: Comedy/Drama/Romance
Pred Genres: Drama/Thriller

Film Title: The Enforcer
True Genres: Crime/Film-Noir/Thriller
Pred Genres: Drama/Romance/Thriller

Film Title: The Lost Skeleton of Cadavra
True Genres: Comedy/Horror/Sci-Fi
Pred Genres: Sci-Fi/Adventure/Fantasy/Animation

Film Title: Campus Man
True Genres: Comedy
Pred Genres: Drama/Romance

Film Title: Impact
True Genres: Crime/Drama/Film-Noir/Thriller
Pred Genres: Action

Film Title: The Motorcycle Diaries
True Genres: Adventure/Biography/Drama
Pred Genres: Drama

Film Title: Blade Runner
True Genres: Action/Sci-Fi/Thriller
Pred Genres: Sci-Fi/Adventure/Action

Film Title: Spencer's Mountain
True Genres: Drama/Family
Pred Genres: Drama/Adventure/Family

Film Title: Torque
True Genres: Action/Comedy/Crime
Pred Genres: Sci-Fi/Adventure/Action/Thriller

Film Title: Duplex
True Genres: Comedy
Pred Genres: Comedy/Western

Film Title: Flipper
True Genres: Adventure/Family
Pred Genres: 

Film Title: Snipes
True Genres: Action/Drama/Music/Mystery/Thriller
Pred Genres: Drama

Film Title: Gods and Generals
True Genres: Biography/Drama/History/War
Pred Genres: Drama/Romance/Thriller

Film Title: Mommie Dearest
True Genres: Biography/Drama
Pred Genres: Drama/Thriller

Film Title: A Man Escaped
True Genres: Drama
Pred Genres: Drama/Action

Film Title: Hear My Song
True Genres: Comedy/Drama/Music
Pred Genres: Comedy/Adventure/Fantasy

Film Title: Zero Day
True Genres: Drama
Pred Genres: Drama/Thriller

Film Title: Children of the Damned
True Genres: Drama/Horror/Mystery/Sci-Fi
Pred Genres: Drama/Romance/Family

Film Title: Louisiana Story
True Genres: Adventure/Drama
Pred Genres: Drama/Mystery/Thriller

Film Title: The Trip to Bountiful
True Genres: Drama
Pred Genres: Drama

Film Title: A Pure Formality
True Genres: Crime/Drama/Thriller
Pred Genres: Drama/Romance

Film Title: Wirey Spindell
True Genres: Comedy
Pred Genres: Drama/Adventure/History/War

Film Title: Just an American Boy
True Genres: Documentary
Pred Genres: Mystery

Film Title: The Waterboy
True Genres: Comedy/Sport
Pred Genres: Adventure/Action

Film Title: The Fifth Musketeer
True Genres: Action/Adventure/Romance
Pred Genres: Sci-Fi/Adventure/Action/Family/Animation

Film Title: Welcome to Mooseport
True Genres: Comedy/Romance
Pred Genres: Comedy

Film Title: Death Wish V: The Face of Death
True Genres: Action/Crime/Drama/Thriller
Pred Genres: Action/Crime/Thriller

Film Title: The Trouble with Girls
True Genres: Comedy/Musical
Pred Genres: Comedy/Romance

Film Title: Waterloo
True Genres: Action/Biography/Drama/History/War
Pred Genres: Drama/Action

Film Title: Going Places
True Genres: Action/Comedy/Crime/Drama
Pred Genres: Comedy/Drama/Adventure/Action

Film Title: Them!
True Genres: Horror/Sci-Fi
Pred Genres: Adventure/Action

Film Title: 1, 2, 3, Freeze
True Genres: Comedy/Drama
Pred Genres: Drama

Film Title: A Sunday in the Country
True Genres: Drama
Pred Genres: Drama

Film Title: The Ballad of Cable Hogue
True Genres: Comedy/Drama/Romance/Western
Pred Genres: Drama/Adventure/Romance/War/Western

Film Title: The Brother from Another Planet
True Genres: Comedy/Sci-Fi
Pred Genres: Horror/Sci-Fi/Fantasy

Film Title: The Night of the Shooting Stars
True Genres: Drama/Fantasy/Romance/War
Pred Genres: Drama/Romance

Film Title: Harold & Kumar Go to White Castle
True Genres: Adventure/Comedy
Pred Genres: Comedy/Romance

Film Title: Everyone Says I Love You
True Genres: Comedy/Musical/Romance
Pred Genres: Drama

Film Title: The Diary of Anne Frank
True Genres: Biography/Drama/Family/History/War
Pred Genres: Comedy/Drama

Film Title: The Wood
True Genres: Comedy/Drama/Romance
Pred Genres: Comedy

Film Title: Love and Death on Long Island
True Genres: Comedy/Drama
Pred Genres: Comedy/Drama

Film Title: Identity
True Genres: Mystery/Thriller
Pred Genres: Drama/Thriller

Film Title: House
True Genres: Comedy/Fantasy/Horror
Pred Genres: Horror/Sci-Fi/Mystery/Fantasy

Film Title: 11:14
True Genres: Crime/Drama/Mystery/Thriller
Pred Genres: Drama/Thriller

Film Title: Foxfire
True Genres: Drama
Pred Genres: Comedy/Romance

Film Title: The Prime of Miss Jean Brodie
True Genres: Comedy/Drama/Romance
Pred Genres: Drama/Romance

Film Title: Head-On
True Genres: Drama/Romance
Pred Genres: Drama

Film Title: Pat Garrett & Billy the Kid
True Genres: Biography/Drama/Western
Pred Genres: Drama/Western

Film Title: Pay It Forward
True Genres: Drama
Pred Genres: Drama

Film Title: The First Deadly Sin
True Genres: Crime/Thriller
Pred Genres: Drama/Crime/Thriller

Film Title: Siddhartha
True Genres: Drama/Mystery
Pred Genres: Horror/Drama/Thriller

Film Title: From Here to Eternity
True Genres: Drama/Romance/War
Pred Genres: Drama/Family

Film Title: Aberdeen
True Genres: Drama
Pred Genres: Drama

Film Title: Splatter University
True Genres: Horror/Mystery/Thriller
Pred Genres: Drama/Thriller

Film Title: The Core
True Genres: Action/Adventure/Sci-Fi/Thriller
Pred Genres: Sci-Fi/Adventure/Action/Fantasy

Film Title: The Bedroom Window
True Genres: Crime/Mystery/Thriller
Pred Genres: Drama

Film Title: Beautiful
True Genres: Comedy/Drama
Pred Genres: Comedy/Romance

Film Title: The Naked Jungle
True Genres: Adventure/Drama/Thriller
Pred Genres: Comedy/Musical

Film Title: Roger Dodger
True Genres: Comedy/Drama
Pred Genres: Drama/Mystery/Crime/Thriller

Film Title: Funny Games
True Genres: Crime/Drama/Thriller
Pred Genres: Drama/Thriller

Film Title: Cradle Will Rock
True Genres: Drama
Pred Genres: Comedy/Drama

Film Title: Car 54, Where Are You?
True Genres: Comedy
Pred Genres: Adventure/Family

Film Title: Love Stinks
True Genres: Comedy
Pred Genres: Comedy/Romance

Film Title: Two Much
True Genres: Comedy/Romance
Pred Genres: Comedy

Film Title: Ship of Fools
True Genres: Drama/Romance/War
Pred Genres: Drama/Adventure

Film Title: Virtual Sexuality
True Genres: Comedy/Drama/Romance/Sci-Fi
Pred Genres: Comedy

Film Title: City of Ghosts
True Genres: Crime/Drama/Thriller
Pred Genres: Sci-Fi/Thriller

Film Title: Topaz
True Genres: Drama/Thriller
Pred Genres: Drama

Film Title: Blue Streak
True Genres: Action/Comedy/Crime/Thriller
Pred Genres: Comedy/Drama

Film Title: The Dark Mirror
True Genres: Crime/Drama/Film-Noir/Mystery/Thriller
Pred Genres: Drama/Romance

Film Title: Purple Noon
True Genres: Crime/Drama/Thriller
Pred Genres: Drama/Adventure/Fantasy

Film Title: On Guard
True Genres: Drama/Adventure
Pred Genres: Drama

Film Title: Rushmore
True Genres: Comedy/Drama/Romance
Pred Genres: Drama/Action

Film Title: Possible Loves
True Genres: Comedy/Romance/Drama
Pred Genres: Drama/Romance

Film Title: C.H.U.D. II: Bud the Chud
True Genres: Comedy/Horror/Sci-Fi
Pred Genres: Drama/Adventure/Action/History/War

Film Title: Halloween II
True Genres: Horror
Pred Genres: Drama/Mystery/Thriller

Film Title: Goya in Bordeaux
True Genres: Biography/Drama/War
Pred Genres: Drama

Film Title: Charly
True Genres: Comedy/Drama/Romance
Pred Genres: Comedy/Drama/Romance

Film Title: Berkeley in the Sixties
True Genres: Documentary
Pred Genres: Adventure/Action/Animation

Film Title: My Name Is Nobody
True Genres: Comedy/Western
Pred Genres: Drama/Adventure/Action/War

Film Title: Gorgeous
True Genres: Action/Comedy/Romance
Pred Genres: Drama/Adventure/Thriller/Fantasy/Animation

Film Title: My First Mister
True Genres: Comedy/Drama/Romance
Pred Genres: Comedy

Film Title: When Brendan Met Trudy
True Genres: Comedy/Romance
Pred Genres: Comedy/Drama/Romance

Film Title: Strait-Jacket
True Genres: Drama/Horror/Thriller
Pred Genres: Comedy/Romance

Film Title: Soapdish
True Genres: Comedy/Romance
Pred Genres: Comedy/Romance

Film Title: Nobody's Baby
True Genres: Comedy/Drama
Pred Genres: Comedy

Film Title: Santa Sangre
True Genres: Drama/Horror/Thriller
Pred Genres: Comedy/Drama

Film Title: The Last Wave
True Genres: Drama/Fantasy/Mystery/Thriller
Pred Genres: Drama/Thriller

Film Title: Nattevagten
True Genres: Horror/Thriller
Pred Genres: Drama/Mystery/Crime/Thriller

Film Title: George of the Jungle
True Genres: Action/Adventure/Comedy/Family/Romance
Pred Genres: Comedy/Drama/Romance

Film Title: Crouching Tiger, Hidden Dragon
True Genres: Action/Adventure/Fantasy/Romance
Pred Genres: Drama/History/War

Film Title: The Ref
True Genres: Comedy/Crime/Drama
Pred Genres: Comedy/Drama

Film Title: Pom Poko
True Genres: Animation/Comedy/Drama/Family/Fantasy
Pred Genres: Adventure/Musical/Family/Fantasy/Animation

Film Title: Volcano High
True Genres: Action/Comedy/Fantasy
Pred Genres: Drama/Action/War

Film Title: The Red Violin
True Genres: Drama/Music/Mystery/Romance
Pred Genres: Drama

Film Title: Another 48 Hrs.
True Genres: Action/Comedy/Crime/Drama/Mystery/Thriller
Pred Genres: Comedy

Film Title: Cops and Robbersons
True Genres: Comedy/Crime/Thriller
Pred Genres: Comedy

Film Title: Airport
True Genres: Action/Drama/Thriller
Pred Genres: Horror/Sci-Fi/Adventure/Thriller

Film Title: The Love Letter
True Genres: Comedy/Drama/Romance
Pred Genres: Comedy/Drama

Film Title: Wild America
True Genres: Action/Adventure/Comedy/Family
Pred Genres: Comedy/Adventure/Action

Film Title: The Gospel According to St. Matthew
True Genres: Biography/Drama/History
Pred Genres: Drama/Thriller

Film Title: Seven Days to Noon
True Genres: Drama/Thriller
Pred Genres: Comedy/Drama/Action/Crime

Film Title: Queen Bee
True Genres: Drama/Romance
Pred Genres: Comedy/Drama/Romance

Film Title: Tupac: Resurrection
True Genres: Documentary/Biography/Music
Pred Genres: Drama/War

Film Title: Tom Horn
True Genres: Biography/Crime/Drama/Romance/Western
Pred Genres: Drama/Romance

Film Title: Cannibal Ferox
True Genres: Adventure/Horror
Pred Genres: Horror/Sci-Fi/Adventure

Film Title: Live Nude Girls
True Genres: Comedy
Pred Genres: Comedy/Romance

Film Title: Sex Is Comedy
True Genres: Comedy/Drama/Romance
Pred Genres: Drama

Film Title: Rhapsody in August
True Genres: Drama
Pred Genres: Drama/Thriller

Film Title: The Story of O
True Genres: Drama
Pred Genres: Drama/Romance

Film Title: A Special Day
True Genres: Drama
Pred Genres: Comedy/Romance/Western

Film Title: Candyman
True Genres: Horror/Thriller
Pred Genres: Drama

Film Title: The Late Show
True Genres: Comedy/Mystery/Thriller
Pred Genres: Crime/Thriller

Film Title: The Meaning of Life
True Genres: Comedy/Musical
Pred Genres: Drama/Adventure

Film Title: Siegfried & Roy: The Magic Box
True Genres: Documentary/Biography
Pred Genres: Drama/War

Film Title: The Acid House
True Genres: Comedy/Drama
Pred Genres: Comedy/Drama

Film Title: Monkey Trouble
True Genres: Adventure/Comedy/Crime/Family
Pred Genres: Comedy/Action

Film Title: House of Wax
True Genres: Horror
Pred Genres: Adventure

Film Title: Whose Life Is It Anyway?
True Genres: Comedy/Drama
Pred Genres: Drama/Thriller

Film Title: Open Range
True Genres: Action/Drama/Romance/Western
Pred Genres: Adventure/Action/Western

Film Title: Purpose
True Genres: Drama
Pred Genres: Drama

Film Title: The Five Obstructions
True Genres: Documentary
Pred Genres: Drama

Film Title: Party Monster
True Genres: Biography/Crime/Drama/Thriller
Pred Genres: Comedy

Film Title: Chain Reaction
True Genres: Action/Drama/Sci-Fi/Thriller
Pred Genres: Sci-Fi/Action/Thriller

Film Title: 10 Rillington Place
True Genres: Biography/Crime/Drama/Thriller
Pred Genres: Drama/Crime/Thriller

Film Title: The Manhattan Project
True Genres: Sci-Fi/Thriller
Pred Genres: Sci-Fi/Adventure/Action/Thriller

Film Title: Watchers
True Genres: Action/Horror/Sci-Fi/Thriller
Pred Genres: Drama/Crime/Thriller

Film Title: Legally Blonde
True Genres: Comedy/Romance
Pred Genres: Comedy/Romance

Film Title: Three Wishes
True Genres: Drama/Fantasy
Pred Genres: Drama

Film Title: The Bad Seed
True Genres: Drama/Horror/Thriller
Pred Genres: Comedy/Drama

Film Title: Anna Karenina
True Genres: Drama/Romance
Pred Genres: Drama

Film Title: The Usual Suspects
True Genres: Crime/Mystery/Thriller
Pred Genres: Comedy/Action/Crime/Thriller

Film Title: All About the Benjamins
True Genres: Action/Comedy/Crime/Thriller
Pred Genres: Sci-Fi/Action/Thriller

Film Title: The Challenge
True Genres: Action/Drama
Pred Genres: Comedy

Film Title: The Serpent's Egg
True Genres: Drama/Mystery/Thriller
Pred Genres: Drama/Romance

Film Title: Steel
True Genres: Action/Adventure/Crime/Fantasy/Sci-Fi
Pred Genres: Sci-Fi/Drama/Action

Film Title: The Girl Next Door
True Genres: Documentary
Pred Genres: Comedy/Drama

Film Title: Hara-Kiri
True Genres: Action/Drama/Mystery
Pred Genres: Drama/Action/Thriller/War

Film Title: Desperado
True Genres: Action/Crime/Thriller
Pred Genres: Drama/Crime/Thriller

Film Title: The Adversary
True Genres: Crime/Drama/Mystery/Thriller
Pred Genres: Drama/Romance

Film Title: Mockingbird Don't Sing
True Genres: Biography/Drama
Pred Genres: Drama/Fantasy

Film Title: The Lost Weekend
True Genres: Drama/Film-Noir
Pred Genres: Drama/Romance/Mystery/Thriller

Film Title: White Lightning
True Genres: Action/Crime/Drama
Pred Genres: Sci-Fi/Adventure/Action

Film Title: King Kong vs. Godzilla
True Genres: Action/Adventure/Fantasy/Sci-Fi
Pred Genres: Horror/Sci-Fi

Film Title: Little Caesar
True Genres: Action/Crime/Drama/Romance
Pred Genres: Comedy

Film Title: Songcatcher
True Genres: Drama/Music
Pred Genres: Horror/Drama/Thriller

Film Title: Scarecrow
True Genres: Drama
Pred Genres: Adventure/Western

Film Title: Born in East L.A.
True Genres: Comedy
Pred Genres: Comedy/Adventure/Family

Film Title: Leave Her to Heaven
True Genres: Drama/Film-Noir/Romance/Thriller
Pred Genres: Comedy/Drama

Film Title: George Washington
True Genres: Drama
Pred Genres: Drama/Mystery/Thriller

Film Title: Violets Are Blue...
True Genres: Drama/Romance
Pred Genres: Drama

Film Title: They Drive by Night
True Genres: Crime/Drama/Film-Noir/Thriller
Pred Genres: Drama/War

Film Title: Duel at Diablo
True Genres: Drama/Thriller/Western
Pred Genres: Drama/Adventure/Romance/Action/War/Western

Film Title: Duel
True Genres: Action/Thriller
Pred Genres: Sci-Fi/Drama/Adventure/Action/Thriller

Film Title: Astérix et la surprise de César
True Genres: Animation/Adventure/Comedy/Family/Fantasy
Pred Genres: Comedy/Musical/Animation

Film Title: Finian's Rainbow
True Genres: Family/Fantasy/Musical
Pred Genres: Adventure/Family

Film Title: The Hairdresser's Husband
True Genres: Comedy/Drama/Romance
Pred Genres: Drama

Film Title: Smiles of a Summer Night
True Genres: Comedy/Romance
Pred Genres: Romance

Film Title: Night of the Living Dead
True Genres: Horror
Pred Genres: Horror/Thriller

Film Title: The Land Before Time III: The Time of the Great Giving
True Genres: Animation/Adventure/Family/Musical
Pred Genres: Adventure/Family/Fantasy/Animation

Film Title: Voices of Iraq
True Genres: Documentary/War
Pred Genres: Comedy/Crime

Film Title: Silver Bullet
True Genres: Horror
Pred Genres: Mystery

Film Title: The Wild Bunch
True Genres: Action/Adventure/Western
Pred Genres: Drama/War

Film Title: Virtuosity
True Genres: Action/Crime/Sci-Fi/Thriller
Pred Genres: Sci-Fi/Adventure/Action/Fantasy

Film Title: Bomb the System
True Genres: Action/Drama
Pred Genres: Action

Film Title: Marty
True Genres: Drama/Romance
Pred Genres: Comedy/Drama

Film Title: Dr. Giggles
True Genres: Comedy/Drama/Horror/Mystery/Thriller
Pred Genres: Drama/Romance

Film Title: Bad Moon
True Genres: Horror/Thriller
Pred Genres: Horror/Thriller

Film Title: Look Who's Talking Too
True Genres: Comedy/Family/Romance
Pred Genres: Comedy/Drama/Family

Film Title: Back to the Future Part II
True Genres: Adventure/Comedy/Sci-Fi
Pred Genres: Sci-Fi/Comedy/Adventure/Action/Family

Film Title: 1492: Conquest of Paradise
True Genres: Adventure/Biography/Drama/History
Pred Genres: Adventure/Action

Film Title: The Next Karate Kid
True Genres: Action/Drama/Family/Romance/Sport
Pred Genres: Comedy/Drama/Romance

Film Title: G.I. Jane
True Genres: Action/Drama/War
Pred Genres: Drama

Film Title: U.S. Marshals
True Genres: Action/Crime/Thriller
Pred Genres: Drama

Film Title: Cowboy
True Genres: Western
Pred Genres: Comedy

Film Title: Time of Favor
True Genres: Drama
Pred Genres: Drama/War

Film Title: Cyborg 2: Glass Shadow
True Genres: Action/Sci-Fi/Thriller
Pred Genres: Sci-Fi/Adventure/Action/Fantasy

Film Title: The Last Temptation of Christ
True Genres: Drama
Pred Genres: Drama/Adventure

Film Title: Teacher's Pet
True Genres: Animation/Adventure/Comedy/Family/Fantasy/Musical/Sci-Fi
Pred Genres: Sci-Fi/Adventure/Action

Film Title: Mrs Dalloway
True Genres: Drama/Romance
Pred Genres: Drama/Romance

Film Title: Mean Girls
True Genres: Comedy
Pred Genres: Comedy

Film Title: Star!
True Genres: Biography/Comedy/Drama/History/Musical/Romance
Pred Genres: Drama/Biography

Film Title: Valentine
True Genres: Horror/Mystery/Thriller
Pred Genres: Horror/Sci-Fi

Film Title: The Killing of a Chinese Bookie
True Genres: Crime/Drama/Thriller
Pred Genres: Comedy

Film Title: Native Son
True Genres: Drama/Romance
Pred Genres: Drama/Crime/Thriller

Film Title: Abbott and Costello Meet the Mummy
True Genres: Action/Adventure/Comedy/Fantasy/Horror
Pred Genres: Drama/Adventure/War/Western

Film Title: Pokémon Heroes
True Genres: Animation/Action/Adventure/Family/Fantasy/Sci-Fi/Thriller
Pred Genres: Comedy/Adventure/Action/Family/Animation

Film Title: Freddy Got Fingered
True Genres: Comedy
Pred Genres: Comedy/Drama

Film Title: The Fifth Element
True Genres: Action/Adventure/Sci-Fi
Pred Genres: Drama/Action/Crime/Thriller

Film Title: H.O.T.S.
True Genres: Comedy
Pred Genres: Comedy

Film Title: Schindler's List
True Genres: Biography/Drama/History
Pred Genres: Horror/Drama/Mystery/Thriller/Fantasy

Film Title: Harriet the Spy
True Genres: Comedy/Drama/Family
Pred Genres: Romance/Action

Film Title: Gung Ho
True Genres: Comedy/Drama
Pred Genres: Comedy/Romance/Crime

Film Title: The Butterfly Effect
True Genres: Drama/Sci-Fi/Thriller
Pred Genres: Drama/Thriller

Film Title: The Architecture of Doom
True Genres: Documentary/History
Pred Genres: 

Film Title: Asterix and Cleopatra
True Genres: Animation/Adventure/Comedy/Family/History
Pred Genres: Comedy/Adventure/Musical/Romance/Family/Fantasy/Animation

Film Title: A Little Romance
True Genres: Adventure/Comedy/Romance
Pred Genres: Drama

Film Title: What a Way to Go!
True Genres: Comedy/Romance
Pred Genres: Comedy/Drama/Romance

Film Title: Blank Check
True Genres: Comedy/Crime/Family
Pred Genres: Comedy/Action

Film Title: High Crimes
True Genres: Crime/Drama/Mystery/Thriller
Pred Genres: Drama/Thriller

Film Title: The Day of the Jackal
True Genres: Crime/Drama/Thriller
Pred Genres: Drama

Film Title: Quartier Mozart
True Genres: Comedy
Pred Genres: Adventure

Film Title: Deep Blue Sea
True Genres: Action/Adventure/Sci-Fi/Thriller
Pred Genres: Drama

Film Title: Friendly Persuasion
True Genres: Drama/Romance/War/Western
Pred Genres: Drama/War

Film Title: The Fear
True Genres: Horror
Pred Genres: Horror/Thriller/Fantasy

Film Title: Howling III
True Genres: Comedy/Horror
Pred Genres: Horror

Film Title: The Odd Couple
True Genres: Comedy
Pred Genres: Comedy/Adventure/Action

Film Title: As It Is in Heaven
True Genres: Comedy/Drama/Music/Romance
Pred Genres: Romance

Film Title: Return of the Secaucus Seven
True Genres: Drama
Pred Genres: Adventure/Western

Film Title: Reap the Wild Wind
True Genres: Action/Adventure/Drama/Romance
Pred Genres: Romance/Action

Film Title: Naked Weapon
True Genres: Action/Crime/Drama/Romance/Thriller
Pred Genres: Sci-Fi/Comedy/Adventure/Action

Film Title: Hollywood Homicide
True Genres: Action/Comedy/Crime/Drama/Thriller
Pred Genres: Drama/Action/Crime/Thriller

Film Title: Montana
True Genres: Action/Comedy/Crime/Drama
Pred Genres: Drama

Film Title: Weekend
True Genres: Adventure/Comedy/Drama
Pred Genres: Sci-Fi/Adventure/Action/Thriller/Animation

Film Title: The Laughing Policeman
True Genres: Crime/Drama/Thriller
Pred Genres: Sci-Fi/Drama/Adventure/War

Film Title: The Navigator
True Genres: Action/Comedy/Romance
Pred Genres: Drama/History/War

Film Title: Dancing at Lughnasa
True Genres: Drama/Romance
Pred Genres: Drama

Film Title: D2: The Mighty Ducks
True Genres: Comedy/Drama/Family/Sport
Pred Genres: Sci-Fi/Comedy/Action/Family

Film Title: Frogs
True Genres: Horror/Mystery/Sci-Fi/Thriller
Pred Genres: Horror/Mystery/Thriller

Film Title: The Sea Inside
True Genres: Biography/Drama
Pred Genres: Drama/Romance

Film Title: Die Hard
True Genres: Action/Thriller
Pred Genres: Drama

Film Title: Metroland
True Genres: Comedy/Drama
Pred Genres: Comedy/Crime/Thriller

Film Title: Little Miss Marker
True Genres: Comedy/Drama/Family/Musical
Pred Genres: Drama/Romance

Film Title: Hilary and Jackie
True Genres: Biography/Drama/Music
Pred Genres: Drama/Romance

Film Title: Frankie and Johnny
True Genres: Comedy/Drama/Romance
Pred Genres: Comedy/Drama

Film Title: Little Women
True Genres: Drama/Family/Romance/War
Pred Genres: Horror

Film Title: The Late Shift
True Genres: Comedy/Drama
Pred Genres: Comedy/Drama/Romance

Film Title: Rollerball
True Genres: Action/Sci-Fi/Sport
Pred Genres: Drama/Action/Thriller

Film Title: Deadly Friend
True Genres: Drama/Horror/Sci-Fi/Thriller
Pred Genres: Drama

Film Title: Cactus Flower
True Genres: Comedy/Romance
Pred Genres: Comedy/Action/Crime

Film Title: Cries & Whispers
True Genres: Drama
Pred Genres: Drama/Romance

Film Title: Blow Dry
True Genres: Comedy/Drama/Romance
Pred Genres: Comedy

Film Title: The Ladykillers
True Genres: Comedy/Crime/Thriller
Pred Genres: Comedy/Drama

Film Title: Caddyshack II
True Genres: Comedy/Sport
Pred Genres: Comedy

Film Title: Dune
True Genres: Action/Adventure/Sci-Fi
Pred Genres: Sci-Fi/Adventure/Action/Family/Fantasy

Film Title: A Man Apart
True Genres: Action/Crime/Drama/Thriller
Pred Genres: Drama/Sport

Film Title: Falling Down
True Genres: Action/Crime/Drama/Thriller
Pred Genres: Comedy

Film Title: The Cowboy Way
True Genres: Action/Comedy/Crime/Drama/Thriller/Western
Pred Genres: Comedy/Drama

Film Title: You Only Live Once
True Genres: Crime/Drama/Film-Noir
Pred Genres: 

Film Title: Ladyhawke
True Genres: Adventure/Comedy/Drama/Fantasy
Pred Genres: Drama/Mystery

Film Title: Save the Green Planet!
True Genres: Comedy/Sci-Fi/Thriller
Pred Genres: Sci-Fi/Comedy/Action

Film Title: Windows
True Genres: Drama/Thriller
Pred Genres: Drama/Thriller

Film Title: American Ninja 2: The Confrontation
True Genres: Action/Comedy/Drama
Pred Genres: Drama/Adventure/Action/Thriller

Film Title: Me, Myself & Irene
True Genres: Comedy
Pred Genres: Drama

Film Title: Set Me Free
True Genres: Drama/Romance
Pred Genres: Drama/Thriller

Film Title: For Ever Mozart
True Genres: Comedy/Drama/War
Pred Genres: Drama/Mystery/Action/Thriller

Film Title: Stargate
True Genres: Action/Adventure/Sci-Fi
Pred Genres: Sci-Fi/Adventure/Action

Film Title: Purgatory
True Genres: Fantasy/Western
Pred Genres: Drama/Adventure/Romance/History/War/Western

Film Title: Briar Patch
True Genres: Drama/Romance/Thriller
Pred Genres: Drama/Mystery

Film Title: Adaptation.
True Genres: Comedy/Drama
Pred Genres: Sci-Fi/Comedy/Adventure/Family

Film Title: Lawman
True Genres: Adventure/Western
Pred Genres: Adventure/Romance/Action/Western

Film Title: Fritz the Cat
True Genres: Animation/Comedy/Drama
Pred Genres: Sci-Fi/Adventure/Family/Fantasy/Animation

Film Title: Elevator to the Gallows
True Genres: Crime/Drama/Thriller
Pred Genres: Drama/Mystery/Crime/Thriller

Film Title: Messenger of Death
True Genres: Action/Crime/Mystery/Thriller
Pred Genres: Drama/History/Western

Film Title: 36 fillette
True Genres: Romance/Drama
Pred Genres: Horror/Drama/Mystery/Thriller

Film Title: Assassination Tango
True Genres: Crime/Drama/Romance/Thriller
Pred Genres: Sci-Fi/Action/Thriller/Fantasy

Film Title: Penitentiary
True Genres: Crime/Drama/Sport
Pred Genres: Comedy/Action

Film Title: Blankman
True Genres: Action/Comedy/Crime
Pred Genres: Comedy

Film Title: Victor Victoria
True Genres: Comedy/Music/Romance
Pred Genres: Drama/Adventure/Romance

Film Title: Rory O'Shea Was Here
True Genres: Comedy/Drama
Pred Genres: Drama/War

Film Title: Uptown Saturday Night
True Genres: Action/Comedy/Crime
Pred Genres: Comedy/Family

Film Title: Dead Men Don't Wear Plaid
True Genres: Comedy/Crime/Mystery/Thriller
Pred Genres: Drama/Action/Crime/Thriller

Film Title: Sugar Cane Alley
True Genres: Drama/History
Pred Genres: Comedy/Drama

Film Title: Death Wish 4: The Crackdown
True Genres: Action/Crime/Drama/Thriller
Pred Genres: Drama/Adventure/Action/Crime/Thriller

Film Title: The Cameraman
True Genres: Comedy/Drama/Family/Romance
Pred Genres: Drama/Crime/Thriller

Film Title: The Manchurian Candidate
True Genres: Drama/Thriller
Pred Genres: Drama/Thriller

Film Title: The Andromeda Strain
True Genres: Mystery/Sci-Fi/Thriller
Pred Genres: Drama/Adventure

Film Title: From Hell
True Genres: Horror/Mystery/Thriller
Pred Genres: Drama/Thriller

Film Title: Super Sucker
True Genres: Comedy
Pred Genres: Comedy/Mystery/Family

Film Title: Raging Bull
True Genres: Biography/Drama/Sport
Pred Genres: Drama

Film Title: Henry & June
True Genres: Biography/Drama
Pred Genres: Drama/Romance

Film Title: Cabaret
True Genres: Drama/Music/Musical
Pred Genres: Drama

Film Title: Vampire in Venice
True Genres: Horror
Pred Genres: 

Film Title: Lantana
True Genres: Drama/Mystery/Romance
Pred Genres: Drama

Film Title: Ulysses
True Genres: Adventure/Fantasy/History
Pred Genres: Drama/Romance

Film Title: Hugo Pool
True Genres: Comedy/Romance
Pred Genres: Comedy/Sport

Film Title: Prelude to a Kiss
True Genres: Comedy/Fantasy/Romance
Pred Genres: Comedy/Drama

Film Title: Colossus: The Forbin Project
True Genres: Sci-Fi/Thriller
Pred Genres: Drama

Film Title: The Quest
True Genres: Action/Adventure/Drama/Thriller
Pred Genres: Drama/Fantasy

Film Title: Treasure Island
True Genres: Adventure/Family
Pred Genres: Comedy/Adventure/Romance/Action

Film Title: Breaking Up
True Genres: Comedy/Drama/Romance
Pred Genres: Drama/Romance

Film Title: New York Stories
True Genres: Comedy/Drama/Romance
Pred Genres: Comedy

Film Title: Solo
True Genres: Action/Sci-Fi/Thriller
Pred Genres: Action/Thriller

Film Title: The Gambler
True Genres: Biography/Drama/Romance
Pred Genres: Drama

Film Title: Bugsy
True Genres: Biography/Crime/Drama
Pred Genres: Drama/Action/Crime/Thriller

Film Title: Sunset Strip
True Genres: Comedy/Drama
Pred Genres: Comedy/Action/Crime/Family

Film Title: Vibes
True Genres: Adventure/Comedy/Romance
Pred Genres: Drama/Romance

Film Title: The Last Supper
True Genres: Comedy/Crime/Drama/Thriller
Pred Genres: Drama

Film Title: Ice Castles
True Genres: Drama/Romance/Sport
Pred Genres: Comedy

Film Title: The Chamber
True Genres: Crime/Drama/Thriller
Pred Genres: Drama/Mystery/Action/Crime/Thriller

Film Title: Imagine: John Lennon
True Genres: Documentary/Biography/Music
Pred Genres: Comedy/Drama

Film Title: Sabrina
True Genres: Comedy/Drama/Romance
Pred Genres: Comedy

Film Title: Blue Chips
True Genres: Drama/Sport
Pred Genres: Drama/Romance/Sport

Film Title: Raid
True Genres: Action/Crime/Thriller
Pred Genres: Drama

Film Title: Miller's Crossing
True Genres: Crime/Drama/Thriller
Pred Genres: Drama/Romance/History/Western

Film Title: Dead Heat
True Genres: Action/Comedy/Horror/Sci-Fi/Thriller
Pred Genres: Drama

Film Title: The Bachelor and the Bobby-Soxer
True Genres: Comedy/Romance
Pred Genres: Drama/Romance

Film Title: Skins
True Genres: Crime/Drama
Pred Genres: Drama

Film Title: Waking Up in Reno
True Genres: Comedy/Romance
Pred Genres: Comedy/Family

Film Title: Lipstick
True Genres: Crime/Drama/Thriller
Pred Genres: Horror/Thriller

Film Title: The Adventures of Sebastian Cole
True Genres: Comedy/Drama
Pred Genres: Comedy/Romance

Film Title: Buffalo Bill and the Indians, or Sitting Bull's History Lesson
True Genres: Comedy/Western
Pred Genres: Drama/Thriller

Film Title: The Baby of Mâcon
True Genres: Drama/History
Pred Genres: Drama

Film Title: Swingers
True Genres: Comedy/Drama
Pred Genres: Comedy

Film Title: Romancing the Stone
True Genres: Action/Adventure/Comedy/Romance
Pred Genres: Sci-Fi/Adventure/Action/War

Film Title: Spaced Invaders
True Genres: Adventure/Comedy/Sci-Fi
Pred Genres: Comedy/Adventure/Action/Family/Fantasy/Animation

Film Title: Ginger Snaps Back: The Beginning
True Genres: Drama/Horror
Pred Genres: Horror/Fantasy

Film Title: Running Time
True Genres: Crime/Thriller
Pred Genres: Drama/Action/Thriller

Film Title: Moon 44
True Genres: Action/Sci-Fi/Thriller
Pred Genres: Drama/Crime

Film Title: The Hound of the Baskervilles
True Genres: Horror/Mystery/Thriller
Pred Genres: Horror

Film Title: Queens Logic
True Genres: Comedy/Drama
Pred Genres: Drama

Film Title: Ash Wednesday
True Genres: Crime/Drama
Pred Genres: Comedy/Drama/Romance

Film Title: Home on the Range
True Genres: Animation/Adventure/Comedy/Family/Music/Western
Pred Genres: Comedy/Musical

Film Title: The Tigger Movie
True Genres: Animation/Comedy/Drama/Family/Musical
Pred Genres: Adventure/Family/Fantasy/Animation

Film Title: Once Upon a Time in Mexico
True Genres: Action/Crime/Thriller
Pred Genres: Adventure/Action/Thriller

Film Title: Follow Me, Boys!
True Genres: Drama/Family
Pred Genres: Comedy

Film Title: Butch Cassidy and the Sundance Kid
True Genres: Biography/Crime/Drama/Western
Pred Genres: Comedy

Film Title: Breakin' 2: Electric Boogaloo
True Genres: Comedy/Drama/Musical
Pred Genres: Comedy/Musical

Film Title: El bonaerense
True Genres: Crime/Drama
Pred Genres: Drama

Film Title: Sundays and Cybèle
True Genres: Drama
Pred Genres: Drama/Mystery/Thriller

Film Title: Bordello of Blood
True Genres: Comedy/Fantasy/Horror
Pred Genres: Adventure/Musical/Romance/Family/Fantasy/Animation

Film Title: Cousin Bette
True Genres: Comedy/Drama/Romance
Pred Genres: Drama/Romance

Film Title: Arthur
True Genres: Comedy/Romance
Pred Genres: Drama

Film Title: Millennium Actress
True Genres: Animation/Drama/Fantasy/Romance
Pred Genres: Adventure/Family/Animation

Film Title: Häxan
True Genres: Documentary/Fantasy/History/Horror
Pred Genres: Horror/Drama/Mystery/Thriller

Film Title: King of the Hill
True Genres: Drama/History
Pred Genres: Drama

Film Title: Storie di ordinaria follia
True Genres: Drama
Pred Genres: Comedy/Drama

Film Title: Remember Me, My Love
True Genres: Comedy/Romance/Drama
Pred Genres: Drama

Film Title: Other People's Money
True Genres: Comedy/Drama/Romance
Pred Genres: Drama/Crime

Film Title: The Dreamers
True Genres: Drama/Romance
Pred Genres: Comedy/Drama/Romance

Film Title: Trapped in Paradise
True Genres: Adventure/Comedy/Crime/Romance
Pred Genres: Comedy/Drama

Film Title: The Great Mouse Detective
True Genres: Animation/Adventure/Family/Musical/Mystery
Pred Genres: Adventure/Musical/Family/Fantasy/Animation

Film Title: Roustabout
True Genres: Drama/Music/Musical/Romance
Pred Genres: Comedy

Film Title: Agnes of God
True Genres: Drama/Mystery
Pred Genres: Drama

Film Title: Re-Animator
True Genres: Comedy/Horror/Sci-Fi
Pred Genres: Comedy/Drama

Film Title: A Kiss Before Dying
True Genres: Crime/Film-Noir/Mystery/Romance/Thriller
Pred Genres: Drama

Film Title: Conan the Barbarian
True Genres: Action/Adventure/Fantasy
Pred Genres: Horror/Sci-Fi

Film Title: The Princess Diaries 2: Royal Engagement
True Genres: Comedy/Family/Romance
Pred Genres: Drama/Romance

Film Title: Brothers in Trouble
True Genres: Comedy/Drama
Pred Genres: Drama/Romance

Film Title: Uninvited Guest
True Genres: Drama/Thriller
Pred Genres: Drama/Romance

Film Title: Another Day in Paradise
True Genres: Crime/Drama/Thriller
Pred Genres: Comedy/Action

Film Title: Greetings
True Genres: Comedy/Drama
Pred Genres: Comedy/Romance

Film Title: Fantasia
True Genres: Animation/Family/Fantasy/Music/Musical
Pred Genres: Adventure/Musical/Family/Fantasy/Animation

Film Title: The ComDads
True Genres: Comedy/Crime
Pred Genres: Comedy

Film Title: Loving You
True Genres: Drama/Musical
Pred Genres: Drama/Romance

Film Title: The Last Picture Show
True Genres: Drama/Romance
Pred Genres: Drama

Film Title: Super Troopers
True Genres: Comedy/Crime/Mystery
Pred Genres: Comedy/Family

Film Title: Paragraph 175
True Genres: Documentary/History/Romance/War
Pred Genres: 

Film Title: He Who Gets Slapped
True Genres: Drama/Romance/Thriller
Pred Genres: Horror/Thriller

Film Title: Red Lights
True Genres: Crime/Drama/Mystery/Thriller
Pred Genres: Drama/Crime/Thriller

Film Title: The River
True Genres: Drama/Romance
Pred Genres: Drama

Film Title: It All Starts Today
True Genres: Drama
Pred Genres: Drama/Romance

Film Title: The Passion of Joan of Arc
True Genres: Biography/Drama/History
Pred Genres: Drama/War

Film Title: Innocence
True Genres: Drama
Pred Genres: Drama/Romance

Film Title: Slacker
True Genres: Comedy/Drama
Pred Genres: Drama

Film Title: A Letter from Death Row
True Genres: Crime/Drama/Mystery/Thriller
Pred Genres: Thriller

Film Title: Jesus Christ Superstar
True Genres: Drama/History/Musical
Pred Genres: Drama/Adventure/Romance

Film Title: Steal Big Steal Little
True Genres: Comedy
Pred Genres: Comedy/Drama/Romance

Film Title: Missing in Action
True Genres: Action/Adventure/Drama/Thriller/War
Pred Genres: Adventure/Action/War

Film Title: Making Love
True Genres: Drama
Pred Genres: Drama

Film Title: Two Way Stretch
True Genres: Comedy/Crime
Pred Genres: Comedy/Crime

Film Title: The Brothers McMullen
True Genres: Comedy/Drama/Romance
Pred Genres: Drama

Film Title: National Treasure
True Genres: Action/Adventure/Mystery/Thriller
Pred Genres: Drama/Adventure/Action

Film Title: Bus Stop
True Genres: Comedy/Drama/Romance
Pred Genres: Drama

Film Title: The Keep
True Genres: Drama/Fantasy/Horror
Pred Genres: Drama/Adventure/War

Film Title: Country
True Genres: Drama
Pred Genres: Drama/Mystery/Thriller

Film Title: Strike!
True Genres: Comedy
Pred Genres: Comedy

Film Title: Hatari!
True Genres: Action/Adventure/Comedy/Drama/Romance
Pred Genres: Sci-Fi/Comedy/Family/Fantasy

Film Title: Seven Brides for Seven Brothers
True Genres: Comedy/Drama/Musical/Romance/Western
Pred Genres: Comedy/Romance

Film Title: Never Met Picasso
True Genres: Comedy/Drama/Romance
Pred Genres: Drama/Crime/Thriller

Film Title: Children of the Corn II: The Final Sacrifice
True Genres: Horror/Thriller
Pred Genres: Adventure/Family/Fantasy

Film Title: Daens
True Genres: Biography/Drama/History
Pred Genres: Drama

Film Title: Baadasssss!
True Genres: Biography/Drama
Pred Genres: Action/Thriller

Film Title: Basic Instinct
True Genres: Drama/Mystery/Thriller
Pred Genres: Drama/Romance/Thriller

Film Title: Ever After: A Cinderella Story
True Genres: Comedy/Drama/Romance
Pred Genres: Drama

Film Title: Cookie
True Genres: Comedy/Crime
Pred Genres: Comedy/Romance

Film Title: Charisma
True Genres: Drama/Mystery
Pred Genres: Comedy/Drama

Film Title: Ray
True Genres: Biography/Drama/Music
Pred Genres: Drama/Mystery/Thriller

Film Title: Blue Hawaii
True Genres: Comedy/Musical
Pred Genres: Comedy

Film Title: Kind Hearts and Coronets
True Genres: Comedy/Crime
Pred Genres: Comedy/Sport

Film Title: Rude
True Genres: Crime/Drama
Pred Genres: Drama

Film Title: Cat Ballou
True Genres: Comedy/Romance/Western
Pred Genres: Comedy

Film Title: Under Siege
True Genres: Action/Thriller
Pred Genres: Drama

Film Title: The Cassandra Crossing
True Genres: Drama/Thriller
Pred Genres: Drama/Romance

Film Title: Are We There Yet?
True Genres: Adventure/Comedy/Family/Fantasy/Romance
Pred Genres: Comedy/Family

Film Title: The Bone Collector
True Genres: Crime/Drama/Mystery/Thriller
Pred Genres: Drama/Thriller

Film Title: Robin Hood
True Genres: Animation/Adventure/Comedy/Family/Musical/Romance
Pred Genres: Adventure/Musical/Romance/Family/Fantasy/Animation

Film Title: That Touch of Mink
True Genres: Comedy/Romance
Pred Genres: Comedy

Film Title: Cypher
True Genres: Mystery/Sci-Fi/Thriller
Pred Genres: Horror/Sci-Fi/Thriller

Film Title: Madman
True Genres: Horror/Thriller
Pred Genres: Horror/Fantasy

Film Title: The Sixth Sense
True Genres: Drama/Mystery/Thriller
Pred Genres: Drama/Mystery/Thriller

Film Title: Born Yesterday
True Genres: Comedy/Romance
Pred Genres: Drama

Film Title: Without a Paddle
True Genres: Adventure/Comedy/Mystery
Pred Genres: Drama/Action/Thriller

Film Title: Escaflowne: The Movie
True Genres: Adventure/Animation/Drama/Fantasy/Romance/Action/Sci-Fi/Thriller
Pred Genres: Sci-Fi/Mystery/Thriller

Film Title: Oliver Twist
True Genres: Drama
Pred Genres: Horror/Drama/Mystery/Crime/Thriller

Film Title: Calendar
True Genres: Comedy/Drama/Romance
Pred Genres: Drama

Film Title: Jeremiah Johnson
True Genres: Adventure/Drama/Western
Pred Genres: Drama/War

Film Title: More
True Genres: Drama/Romance/Crime
Pred Genres: Crime/Thriller

Film Title: Something's Gotta Give
True Genres: Comedy/Drama/Romance
Pred Genres: Drama/Romance

Film Title: Copycat
True Genres: Drama/Mystery/Thriller
Pred Genres: Horror/Sci-Fi/Action/Thriller

Film Title: Housekeeping
True Genres: Comedy/Drama
Pred Genres: Drama

Film Title: The Funhouse
True Genres: Horror
Pred Genres: Horror/Thriller

Film Title: Octane
True Genres: Horror/Mystery/Thriller
Pred Genres: Drama/Mystery/Thriller

Film Title: Step Into Liquid
True Genres: Documentary/Sport
Pred Genres: Sci-Fi/Mystery/Thriller

Film Title: Lektionen in Finsternis
True Genres: Documentary/War
Pred Genres: Adventure

Film Title: Beginning of the End
True Genres: Horror/Sci-Fi
Pred Genres: Comedy

Film Title: Backbeat
True Genres: Biography/Drama/Music/Romance
Pred Genres: Drama

Film Title: Hav Plenty
True Genres: Comedy/Romance
Pred Genres: Comedy/Romance

Film Title: Holiday Inn
True Genres: Comedy/Drama/Music/Musical/Romance
Pred Genres: Comedy

Film Title: Un Chien Andalou
True Genres: Short/Fantasy/Horror
Pred Genres: Horror/Mystery/Thriller

Film Title: The Edge
True Genres: Action/Adventure/Drama/Thriller
Pred Genres: Drama/Mystery/Thriller

Film Title: Fantastic Planet
True Genres: Animation/Sci-Fi
Pred Genres: Drama/Romance/Thriller

Film Title: Hell House
True Genres: Documentary
Pred Genres: 

Film Title: The Importance of Being Earnest
True Genres: Comedy/Drama
Pred Genres: Action

Film Title: Tabu: A Story of the South Seas
True Genres: Adventure/Drama/Romance
Pred Genres: Adventure/Family/Fantasy/Animation

Film Title: Phantasm II
True Genres: Action/Fantasy/Horror/Sci-Fi/Thriller
Pred Genres: Sci-Fi/Adventure/Action/Thriller/Animation

Film Title: Just Visiting
True Genres: Comedy/Fantasy/Sci-Fi
Pred Genres: Comedy/Action/Sport

Film Title: The Son's Room
True Genres: Drama
Pred Genres: Drama

Film Title: Bobby Jones: Stroke of Genius
True Genres: Biography/Drama/Romance/Sport
Pred Genres: Comedy/Romance

Film Title: The Deathmaker
True Genres: Crime/Drama
Pred Genres: Drama/Thriller

Film Title: Class
True Genres: Comedy/Drama/Romance
Pred Genres: Comedy

Film Title: Aileen Wuornos: The Selling of a Serial Killer
True Genres: Documentary/Crime
Pred Genres: Drama

Film Title: Even Cowgirls Get the Blues
True Genres: Comedy/Drama/Romance/Western
Pred Genres: Comedy

Film Title: Pinocchio
True Genres: Comedy/Family/Fantasy
Pred Genres: Comedy/Drama

Film Title: Bronco Billy
True Genres: Action/Adventure/Comedy/Drama/Romance/Western
Pred Genres: Adventure/Action

Film Title: Breezy
True Genres: Drama/Romance
Pred Genres: Drama/Adventure/Action

Film Title: Taking Lives
True Genres: Crime/Mystery/Thriller
Pred Genres: Drama

Film Title: Three Men and a Little Lady
True Genres: Comedy/Drama/Family/Romance
Pred Genres: Comedy

Film Title: Shirley Valentine
True Genres: Comedy/Drama/Romance
Pred Genres: Drama/Romance/Mystery

Film Title: Terror by Night
True Genres: Crime/Drama/Film-Noir/Mystery/Thriller
Pred Genres: Drama/Mystery/Crime/Thriller

Film Title: Law of Desire
True Genres: Comedy/Drama/Thriller
Pred Genres: Comedy

Film Title: Subway
True Genres: Thriller
Pred Genres: Drama/Thriller

Film Title: Devil Doll
True Genres: Horror
Pred Genres: Comedy/Drama/Romance/Crime

Film Title: The Misfits
True Genres: Drama/Romance/Western
Pred Genres: Adventure/Romance/Family

Film Title: The Blue Dahlia
True Genres: Crime/Film-Noir/Mystery/Thriller
Pred Genres: Drama/Mystery/Crime/Thriller

Film Title: The Fortune
True Genres: Comedy/Crime/Romance
Pred Genres: Thriller

Film Title: Philadelphia Experiment II
True Genres: Action/Adventure/Sci-Fi
Pred Genres: Horror/Drama/Mystery/Thriller

Film Title: Thir13en Ghosts
True Genres: Fantasy/Horror
Pred Genres: Adventure/Fantasy

Film Title: Critical Care
True Genres: Comedy/Drama
Pred Genres: Comedy/Drama/Romance

Film Title: The Commitments
True Genres: Comedy/Drama/Music
Pred Genres: Comedy

Film Title: One Hundred and One Nights
True Genres: Comedy/History/Romance
Pred Genres: Drama/Romance

Film Title: Gypsy 83
True Genres: Drama/Romance
Pred Genres: Horror/Mystery/Thriller

Film Title: Love in the Afternoon
True Genres: Comedy/Crime/Drama/Romance
Pred Genres: Comedy/Drama/Romance

Film Title: Runaway Bride
True Genres: Comedy/Romance
Pred Genres: Comedy/Romance

Film Title: Mumford
True Genres: Comedy/Drama
Pred Genres: Drama/Romance

Film Title: Penny Serenade
True Genres: Drama/Romance
Pred Genres: Comedy/Drama/Romance

Film Title: Roger Corman's Frankenstein Unbound
True Genres: Drama/Horror/Sci-Fi
Pred Genres: Horror/Sci-Fi/Mystery

Film Title: Senior Trip
True Genres: Adventure/Comedy
Pred Genres: Drama/Mystery/Thriller

Film Title: Deuce Bigalow: Male Gigolo
True Genres: Comedy/Romance
Pred Genres: Drama/Thriller

Film Title: Fetishes
True Genres: Documentary
Pred Genres: Sci-Fi/Action

Film Title: Phenomenon
True Genres: Drama/Fantasy/Romance/Sci-Fi
Pred Genres: Horror/Thriller

Film Title: Terror in a Texas Town
True Genres: Drama/Western
Pred Genres: Drama/Action/Thriller

Film Title: Kansas City
True Genres: Crime/Drama/Music/Thriller
Pred Genres: Comedy/Crime/Thriller

Film Title: Sword of the Valiant
True Genres: Action/Adventure/Fantasy/Romance
Pred Genres: Drama/Action/Fantasy

Film Title: Candleshoe
True Genres: Adventure/Comedy/Drama/Family
Pred Genres: Comedy/Drama

Film Title: Le Boucher
True Genres: Drama/Thriller
Pred Genres: Comedy

Film Title: A Month in the Country
True Genres: Drama
Pred Genres: Drama/Mystery/Thriller

Film Title: Mr. Nice Guy
True Genres: Action/Adventure/Comedy/Crime
Pred Genres: Comedy/Action

Film Title: Liar Liar
True Genres: Comedy/Fantasy
Pred Genres: Drama/Romance

Film Title: The Legend
True Genres: Action/Comedy/History
Pred Genres: Thriller

Film Title: Two Thousand Maniacs!
True Genres: Horror
Pred Genres: Adventure/Action

Film Title: Sugar Town
True Genres: Comedy/Music
Pred Genres: Drama/Crime/Thriller

Film Title: Eye for an Eye
True Genres: Crime/Drama/Thriller
Pred Genres: Drama/Mystery/Crime/Thriller

Film Title: Psycho III
True Genres: Horror/Mystery/Thriller
Pred Genres: Comedy/Adventure/Family/Fantasy

Film Title: Butterfly
True Genres: Crime/Drama
Pred Genres: Drama/Adventure/History

Film Title: Little Nikita
True Genres: Drama/Thriller
Pred Genres: Drama/Thriller

Film Title: White Oleander
True Genres: Drama
Pred Genres: Drama/Romance/Family

Film Title: The Stickup
True Genres: Action/Crime/Mystery/Romance/Thriller
Pred Genres: 

Film Title: The Grandfather
True Genres: Drama
Pred Genres: Drama/Family

Film Title: Demons
True Genres: Horror
Pred Genres: Sci-Fi/Adventure/Action/Animation

Film Title: Bootmen
True Genres: Comedy/Drama/Romance
Pred Genres: Comedy

Film Title: Piranha II: The Spawning
True Genres: Drama/Horror/Romance/Sci-Fi/Thriller
Pred Genres: Sci-Fi/Drama/Adventure/Action/Thriller

Film Title: The Boy Who Could Fly
True Genres: Drama/Fantasy/Romance
Pred Genres: Comedy/Romance

Film Title: Camera Buff
True Genres: Comedy/Drama/Romance
Pred Genres: Drama/Crime

Film Title: Tall Tale
True Genres: Adventure/Family/Fantasy/Western
Pred Genres: Adventure/Action/Western

Film Title: Tom and Huck
True Genres: Adventure/Comedy/Drama/Family/Romance/Western
Pred Genres: Comedy/Romance

Film Title: The Killers
True Genres: Crime/Drama/Mystery/Thriller
Pred Genres: Thriller

Film Title: En la ciudad sin límites
True Genres: Drama
Pred Genres: Drama/Thriller

Film Title: A Little Princess
True Genres: Drama/Family/Fantasy
Pred Genres: Drama

Film Title: Kandahar
True Genres: Biography/Drama/War
Pred Genres: Drama/Romance

Film Title: Anaconda
True Genres: Action/Adventure/Horror/Thriller
Pred Genres: Horror/Sci-Fi/Thriller

Film Title: Seems Like Old Times
True Genres: Comedy/Romance
Pred Genres: Comedy/Romance

Film Title: The Adventures of Felix
True Genres: Comedy/Drama/Romance
Pred Genres: Comedy/Drama/Adventure/Family

Film Title: Joe the King
True Genres: Crime/Drama
Pred Genres: Comedy/Drama

Film Title: Kurt & Courtney
True Genres: Documentary/Crime/Music
Pred Genres: Horror/Drama/Thriller

Film Title: Bolero
True Genres: Drama/Music
Pred Genres: Drama/War

Film Title: Try Seventeen
True Genres: Comedy/Drama
Pred Genres: Comedy/Drama

Film Title: Courage Under Fire
True Genres: Action/Drama/Mystery/Thriller/War
Pred Genres: Drama/Romance/Thriller

Film Title: The Unearthly
True Genres: Sci-Fi/Horror
Pred Genres: Comedy/Crime/Thriller

Film Title: Alexander
True Genres: Action/Biography/Drama/History/War
Pred Genres: Drama/Romance

Film Title: Two Family House
True Genres: Comedy/Drama/Romance
Pred Genres: Comedy/Romance/Mystery

Film Title: Eaten Alive
True Genres: Horror/Thriller
Pred Genres: Drama

Film Title: Black Cat, White Cat
True Genres: Comedy/Crime/Romance
Pred Genres: Adventure/Romance

Film Title: The St. Francisville Experiment
True Genres: Horror/Mystery/Thriller
Pred Genres: Horror/Sci-Fi/Action

Film Title: Wild Reeds
True Genres: Drama
Pred Genres: Drama

Film Title: Loco Love
True Genres: Comedy/Romance
Pred Genres: Comedy/Romance

Film Title: Gasoline
True Genres: Crime/Drama/Romance
Pred Genres: Adventure/Action/Thriller

Film Title: Real Genius
True Genres: Comedy/Romance/Sci-Fi
Pred Genres: Drama

Film Title: Monkey Business
True Genres: Comedy/Musical
Pred Genres: Drama

Film Title: On Deadly Ground
True Genres: Action/Adventure/Thriller
Pred Genres: Action/Crime/Thriller

Film Title: Hair Show
True Genres: Comedy/Romance
Pred Genres: Comedy

Film Title: Marcel Proust's Time Regained
True Genres: Drama/Romance/War
Pred Genres: Drama/Romance

Film Title: A Day Without a Mexican
True Genres: Comedy/Drama/Fantasy/Mystery
Pred Genres: Comedy/Action

Film Title: The Wash
True Genres: Comedy
Pred Genres: Comedy/Romance/Fantasy/Animation

Film Title: In Praise of Love
True Genres: Drama
Pred Genres: Drama

Film Title: Hostage
True Genres: Action/Crime/Drama/Thriller
Pred Genres: Drama/Action

Film Title: Undertaking Betty
True Genres: Comedy/Romance
Pred Genres: Sci-Fi/Comedy/Action

Film Title: The Shape of Things
True Genres: Comedy/Drama/Romance
Pred Genres: Comedy

Film Title: Blood for Dracula
True Genres: Horror
Pred Genres: Drama

Film Title: Babylon 5: A Call to Arms
True Genres: Action/Adventure/Drama/Sci-Fi
Pred Genres: Sci-Fi/Adventure/Action/Family/Fantasy/Animation

Film Title: Spirit: Stallion of the Cimarron
True Genres: Animation/Adventure/Drama/Family/Western
Pred Genres: Adventure/Family/Fantasy/Animation

Film Title: The Age of Innocence
True Genres: Drama/Romance
Pred Genres: Drama/Romance/Music

Film Title: F/X2
True Genres: Action/Thriller
Pred Genres: Drama/Mystery/Crime/Thriller

Film Title: Under Suspicion
True Genres: Crime/Drama/Thriller
Pred Genres: Drama

Film Title: Beyond Rangoon
True Genres: Action/Adventure/Drama
Pred Genres: Drama/Adventure/Family/Fantasy

Film Title: Fright Night Part 2
True Genres: Comedy/Horror/Thriller
Pred Genres: Horror/Thriller

Film Title: The Divorcee
True Genres: Romance/Drama
Pred Genres: Drama/Romance

Film Title: Swing Shift
True Genres: Drama/Romance/War
Pred Genres: Romance/Crime/Thriller

Film Title: Why We Fight
True Genres: Documentary/War
Pred Genres: Drama/Adventure/War

Film Title: The Young Unknowns
True Genres: Drama
Pred Genres: Comedy

Film Title: Very Annie Mary
True Genres: Comedy/Musical
Pred Genres: Comedy/Family

Film Title: Orgazmo
True Genres: Comedy
Pred Genres: Comedy

Film Title: Fat Girl
True Genres: Drama
Pred Genres: Drama

Film Title: DNA
True Genres: Action/Adventure/Horror/Sci-Fi/Thriller
Pred Genres: Action

Film Title: Les Carabiniers
True Genres: Comedy/Drama/War
Pred Genres: Drama

Film Title: House of Fools
True Genres: Drama/Music/Romance/War
Pred Genres: 

Film Title: Sinbad and the Eye of the Tiger
True Genres: Action/Adventure/Family/Fantasy
Pred Genres: Adventure/Action/Family/Fantasy/Animation

Film Title: The Stand
True Genres: Adventure/Drama/Fantasy/Horror/Sci-Fi
Pred Genres: Sci-Fi/Adventure/Action/Family/Fantasy

Film Title: Wrong Turn
True Genres: Horror/Thriller
Pred Genres: Drama/Thriller

Film Title: Under the Lighthouse Dancing
True Genres: Drama
Pred Genres: Comedy/Drama/Crime

Film Title: Exorcist II: The Heretic
True Genres: Horror
Pred Genres: Drama/Thriller

Film Title: The Journey of Natty Gann
True Genres: Adventure/Family
Pred Genres: Drama/War

Film Title: Go Now
True Genres: Drama/Romance/Sport
Pred Genres: Drama

Film Title: Alive
True Genres: Biography/Drama/Thriller
Pred Genres: Drama/Thriller

Film Title: The Stepford Wives
True Genres: Comedy/Horror/Sci-Fi/Thriller
Pred Genres: Comedy/Romance

Film Title: Cabeza de Vaca
True Genres: Adventure/Biography/Drama/History/Western
Pred Genres: Drama

Film Title: Lovely & Amazing
True Genres: Comedy/Drama/Romance
Pred Genres: Comedy/Drama/Romance

Film Title: Memories
True Genres: Animation/Comedy/Fantasy/Horror/Sci-Fi/Thriller
Pred Genres: Drama/Romance

Film Title: Sweetie
True Genres: Comedy/Drama
Pred Genres: Drama/Thriller

Film Title: Left Luggage
True Genres: Drama
Pred Genres: Drama/Crime

Film Title: Leviathan
True Genres: Adventure/Horror/Mystery/Sci-Fi/Thriller
Pred Genres: Sci-Fi/Drama/Thriller

Film Title: Jesus of Montreal
True Genres: Drama
Pred Genres: Drama/Adventure

Film Title: Life and Debt
True Genres: Documentary
Pred Genres: Drama

Film Title: Extreme Prejudice
True Genres: Action/Crime/Drama/History/Thriller/Western
Pred Genres: Sport

Film Title: Kicked in the Head
True Genres: Comedy/Crime/Drama
Pred Genres: Comedy/Adventure/Family

Film Title: Bread and Chocolate
True Genres: Comedy/Drama
Pred Genres: Comedy/Drama

Film Title: The Super
True Genres: Comedy
Pred Genres: Comedy

Film Title: The Lone Ranger
True Genres: Western
Pred Genres: Comedy

Film Title: The Outsiders
True Genres: Crime/Drama
Pred Genres: Drama

Film Title: Real Life
True Genres: Comedy
Pred Genres: Comedy

Film Title: Cheech and Chong's Next Movie
True Genres: Comedy/Crime/Sci-Fi
Pred Genres: Comedy

Film Title: The Heroes of Telemark
True Genres: Action/Drama/History/War
Pred Genres: Adventure/Mystery

Film Title: The Comedy of Terrors
True Genres: Comedy/Horror
Pred Genres: Comedy

Film Title: Our Song
True Genres: Drama
Pred Genres: Drama/Romance

Film Title: From Justin to Kelly
True Genres: Comedy/Musical/Romance
Pred Genres: Comedy/Romance

Film Title: Lost in La Mancha
True Genres: Documentary
Pred Genres: Comedy

Film Title: Celtic Pride
True Genres: Comedy/Sport
Pred Genres: Comedy

Film Title: The Trojan Women
True Genres: Drama
Pred Genres: Drama/Action/History/War

Film Title: Beach Party
True Genres: Comedy/Musical/Romance
Pred Genres: Comedy

Film Title: Space Cowboys
True Genres: Action/Adventure/Thriller
Pred Genres: Horror/Thriller

Film Title: Let It Come Down: The Life of Paul Bowles
True Genres: Documentary/Biography
Pred Genres: Drama

Film Title: Death Before Dishonor
True Genres: Action/Drama
Pred Genres: 

Film Title: Young at Heart
True Genres: Drama/Musical/Romance
Pred Genres: Comedy/Romance

Film Title: 2046
True Genres: Drama/Romance/Sci-Fi
Pred Genres: Comedy/Drama

Film Title: A Family Thing
True Genres: Comedy/Drama
Pred Genres: Comedy

Film Title: The Big Bounce
True Genres: Comedy/Crime
Pred Genres: Comedy/Crime

Film Title: Bread and Roses
True Genres: Drama
Pred Genres: Drama/Mystery/Thriller

Film Title: Die, Mommie, Die!
True Genres: Comedy
Pred Genres: 

Film Title: Wyatt Earp
True Genres: Adventure/Biography/Crime/Drama/Western
Pred Genres: Drama/Adventure

Film Title: FairyTale: A True Story
True Genres: Drama/Family/Fantasy/Mystery
Pred Genres: Drama/Adventure/Family/Fantasy

Film Title: I'm All Right Jack
True Genres: Comedy
Pred Genres: Comedy/Drama/Romance

Film Title: Steel Magnolias
True Genres: Comedy/Drama/Romance
Pred Genres: Comedy

Film Title: 10
True Genres: Comedy/Romance
Pred Genres: Comedy/Drama/Romance

Film Title: Gypsy
True Genres: Biography/Comedy/Drama/Musical
Pred Genres: Comedy/Drama

Film Title: Children of Paradise
True Genres: Drama/Romance
Pred Genres: Comedy/Family/Fantasy

Film Title: Bulworth
True Genres: Comedy/Drama/Romance
Pred Genres: Drama/Crime/Thriller

Film Title: Bye-Bye
True Genres: Drama
Pred Genres: Drama

Film Title: Close-Up
True Genres: Biography/Crime/Drama
Pred Genres: Drama

Film Title: Magnolia
True Genres: Drama
Pred Genres: Drama/Adventure/Romance/Fantasy

Film Title: Scary Movie 3
True Genres: Comedy/Horror
Pred Genres: Sci-Fi/Comedy/Action

Film Title: The Best Little Whorehouse in Texas
True Genres: Comedy/Musical
Pred Genres: Comedy/Romance

Film Title: Criminal Law
True Genres: Crime/Drama/Thriller
Pred Genres: Horror/Mystery/Thriller

Film Title: Star Trek: The Motion Picture
True Genres: Adventure/Mystery/Sci-Fi
Pred Genres: Sci-Fi/Adventure/Action/Thriller/Fantasy

Film Title: Empire of Passion
True Genres: Drama/Horror/Romance
Pred Genres: Horror/Sci-Fi

Film Title: Rudy
True Genres: Biography/Drama/Sport
Pred Genres: Drama/War

Film Title: Angels and Insects
True Genres: Drama/Romance
Pred Genres: Drama/Romance

Film Title: Murder at 1600
True Genres: Action/Crime/Drama/Mystery/Thriller
Pred Genres: Drama/Mystery/Fantasy

Film Title: The Pacifier
True Genres: Action/Comedy/Drama/Family
Pred Genres: Comedy

Film Title: The Bad and the Beautiful
True Genres: Drama/Romance
Pred Genres: Comedy/Drama/Romance

Film Title: Secret Window
True Genres: Drama/Mystery/Thriller
Pred Genres: Sci-Fi/Drama/Action/Thriller

Film Title: Hammett
True Genres: Crime/Drama/Mystery
Pred Genres: Drama/Mystery/Thriller

Film Title: Bringing Up Baby
True Genres: Comedy/Family/Romance
Pred Genres: Comedy/Romance/Family/Fantasy

Film Title: Teenagers from Outer Space
True Genres: Horror/Sci-Fi/Thriller
Pred Genres: Drama/Mystery/Crime/Thriller

Film Title: The Escapist
True Genres: Action/Crime/Drama/Thriller
Pred Genres: Horror

Film Title: The Exterminating Angel
True Genres: Drama/Fantasy
Pred Genres: Drama/Romance

Film Title: Repulsion
True Genres: Drama/Horror/Thriller
Pred Genres: Drama

Film Title: Normal
True Genres: Drama
Pred Genres: Drama/Romance

Film Title: Flash Gordon Conquers the Universe
True Genres: Action/Adventure/Sci-Fi
Pred Genres: Comedy/Romance

Film Title: The Weight of Water
True Genres: Crime/Drama/Mystery/Thriller
Pred Genres: Drama/Thriller

Film Title: The Honeymoon Killers
True Genres: Crime/Drama/Romance/Thriller
Pred Genres: Comedy

Film Title: Heaven Can Wait
True Genres: Comedy/Fantasy/Romance/Sport
Pred Genres: Drama

Film Title: Kingdom Come
True Genres: Comedy/Drama/Family
Pred Genres: Comedy/Romance/Family

Film Title: A Nightmare on Elm Street 3: Dream Warriors
True Genres: Fantasy/Horror
Pred Genres: Drama

Film Title: Fahrenheit 451
True Genres: Drama/Sci-Fi
Pred Genres: Drama

Film Title: Joe Dirt
True Genres: Adventure/Comedy/Drama
Pred Genres: Comedy

Film Title: How to Kill Your Neighbor's Dog
True Genres: Comedy/Drama
Pred Genres: Drama

Film Title: Police Academy 4: Citizens on Patrol
True Genres: Comedy/Crime
Pred Genres: Comedy/Action

Film Title: French Twist
True Genres: Comedy
Pred Genres: Comedy

Film Title: Fire Down Below
True Genres: Action/Drama/Thriller
Pred Genres: Drama/Action/Thriller

Film Title: Ball of Fire
True Genres: Comedy/Romance
Pred Genres: Comedy/Drama/Romance

Film Title: Spin
True Genres: Drama/Family
Pred Genres: Comedy/Drama/Crime/Thriller

Film Title: Son of Dracula
True Genres: Drama/Fantasy/Horror/Romance
Pred Genres: Horror

Film Title: Recess: School's Out
True Genres: Animation/Comedy/Family
Pred Genres: Comedy/Adventure/Family/Animation

Film Title: Brief Encounter
True Genres: Drama/Romance
Pred Genres: Drama/Romance

Film Title: Temptress Moon
True Genres: Drama/Romance
Pred Genres: Horror/Mystery/Thriller

Film Title: Prozac Nation
True Genres: Biography/Drama/Romance
Pred Genres: Comedy

Film Title: The Sandpiper
True Genres: Drama
Pred Genres: Drama

Film Title: Fire and Ice
True Genres: Animation/Fantasy/Adventure
Pred Genres: Sci-Fi/Adventure/Action/Family/Fantasy

Film Title: Zorba the Greek
True Genres: Comedy/Drama
Pred Genres: Comedy/Drama

Film Title: Strangers on a Train
True Genres: Crime/Film-Noir/Thriller
Pred Genres: Drama/Crime/Thriller

Film Title: In Hell
True Genres: Action/Drama/Thriller
Pred Genres: Drama/Crime/Thriller

Film Title: Loves of a Blonde
True Genres: Comedy/Romance/Drama
Pred Genres: Comedy/Drama

Film Title: My Friend Flicka
True Genres: Family/Western
Pred Genres: Drama/Adventure/Family/Western

Film Title: The Greatest Show on Earth
True Genres: Drama/Family/Romance
Pred Genres: Adventure/Family/Fantasy

Film Title: Smooth Talk
True Genres: Drama/Romance/Thriller
Pred Genres: 

Film Title: Night Watch
True Genres: Action/Fantasy/Horror/Thriller
Pred Genres: Sci-Fi/Action/Thriller

Film Title: Sleepover
True Genres: Drama
Pred Genres: Drama/Mystery

Film Title: The Wackiest Ship in the Army
True Genres: Comedy/Drama/War
Pred Genres: Adventure/Family/War

Film Title: Flirting
True Genres: Drama/Romance
Pred Genres: 

Film Title: The Light at the Edge of the World
True Genres: Adventure/Drama/Fantasy/Thriller
Pred Genres: Horror/Sci-Fi/Adventure/Fantasy

Film Title: Infernal Affairs II
True Genres: Action/Crime/Drama/Thriller
Pred Genres: Comedy/Drama

Film Title: Before and After
True Genres: Crime/Drama/Mystery
Pred Genres: Drama

Film Title: The Horseman on the Roof
True Genres: Adventure/Drama/Romance/War
Pred Genres: Drama/Romance

Film Title: On the Ropes
True Genres: Documentary/Drama/Sport
Pred Genres: Horror/Drama/Thriller

Film Title: One Little Indian
True Genres: Comedy/Family/Western
Pred Genres: Drama/Action

Film Title: The Missouri Breaks
True Genres: Drama/Western
Pred Genres: Drama/Western

Film Title: Night Tide
True Genres: Horror/Romance/Thriller
Pred Genres: Drama/Crime

Film Title: Things Behind the Sun
True Genres: Drama/Music
Pred Genres: Horror/Sci-Fi/Thriller

Film Title: Winter Light
True Genres: Drama
Pred Genres: Drama

Film Title: Frank and Ollie
True Genres: Documentary
Pred Genres: Comedy/Musical/Family

Film Title: A Month by the Lake
True Genres: Comedy/Drama/Romance
Pred Genres: Drama/Adventure/Family/Fantasy

Film Title: Freud
True Genres: Biography/Drama
Pred Genres: Drama/Mystery/Crime/Thriller

Film Title: Storm of the Century
True Genres: Drama/Fantasy/Horror/Thriller
Pred Genres: Horror/Sci-Fi/Mystery/Action/Thriller

Film Title: The Unknown Soldier
True Genres: Drama/War
Pred Genres: Drama/Action/Thriller

Film Title: Champagne for Caesar
True Genres: Comedy/Romance
Pred Genres: Comedy

Film Title: Mr. Wrong
True Genres: Comedy
Pred Genres: Comedy/Romance/Family

Film Title: Heavy Metal 2000
True Genres: Animation/Action/Adventure/Fantasy/Sci-Fi
Pred Genres: Sci-Fi/Comedy/Adventure/Action

Film Title: Last Train from Gun Hill
True Genres: Drama/Romance/Western
Pred Genres: Drama/Romance/History/War

Film Title: Siu Tai Gik
True Genres: Action/Comedy
Pred Genres: Drama/Romance

Film Title: Carman: The Champion
True Genres: Action/Drama/Sport
Pred Genres: Drama/Thriller

Film Title: The Stuff
True Genres: Comedy/Horror/Sci-Fi
Pred Genres: Horror/Sci-Fi

Film Title: Soylent Green
True Genres: Crime/Mystery/Sci-Fi/Thriller
Pred Genres: Adventure/Action/Western

Film Title: The Net
True Genres: Action/Crime/Drama/Mystery/Thriller
Pred Genres: Drama/Mystery/Thriller

Film Title: Quick Change
True Genres: Comedy/Crime
Pred Genres: Comedy

Film Title: Starstruck
True Genres: Comedy/Musical/Drama
Pred Genres: Comedy

Film Title: Music Box
True Genres: Crime/Drama/Thriller
Pred Genres: Drama/Romance/Thriller

Film Title: That Old Feeling
True Genres: Comedy/Romance
Pred Genres: Comedy/Drama/Romance

Film Title: Shanghai Knights
True Genres: Action/Adventure/Comedy
Pred Genres: Drama/Mystery/Action/Crime/Thriller

Film Title: Waiting for Guffman
True Genres: Comedy
Pred Genres: Comedy/Drama/Family

Film Title: Son of Paleface
True Genres: Comedy/Romance/Western
Pred Genres: Comedy/Western

Film Title: House of Games
True Genres: Crime/Thriller
Pred Genres: Drama/Mystery/Thriller

Film Title: Loners
True Genres: Comedy
Pred Genres: Drama/Fantasy

Film Title: Wuthering Heights
True Genres: Drama/History/Romance
Pred Genres: Drama/Romance/History/War

Film Title: His Girl Friday
True Genres: Comedy/Drama/Romance
Pred Genres: Drama/Romance/Mystery/Crime/Thriller

Film Title: The Big Town
True Genres: Drama/Romance/Thriller
Pred Genres: Drama

Film Title: The Godfather: Part II
True Genres: Crime/Drama
Pred Genres: Drama/Romance

Film Title: Proof
True Genres: Drama/Romance
Pred Genres: Comedy/Drama

Film Title: Carousel
True Genres: Drama/Fantasy/Musical
Pred Genres: Comedy/Romance

Film Title: Maya Lin: A Strong Clear Vision
True Genres: Documentary/Biography
Pred Genres: Drama/Thriller

Film Title: Fierce Creatures
True Genres: Comedy
Pred Genres: Comedy

Film Title: The Five Senses
True Genres: Comedy/Drama/Music
Pred Genres: 

Film Title: Dolls
True Genres: Horror
Pred Genres: Horror/Sci-Fi/Adventure/Fantasy

Film Title: Little Buddha
True Genres: Drama
Pred Genres: Drama/Romance/History

Film Title: The Nude Bomb
True Genres: Action/Comedy/Crime/Mystery/Sci-Fi
Pred Genres: Drama/Romance

Film Title: Dead Alive
True Genres: Comedy/Fantasy/Horror/Thriller
Pred Genres: Comedy

Film Title: Miss Congeniality
True Genres: Action/Comedy/Crime/Romance
Pred Genres: Drama/Action/Crime/Thriller

Film Title: 18 Again!
True Genres: Comedy/Fantasy/Romance
Pred Genres: Comedy/Crime

Film Title: The Winter Guest
True Genres: Drama
Pred Genres: Drama/Romance

Film Title: Legal Deceit
True Genres: Thriller
Pred Genres: Drama/Mystery

Film Title: The Informer
True Genres: Crime/Drama
Pred Genres: Drama/History/War

Film Title: The Gathering
True Genres: Horror/Thriller
Pred Genres: Comedy/Drama

Film Title: Perfect Blue
True Genres: Animation/Crime/Mystery/Thriller
Pred Genres: Drama

Film Title: The Nine Lives of Fritz the Cat
True Genres: Animation/Comedy
Pred Genres: Sci-Fi/Adventure/Action/Family/Fantasy/Animation

Film Title: Eddie Murphy: Delirious
True Genres: Comedy
Pred Genres: 

Film Title: No Turning Back
True Genres: Action/Adventure/Drama/Thriller
Pred Genres: Drama/Romance

Film Title: Layer Cake
True Genres: Action/Crime/Drama/Thriller
Pred Genres: Drama

Film Title: The Door in the Floor
True Genres: Comedy/Drama
Pred Genres: Drama/Romance/Mystery/Thriller

Film Title: Pavilion of Women
True Genres: Drama/Romance/War
Pred Genres: Horror/Thriller

Film Title: Color of Night
True Genres: Mystery/Romance/Thriller
Pred Genres: Horror/Drama/Mystery/Thriller

Film Title: Help!
True Genres: Adventure/Comedy/Musical
Pred Genres: Comedy

Film Title: Murder, My Sweet
True Genres: Crime/Drama/Film-Noir/Mystery/Thriller
Pred Genres: Drama/Romance

Film Title: Bait
True Genres: Action/Comedy/Crime/Thriller
Pred Genres: Sci-Fi/Drama

Film Title: The Day of the Locust
True Genres: Drama/Thriller
Pred Genres: Horror/Sci-Fi/Family/Fantasy

Film Title: Searching for Bobby Fischer
True Genres: Biography/Drama
Pred Genres: Comedy/Drama

Film Title: Double Impact
True Genres: Action/Crime
Pred Genres: Comedy

Film Title: Romeo Is Bleeding
True Genres: Crime/Drama/Romance
Pred Genres: Sci-Fi/Adventure/Action/Thriller

Film Title: Cry-Baby
True Genres: Comedy/Musical
Pred Genres: Comedy/Romance

Film Title: Madhouse
True Genres: Comedy
Pred Genres: Comedy

Film Title: Ben-Hur: A Tale of the Christ
True Genres: Adventure/Drama/Romance
Pred Genres: Comedy

Film Title: This Gun for Hire
True Genres: Crime/Drama/Film-Noir/Thriller
Pred Genres: Drama

Film Title: Ed Wood
True Genres: Biography/Comedy/Drama
Pred Genres: Thriller

Film Title: Thirteen Days
True Genres: Drama/History/Thriller
Pred Genres: Drama/Mystery/Thriller

Film Title: Tombstone
True Genres: Action/Biography/Drama/History/Western
Pred Genres: Drama/Romance/Western

Film Title: Jonah Who Will Be 25 in the Year 2000
True Genres: Drama
Pred Genres: Comedy/Drama/Romance

Film Title: Annie Get Your Gun
True Genres: Biography/Comedy/Musical/Romance/Western
Pred Genres: Adventure/Musical/Family/Fantasy/Western

Film Title: Comedian
True Genres: Documentary/Comedy
Pred Genres: Drama/Mystery/Crime/Thriller

Film Title: All Monsters Attack
True Genres: Action/Adventure/Family/Sci-Fi
Pred Genres: Horror

Film Title: K-19: The Widowmaker
True Genres: Drama/History/Thriller/War
Pred Genres: Sci-Fi/Drama/Mystery/Thriller

Film Title: Two If by Sea
True Genres: Comedy/Crime/Romance
Pred Genres: Drama

Film Title: Suicide Kings
True Genres: Comedy/Crime/Drama/Mystery/Thriller
Pred Genres: Comedy

Film Title: Surplus: Terrorized Into Being Consumers
True Genres: Documentary
Pred Genres: Drama

Film Title: À Nous la Liberté
True Genres: Comedy/Musical
Pred Genres: Drama

Film Title: The Thing
True Genres: Horror/Mystery/Sci-Fi
Pred Genres: Action/Thriller

Film Title: Original Gangstas
True Genres: Action/Crime/Drama/Thriller
Pred Genres: Drama/Action

Film Title: Crows and Sparrows
True Genres: Drama
Pred Genres: Comedy/Drama

Film Title: Bandits
True Genres: Drama/Music
Pred Genres: Comedy/Romance/Fantasy

Film Title: Rubin and Ed
True Genres: Comedy/Drama
Pred Genres: Drama

Film Title: Children Underground
True Genres: Documentary
Pred Genres: Drama/Romance

Film Title: Adam's Rib
True Genres: Comedy/Drama/Romance
Pred Genres: Comedy/Family

Film Title: Tokyo Godfathers
True Genres: Animation/Adventure/Comedy/Drama
Pred Genres: Adventure/Musical/Family/Fantasy/Animation

Film Title: Bubba Ho-Tep
True Genres: Comedy/Fantasy/Horror/Mystery/Western
Pred Genres: Drama

Film Title: Where's Marlowe?
True Genres: Comedy/Mystery/Thriller
Pred Genres: Drama

Film Title: Dutch
True Genres: Comedy/Drama
Pred Genres: Comedy

Film Title: S.F.W.
True Genres: Comedy/Drama
Pred Genres: Sci-Fi/Action

Film Title: Armour of God
True Genres: Action/Adventure/Comedy
Pred Genres: Drama/War

Film Title: Born Rich
True Genres: Documentary
Pred Genres: Drama/Romance

Film Title: Don't Be a Menace to South Central While Drinking Your Juice in the Hood
True Genres: Comedy/Crime
Pred Genres: Comedy/Action/Crime

Film Title: The Harder They Come
True Genres: Crime/Drama/Music
Pred Genres: Comedy/Adventure/Musical/Family/Fantasy

Film Title: Medicine Man
True Genres: Adventure/Drama/Romance
Pred Genres: Drama/Romance

Film Title: The Butcher Boy
True Genres: Comedy/Drama
Pred Genres: Comedy/Drama/Musical/Music

Film Title: The Great Waldo Pepper
True Genres: Adventure/Drama
Pred Genres: Drama/Adventure/Thriller

Film Title: Mr. Toad's Wild Ride
True Genres: Adventure/Comedy/Family/Fantasy/Musical
Pred Genres: Comedy/Fantasy

Film Title: The Four Days of Naples
True Genres: Drama/War
Pred Genres: Mystery/Thriller

Film Title: The Diary of a Chambermaid
True Genres: Drama/Romance
Pred Genres: Drama/Mystery/Thriller

Film Title: The Rapture
True Genres: Drama/Mystery
Pred Genres: Drama/Romance

Film Title: Windtalkers
True Genres: Action/Drama/War
Pred Genres: Drama/War

Film Title: Weird Science
True Genres: Comedy/Romance/Sci-Fi
Pred Genres: Drama/Romance/Crime/Thriller

Film Title: Ghost Dog: The Way of the Samurai
True Genres: Action/Crime/Drama/Thriller
Pred Genres: Drama/Mystery/Thriller

Film Title: The Monkey's Mask
True Genres: Crime/Mystery/Thriller
Pred Genres: Drama

Film Title: I Dreamed of Africa
True Genres: Adventure/Biography/Drama/Romance
Pred Genres: Drama

Film Title: The United States of Leland
True Genres: Drama
Pred Genres: Comedy/Drama

Film Title: The Great Santini
True Genres: Drama
Pred Genres: Drama/Action/Crime/Thriller

Film Title: Dark Command
True Genres: Drama/Romance/Western
Pred Genres: Drama/Crime/Thriller

Film Title: Searching for Debra Winger
True Genres: Documentary
Pred Genres: 

Film Title: Barbarian Queen II: The Empress Strikes Back
True Genres: Action/Adventure/Fantasy
Pred Genres: Sci-Fi/Adventure/Action/Thriller

Film Title: Michael Collins
True Genres: Biography/Drama/Thriller/War
Pred Genres: Drama

Film Title: Style Wars
True Genres: Documentary/Music
Pred Genres: Drama

Film Title: Macross Plus
True Genres: Animation/Sci-Fi
Pred Genres: Comedy/Adventure/Family/Fantasy/Animation

Film Title: Live and Let Die
True Genres: Action/Adventure/Thriller
Pred Genres: Adventure/Action

Film Title: The Lawnmower Man
True Genres: Horror/Sci-Fi
Pred Genres: Adventure/Family/Fantasy

Film Title: Jade
True Genres: Crime/Drama/Thriller
Pred Genres: Drama

Film Title: The Absent Minded Professor
True Genres: Comedy/Family/Sci-Fi/Sport
Pred Genres: Comedy/Drama

Film Title: The Cheerleaders
True Genres: Comedy/Sport
Pred Genres: Horror

Film Title: And Life Goes On
True Genres: Adventure/Drama
Pred Genres: Drama/Adventure

Film Title: The Rundown
True Genres: Action/Adventure/Comedy/Thriller
Pred Genres: Drama/Action/Crime/Thriller

Film Title: The Ballad of Ramblin' Jack
True Genres: Documentary/Biography/Music
Pred Genres: Horror/Thriller

Film Title: Cruel Intentions
True Genres: Drama/Romance
Pred Genres: Drama/Romance

Film Title: Germany Year Zero
True Genres: Drama/War
Pred Genres: Drama

Film Title: Who Finds a Friend Finds a Treasure
True Genres: Adventure/Comedy/Action
Pred Genres: Comedy

Film Title: Strictly Ballroom
True Genres: Comedy/Drama/Music/Romance
Pred Genres: Drama

Film Title: White Fang 2: Myth of the White Wolf
True Genres: Adventure/Family
Pred Genres: Drama/Adventure/Family

Film Title: The War of the Roses
True Genres: Comedy/Romance
Pred Genres: Comedy

Film Title: The Deceivers
True Genres: Adventure/Drama/Thriller
Pred Genres: Drama/Mystery/Thriller

Film Title: Trouble Bound
True Genres: Action/Comedy
Pred Genres: Comedy/Thriller

Film Title: Divine Secrets of the Ya-Ya Sisterhood
True Genres: Drama
Pred Genres: Drama

Film Title: The Left Handed Gun
True Genres: Western
Pred Genres: Drama/Western

Film Title: Star Trek: First Contact
True Genres: Action/Adventure/Drama/Sci-Fi/Thriller
Pred Genres: Sci-Fi/Adventure/Action/Thriller

Film Title: The Go-Between
True Genres: Drama/Romance
Pred Genres: Drama

Film Title: Burnt by the Sun
True Genres: Drama/History/War
Pred Genres: Drama

Film Title: So Fine
True Genres: Comedy
Pred Genres: Comedy

Film Title: The Low Life
True Genres: Drama
Pred Genres: Comedy/Drama

Film Title: The Last Emperor
True Genres: Biography/Drama/History
Pred Genres: Drama

Film Title: A Study in Terror
True Genres: Crime/Mystery/Thriller
Pred Genres: Horror/Romance/Thriller

Film Title: Places in the Heart
True Genres: Drama
Pred Genres: Drama/Romance

Film Title: Idle Mist
True Genres: Horror/Crime/Short
Pred Genres: Horror/Drama/Mystery/Thriller

Film Title: Prick Up Your Ears
True Genres: Biography/Drama
Pred Genres: Comedy/Drama

Film Title: The Cabinet of Dr. Ramirez
True Genres: Drama/Music/Mystery
Pred Genres: Drama

Film Title: GhostWatcher
True Genres: Horror/Mystery/Sci-Fi/Thriller
Pred Genres: Drama

Film Title: The Glass Menagerie
True Genres: Drama
Pred Genres: Drama

Film Title: Blackbeard's Ghost
True Genres: Comedy/Family/Fantasy
Pred Genres: Drama/Action

Film Title: Shadow of the Thin Man
True Genres: Comedy/Crime/Mystery
Pred Genres: Comedy/Drama

Film Title: Air Bud: Golden Receiver
True Genres: Comedy/Family/Sport
Pred Genres: Sci-Fi/Comedy/Family

Film Title: Zhou Yu's Train
True Genres: Drama/Romance
Pred Genres: Drama/Romance

Film Title: Nueba Yol
True Genres: Comedy/Drama
Pred Genres: Drama/Adventure/Thriller

Film Title: Rat
True Genres: Comedy/Drama/Family/Fantasy
Pred Genres: Drama

Film Title: Better Living
True Genres: Comedy
Pred Genres: Drama/War/Western

Film Title: The Machinist
True Genres: Drama/Thriller
Pred Genres: Drama/Mystery/Thriller

Film Title: Stealing Beauty
True Genres: Drama/Mystery/Romance
Pred Genres: Comedy/Drama/Romance

Film Title: The Hotel New Hampshire
True Genres: Comedy/Drama
Pred Genres: Adventure/Family/Fantasy/Animation

Film Title: One from the Heart
True Genres: Drama/Musical/Romance
Pred Genres: Sci-Fi/Adventure/Action/Thriller

Film Title: Police Academy 2: Their First Assignment
True Genres: Comedy
Pred Genres: Adventure/Action/War

Film Title: Night on Earth
True Genres: Comedy/Drama
Pred Genres: Comedy/Drama

Film Title: Trois
True Genres: Romance/Thriller
Pred Genres: Drama

Film Title: The Fan
True Genres: Drama/Horror/Thriller
Pred Genres: Horror/Sci-Fi/Mystery/Thriller

Film Title: Bug
True Genres: Horror/Mystery/Sci-Fi/Thriller
Pred Genres: Sci-Fi/Drama/Action

Film Title: The Son Of...
True Genres: Drama
Pred Genres: Drama

Film Title: Little Women
True Genres: Drama/Family/Romance
Pred Genres: Comedy/Romance

Film Title: Bar Girls
True Genres: Drama
Pred Genres: Comedy/Drama/Romance

Film Title: The Wild Parrots of Telegraph Hill
True Genres: Documentary
Pred Genres: Horror

Film Title: The Great Outdoors
True Genres: Comedy
Pred Genres: Drama

Film Title: Woman Thou Art Loosed
True Genres: Drama
Pred Genres: Drama/Animation

Film Title: The Blue Angel
True Genres: Drama/Music
Pred Genres: Comedy

Film Title: Man on the Moon
True Genres: Biography/Comedy/Drama
Pred Genres: Drama

Film Title: For Love or Country: The Arturo Sandoval Story
True Genres: Biography/Drama/Music
Pred Genres: Drama/Romance

Film Title: Imitation of Life
True Genres: Drama
Pred Genres: Comedy

Film Title: The Thin Blue Lie
True Genres: Drama
Pred Genres: Drama/Thriller

Film Title: Pursuit of Happiness
True Genres: Comedy/Romance
Pred Genres: Comedy/Romance

Film Title: The Black Cat
True Genres: Adventure/Crime/Horror/Romance/Thriller
Pred Genres: Drama/Action/Crime/Thriller

Film Title: Zu: Warriors from the Magic Mountain
True Genres: Action/Adventure/Fantasy/Horror
Pred Genres: Drama/Adventure/Musical/Family/Fantasy/Animation

Film Title: Black Tights
True Genres: Drama/Musical
Pred Genres: 

Film Title: Flowers in the Attic
True Genres: Drama/Mystery/Thriller
Pred Genres: Drama

Film Title: Head
True Genres: Comedy/Fantasy/Musical
Pred Genres: Comedy/Crime

Film Title: Dante's Peak
True Genres: Action/Adventure/Thriller
Pred Genres: Drama/Thriller

Film Title: Mutiny on the Bounty
True Genres: Adventure/Biography/Drama/History/Romance
Pred Genres: Adventure/Romance/Family/Fantasy

Film Title: Barbarosa
True Genres: Western
Pred Genres: Western

Film Title: The Man in the Gray Flannel Suit
True Genres: Drama/Romance/War
Pred Genres: Drama/History/War

Film Title: Out Cold
True Genres: Comedy/Drama/Thriller
Pred Genres: Comedy/Family

Film Title: Crazy as Hell
True Genres: Drama/Thriller
Pred Genres: Drama/Adventure

Film Title: Bloodhounds of Broadway
True Genres: Comedy/Drama/Romance
Pred Genres: Drama/Crime/Thriller

Film Title: He Said, She Said
True Genres: Comedy/Drama/Romance
Pred Genres: Comedy/Romance

Film Title: Fantastic Voyage
True Genres: Adventure/Family/Sci-Fi
Pred Genres: Drama/Thriller

Film Title: Heart of America
True Genres: Drama
Pred Genres: Drama

Film Title: Wolfen
True Genres: Horror/Thriller
Pred Genres: Horror/Mystery/Thriller

Film Title: The Patsy
True Genres: Comedy
Pred Genres: 

Film Title: Belle Epoque
True Genres: Comedy/Drama/Romance
Pred Genres: Comedy

Film Title: Darkness Falls
True Genres: Fantasy/Horror/Mystery/Thriller
Pred Genres: Horror/Sci-Fi/Thriller

Film Title: Suspect
True Genres: Crime/Drama/Thriller
Pred Genres: Drama/Romance/Crime/Thriller

Film Title: Hush... Hush, Sweet Charlotte
True Genres: Crime/Drama/Mystery/Thriller
Pred Genres: Comedy/Drama/Romance

Film Title: Sibling Rivalry
True Genres: Comedy
Pred Genres: Comedy/Drama

Film Title: Beaches
True Genres: Comedy/Drama/Music
Pred Genres: Drama/Romance

Film Title: The Matrix Reloaded
True Genres: Action/Sci-Fi
Pred Genres: Drama/Crime/Thriller

Film Title: Vertical Limit
True Genres: Action/Adventure/Drama/Thriller
Pred Genres: Horror

Film Title: The Night Porter
True Genres: Drama
Pred Genres: Drama/Romance

Film Title: Galaxy of Terror
True Genres: Action/Adventure/Horror/Sci-Fi
Pred Genres: Sci-Fi/Mystery/Thriller

Film Title: Too Late the Hero
True Genres: Action/Drama/War
Pred Genres: Comedy/Crime/Thriller

Film Title: Breakfast at Tiffany's
True Genres: Comedy/Drama/Romance
Pred Genres: Comedy/Drama/Romance

Film Title: America's Heart & Soul
True Genres: Documentary
Pred Genres: Comedy/Action

Film Title: The General
True Genres: Biography/Crime/Drama/Thriller
Pred Genres: Drama/Thriller

Film Title: Gospa
True Genres: Drama/History
Pred Genres: Drama

Film Title: Victim
True Genres: Drama
Pred Genres: Drama/Action/Crime/Thriller

Film Title: The Most Dangerous Game
True Genres: Action/Adventure/Horror/Thriller
Pred Genres: Comedy

Film Title: Scrooge
True Genres: Drama/Family/Fantasy/Musical/Romance/Thriller
Pred Genres: Comedy/Adventure

Film Title: May
True Genres: Comedy/Drama/Horror/Thriller
Pred Genres: Horror/Drama/Thriller

Film Title: Fata Morgana
True Genres: Documentary/Comedy/Drama
Pred Genres: Drama/Thriller

Film Title: xXx
True Genres: Action/Adventure/Thriller
Pred Genres: Sci-Fi/Drama/Adventure/Action/Thriller

Film Title: Trapped
True Genres: Action/Crime/Drama/Thriller
Pred Genres: Drama/Romance/Thriller

Film Title: The Secret Lives of Dentists
True Genres: Drama
Pred Genres: Drama

Film Title: Mission: Impossible
True Genres: Action/Adventure/Thriller
Pred Genres: Drama

Film Title: The Virgin Suicides
True Genres: Drama/Romance
Pred Genres: Documentary

Film Title: The Family Man
True Genres: Comedy/Drama/Fantasy/Romance
Pred Genres: Comedy/Drama

Film Title: The Wasp Woman
True Genres: Horror/Sci-Fi
Pred Genres: Adventure/Family/Fantasy/Animation

Film Title: Battleship Potemkin
True Genres: Drama/History/Thriller/War
Pred Genres: Comedy/Drama/Sport

Film Title: Swimfan
True Genres: Drama/Thriller
Pred Genres: Sci-Fi/Thriller

Film Title: A Series of Unfortunate Events
True Genres: Adventure/Comedy/Family/Fantasy
Pred Genres: Adventure/Romance/Fantasy

Film Title: New Waterford Girl
True Genres: Comedy
Pred Genres: Drama

Film Title: The French Lieutenant's Woman
True Genres: Drama/Romance
Pred Genres: Drama/Romance

Film Title: Shall We Dance
True Genres: Comedy/Musical/Romance
Pred Genres: Comedy/Drama

Film Title: Confidence
True Genres: Crime/Thriller
Pred Genres: Comedy/Drama

Film Title: The Matrix Revolutions
True Genres: Action/Sci-Fi
Pred Genres: Sci-Fi/Drama/Action

Film Title: The Adventures of Pinocchio
True Genres: Adventure/Drama/Family/Fantasy/Musical
Pred Genres: Comedy/Drama/Romance

Film Title: Lost in Space
True Genres: Action/Adventure/Family/Sci-Fi/Thriller
Pred Genres: Sci-Fi/Adventure/Action

Film Title: The Twilight Samurai
True Genres: Drama/History/Romance
Pred Genres: Drama/Mystery/Thriller

Film Title: A Simple Wish
True Genres: Comedy/Family/Fantasy
Pred Genres: Comedy/Action/Fantasy

Film Title: Blood on the Sun
True Genres: Drama/Romance/Thriller/War
Pred Genres: 

Film Title: April Fool's Day
True Genres: Horror/Mystery
Pred Genres: Comedy

Film Title: The Badge
True Genres: Crime/Drama/Mystery/Thriller
Pred Genres: Drama

Film Title: Max Dugan Returns
True Genres: Comedy/Drama
Pred Genres: Comedy/Drama

Film Title: The Postman
True Genres: Action/Adventure/Drama/Sci-Fi
Pred Genres: 

Film Title: The Bat Whispers
True Genres: Crime/Thriller/Horror/Drama/Mystery/Comedy
Pred Genres: Sci-Fi

Film Title: Gone in 60 Seconds
True Genres: Action/Crime/Drama/Thriller
Pred Genres: Sci-Fi/Comedy

Film Title: Amos & Andrew
True Genres: Comedy/Crime
Pred Genres: Comedy/Crime

Film Title: The Newton Boys
True Genres: Action/Crime/Drama/History/Western
Pred Genres: Drama/War

Film Title: Pecker
True Genres: Comedy/Drama
Pred Genres: Drama/Crime/Thriller

Film Title: Punch-Drunk Love
True Genres: Comedy/Drama/Romance/Thriller
Pred Genres: Drama/Mystery/Crime/Thriller

Film Title: Witness
True Genres: Crime/Drama/Romance/Thriller
Pred Genres: Drama/Thriller

Film Title: Twilight Zone: The Movie
True Genres: Horror/Sci-Fi
Pred Genres: Mystery/Thriller

Film Title: Hero
True Genres: Action/Adventure/History
Pred Genres: Adventure/Action/Family

Film Title: The Shop on Main Street
True Genres: Drama/War
Pred Genres: Sci-Fi/Drama/Thriller

Film Title: 800 Bullets
True Genres: Action/Comedy/Drama/Western
Pred Genres: Horror

Film Title: Terminal Velocity
True Genres: Action/Mystery/Romance/Thriller
Pred Genres: Sci-Fi/Action/Thriller

Film Title: Mrs. Doubtfire
True Genres: Comedy/Drama/Family
Pred Genres: Comedy/Drama

Film Title: Local Hero
True Genres: Comedy/Drama
Pred Genres: Comedy

Film Title: Sleepover
True Genres: Comedy/Family/Romance
Pred Genres: Comedy/Drama/Romance

Film Title: Mortal Thoughts
True Genres: Mystery/Thriller
Pred Genres: Drama

Film Title: We Don't Live Here Anymore
True Genres: Drama/Romance
Pred Genres: Drama/Romance

Film Title: Take Care of Your Scarf, Tatiana
True Genres: Comedy/Romance
Pred Genres: 

Film Title: The Upside of Anger
True Genres: Comedy/Drama
Pred Genres: Drama

Film Title: Vincent
True Genres: Animation/Short/Family/Fantasy
Pred Genres: Drama/Crime/Thriller

Film Title: The Trip
True Genres: Drama
Pred Genres: Horror/Thriller

Film Title: Maniac
True Genres: Crime/Drama/Horror/Thriller
Pred Genres: Horror

Film Title: Human Nature
True Genres: Comedy/Drama
Pred Genres: Comedy/Drama

Film Title: Is Paris Burning?
True Genres: Drama/History/War
Pred Genres: Drama/Music

Film Title: Far and Away
True Genres: Adventure/Drama/Romance/Western
Pred Genres: Drama/Adventure/History

Film Title: Ghost in the Shell 2: Innocence
True Genres: Animation/Action/Drama/Sci-Fi/Thriller
Pred Genres: Comedy/Adventure/Family/Fantasy/Animation

Film Title: My Mother's Castle
True Genres: Adventure/Biography/Comedy/Drama/Romance
Pred Genres: Drama

Film Title: Cabin Fever
True Genres: Drama/Horror
Pred Genres: Drama/Thriller

Film Title: The Grilling
True Genres: Crime/Drama/Thriller
Pred Genres: Drama/Action/Crime/Thriller

Film Title: The Babysitter
True Genres: Drama/Thriller
Pred Genres: Horror/Thriller

Film Title: Journey of Hope
True Genres: Drama
Pred Genres: Drama/Crime/Thriller

Film Title: The Krays
True Genres: Biography/Crime/Drama
Pred Genres: Drama/Romance/Crime

Film Title: JLG/JLG: Self-Portrait in December
True Genres: Documentary/Drama
Pred Genres: Drama/Adventure

Film Title: How to Make an American Quilt
True Genres: Comedy/Drama/Romance
Pred Genres: Drama/Romance

Film Title: The Devil Rides Out
True Genres: Horror
Pred Genres: Drama/Crime/Thriller

Film Title: The Russians Are Coming the Russians Are Coming
True Genres: Comedy/War
Pred Genres: Drama/Mystery/Crime/Thriller

Film Title: Cobra
True Genres: Action/Crime/Thriller
Pred Genres: Sci-Fi/Adventure/Action

Film Title: Anchors Aweigh
True Genres: Comedy/Fantasy/Music/Musical/Romance/War
Pred Genres: Comedy/Romance

Film Title: Aspen Extreme
True Genres: Drama/Romance/Sport
Pred Genres: Comedy/Adventure/Action/Family

Film Title: Blind Spot. Hitler's Secretary
True Genres: Documentary/Biography/War
Pred Genres: Horror/Sci-Fi

Film Title: Kids World
True Genres: Adventure/Comedy/Family/Fantasy
Pred Genres: Comedy/Musical

Film Title: Love & Human Remains
True Genres: Comedy/Drama
Pred Genres: Drama/Romance

Film Title: The Godfather: Part III
True Genres: Crime/Drama
Pred Genres: Drama/Romance/History

Film Title: An American Tail: Fievel Goes West
True Genres: Animation/Adventure/Family/Musical/Western
Pred Genres: Comedy/Adventure/Family/Fantasy/Animation

Film Title: Da Hip Hop Witch
True Genres: Action/Adventure/Comedy
Pred Genres: 

Film Title: The Linguini Incident
True Genres: Comedy/Crime
Pred Genres: Drama/Romance

Film Title: Coming Apart
True Genres: Drama
Pred Genres: Drama

Film Title: Walk Don't Run
True Genres: Comedy/Romance
Pred Genres: Comedy/Crime

Film Title: Babylon 5: The River of Souls
True Genres: Action/Adventure/Drama/Sci-Fi
Pred Genres: Sci-Fi/Adventure/Action/Fantasy

Film Title: Switchback
True Genres: Crime/Mystery/Thriller
Pred Genres: Drama/Romance

Film Title: Talent for the Game
True Genres: Drama/Sport
Pred Genres: Drama

Film Title: Scarface
True Genres: Crime/Drama
Pred Genres: Drama/War

Film Title: Monsoon Wedding
True Genres: Comedy/Drama/Romance
Pred Genres: Drama/Thriller

Film Title: Fiddler on the Roof
True Genres: Drama/Family/Musical/Romance
Pred Genres: Adventure/Fantasy

Film Title: Heathers
True Genres: Comedy/Crime
Pred Genres: Comedy

Film Title: Mrs. Parkington
True Genres: Drama/Romance
Pred Genres: Drama/Adventure/War

Film Title: Greed
True Genres: Drama/Thriller/Western
Pred Genres: Drama/Western

Film Title: Never Been Kissed
True Genres: Comedy/Drama/Romance
Pred Genres: Comedy/Romance

Film Title: Bad Boy Bubby
True Genres: Comedy/Crime/Drama
Pred Genres: Comedy/Drama

Film Title: Lured
True Genres: Crime/Film-Noir/Mystery/Thriller
Pred Genres: Drama

Film Title: Wild at Heart
True Genres: Comedy/Crime/Drama/Thriller
Pred Genres: Comedy

Film Title: About Adam
True Genres: Comedy/Romance
Pred Genres: Drama

Film Title: Rustlers' Rhapsody
True Genres: Comedy/Western
Pred Genres: Comedy

Film Title: Big Girls Don't Cry
True Genres: Drama
Pred Genres: Horror/Sci-Fi/Action

Film Title: Excalibur
True Genres: Adventure/Drama/Fantasy/Romance
Pred Genres: Drama/Adventure/Action

Film Title: Jason and the Argonauts
True Genres: Action/Adventure/Family/Fantasy
Pred Genres: Adventure/Musical/Family/Fantasy/Animation

Film Title: Double Take
True Genres: Action/Comedy/Crime/Thriller
Pred Genres: Comedy/Action/Crime/Thriller

Film Title: The Corruptor
True Genres: Action/Crime/Drama/Mystery/Thriller
Pred Genres: Drama/Mystery/Action/Crime/Thriller

Film Title: Pauly Shore Is Dead
True Genres: Comedy
Pred Genres: Drama/Crime

Film Title: The Yearling
True Genres: Drama/Family/Western
Pred Genres: Drama/Romance

Film Title: The Milky Way
True Genres: Drama
Pred Genres: Drama

Film Title: A Talking Picture
True Genres: Comedy/Drama/History/War
Pred Genres: Drama

Film Title: Can't Stop the Music
True Genres: Biography/Comedy/Musical
Pred Genres: 

Film Title: X the Unknown
True Genres: Horror/Sci-Fi
Pred Genres: Drama/Crime/Thriller

Film Title: Jackass: The Movie
True Genres: Documentary/Action/Comedy
Pred Genres: Comedy/Drama/Romance/Family/Sport

Film Title: CrissCross
True Genres: Crime/Drama
Pred Genres: Drama

Film Title: Journeys with George
True Genres: Documentary
Pred Genres: Comedy

Film Title: Dickie Roberts: Former Child Star
True Genres: Comedy
Pred Genres: Drama/Action/Thriller

Film Title: Operation Petticoat
True Genres: Comedy/Romance/War
Pred Genres: Adventure/Action/History/War

Film Title: SpaceCamp
True Genres: Adventure/Family/Sci-Fi
Pred Genres: Comedy

Film Title: The Allnighter
True Genres: Comedy/Romance
Pred Genres: Comedy/Adventure/Action

Film Title: Cannibal Holocaust
True Genres: Adventure/Horror
Pred Genres: Adventure/Mystery

Film Title: A Charlie Brown Christmas
True Genres: Animation/Comedy/Family
Pred Genres: Comedy/Adventure/Family/Fantasy/Animation

Film Title: Lambada
True Genres: Drama
Pred Genres: Horror/Thriller

Film Title: Double Happiness
True Genres: Drama/Romance
Pred Genres: Drama/Romance

Film Title: The Golden Bowl
True Genres: Drama/Romance
Pred Genres: Drama/Adventure/War

Film Title: The Great Muppet Caper
True Genres: Adventure/Comedy/Crime/Family/Musical/Mystery
Pred Genres: Comedy/Adventure/Family/Fantasy/Animation

Film Title: Hero
True Genres: Comedy/Drama/Romance
Pred Genres: Drama/Romance

Film Title: Out of Time
True Genres: Crime/Drama/Mystery/Thriller
Pred Genres: Action/Thriller

Film Title: Intermezzo
True Genres: Drama/Romance
Pred Genres: Drama/Thriller

Film Title: The Last American Virgin
True Genres: Comedy/Drama/Romance
Pred Genres: 

Film Title: The Glass Shield
True Genres: Crime/Drama
Pred Genres: Horror/Sci-Fi/Mystery/Thriller

Film Title: Love with the Proper Stranger
True Genres: Comedy/Drama/Romance
Pred Genres: Comedy

Film Title: Manic
True Genres: Drama
Pred Genres: Drama/Mystery/Crime/Thriller

Film Title: The Four Feathers
True Genres: Adventure/Drama/Romance/War
Pred Genres: Drama/Romance

Film Title: Across the Tracks
True Genres: Drama/Sport
Pred Genres: Drama/Romance/Mystery/Family

Film Title: Hard Target
True Genres: Action/Adventure/Drama/Thriller
Pred Genres: Drama/Action/Crime/Thriller

Film Title: The Nun's Story
True Genres: Drama
Pred Genres: Comedy/Romance

Film Title: Rumble Fish
True Genres: Crime/Drama/Romance
Pred Genres: Horror/Thriller

Film Title: Hiroshima Mon Amour
True Genres: Drama/Romance
Pred Genres: Thriller

Film Title: Spy Game
True Genres: Action/Crime/Thriller
Pred Genres: Drama

Film Title: Raggedy Man
True Genres: Drama
Pred Genres: Comedy/Family

Film Title: Un week-end sur deux
True Genres: Drama
Pred Genres: Drama/Romance/Mystery

Film Title: Blade: Trinity
True Genres: Action/Adventure/Fantasy/Horror/Sci-Fi
Pred Genres: Horror/Sci-Fi/Action/Thriller

Film Title: Disturbing Behavior
True Genres: Horror/Mystery/Sci-Fi/Thriller
Pred Genres: Drama/Romance/Mystery/Thriller

Film Title: Desert Hearts
True Genres: Drama/Romance
Pred Genres: Comedy

Film Title: Only the Strong
True Genres: Action/Drama
Pred Genres: Comedy/Drama

Film Title: Mississippi Masala
True Genres: Drama/Romance
Pred Genres: Drama

Film Title: Attila flagello di Dio
True Genres: Comedy/History
Pred Genres: Adventure/Western

Film Title: Seventh Heaven
True Genres: Drama
Pred Genres: Comedy/Crime/Thriller

Film Title: A Chorus Line
True Genres: Drama/Music/Musical
Pred Genres: Adventure

Film Title: Invasion of Astro-Monster
True Genres: Action/Adventure/Sci-Fi
Pred Genres: Adventure/Action/Family/Fantasy/Animation

Film Title: Edison, the Man
True Genres: Biography/Drama
Pred Genres: Drama/Romance

Film Title: Mystery Science Theater 3000: The Movie
True Genres: Comedy/Sci-Fi
Pred Genres: Drama/Action

Film Title: Going My Way
True Genres: Comedy/Drama/Music
Pred Genres: Comedy/Romance

Film Title: Fire on the Mountain
True Genres: Documentary
Pred Genres: Adventure/Action/Thriller

Film Title: Valdez Is Coming
True Genres: Western
Pred Genres: Drama/Action/Thriller

Film Title: Eros
True Genres: Drama/Romance
Pred Genres: Horror/Sci-Fi/Mystery/Thriller

Film Title: Ring of Terror
True Genres: Drama/Horror
Pred Genres: Horror/Sci-Fi

Film Title: A New Leaf
True Genres: Comedy/Romance
Pred Genres: Comedy/Drama/Romance

Film Title: The Flower of Evil
True Genres: Drama
Pred Genres: Drama/Romance

Film Title: Big
True Genres: Comedy/Drama/Fantasy/Romance
Pred Genres: Drama

Film Title: Stay Tuned
True Genres: Adventure/Comedy/Fantasy
Pred Genres: Comedy

Film Title: Star Wars: Episode I - The Phantom Menace
True Genres: Action/Adventure/Fantasy/Sci-Fi
Pred Genres: Sci-Fi/Adventure/Action/Thriller

Film Title: The Associate
True Genres: Comedy
Pred Genres: Comedy/Drama/Romance

Film Title: Dead or Alive
True Genres: Action/Comedy/Crime/Drama/Thriller
Pred Genres: Sci-Fi/Comedy/Action

Film Title: Tune in Tomorrow...
True Genres: Comedy/Romance
Pred Genres: Drama

Film Title: Vive L'Amour
True Genres: Drama
Pred Genres: Drama

Film Title: If These Walls Could Talk 2
True Genres: Drama/Romance
Pred Genres: Drama

Film Title: Bleeder
True Genres: Crime/Drama
Pred Genres: Sci-Fi/Drama/Thriller

Film Title: Body Shots
True Genres: Drama
Pred Genres: Comedy/Drama

Film Title: Your Friends and Neighbors
True Genres: Comedy/Drama/Romance
Pred Genres: Drama

Film Title: Alias Betty
True Genres: Comedy/Crime/Drama/Romance/Thriller
Pred Genres: Drama/Crime/Thriller

Film Title: Wild Horses
True Genres: Comedy/Drama/Romance
Pred Genres: Drama/Thriller

Film Title: Friends & Lovers
True Genres: Drama/Romance/Comedy
Pred Genres: Drama/Romance

Film Title: The Undead
True Genres: Fantasy/Horror
Pred Genres: Horror/Sci-Fi

Film Title: Rosenstrasse
True Genres: Drama/War
Pred Genres: Drama/Romance

Film Title: Boiling Point
True Genres: Action/Comedy/Crime/Drama/Thriller
Pred Genres: Drama/Romance

Film Title: Splendor in the Grass
True Genres: Drama/Romance
Pred Genres: Comedy/Drama/Romance

Film Title: The Rising Place
True Genres: Drama
Pred Genres: Drama

Film Title: Bram Stoker's Dracula
True Genres: Horror
Pred Genres: Horror/Drama

Film Title: La Strada
True Genres: Drama
Pred Genres: Drama

Film Title: The Deadly Mantis
True Genres: Horror/Sci-Fi/Thriller
Pred Genres: Comedy

Film Title: Pete's Dragon
True Genres: Animation/Adventure/Comedy/Family/Fantasy/Musical
Pred Genres: Comedy/Adventure/Family/Fantasy/Animation

Film Title: Encounter in the Third Dimension
True Genres: Short/Adventure/Comedy/Sci-Fi
Pred Genres: Sci-Fi/Adventure/Fantasy

Film Title: Dragonfly
True Genres: Drama/Fantasy/Mystery/Romance/Thriller
Pred Genres: Horror/Fantasy

Film Title: Heaven
True Genres: Crime/Drama/Romance/Thriller
Pred Genres: Drama/Romance

Film Title: The Score
True Genres: Action/Crime/Drama/Thriller
Pred Genres: Drama/Thriller

Film Title: The Maltese Falcon
True Genres: Film-Noir/Mystery
Pred Genres: Adventure/Romance/Family/Fantasy/Animation

Film Title: The Wild McCullochs
True Genres: Drama/Romance
Pred Genres: Comedy

Film Title: Prospero's Books
True Genres: Drama/Fantasy
Pred Genres: Drama

Film Title: Parenti serpenti
True Genres: Comedy
Pred Genres: Animation

Film Title: The Holy Land
True Genres: Drama
Pred Genres: Drama/Romance

Film Title: Charlotte Gray
True Genres: Drama/Romance/Thriller/War
Pred Genres: Sci-Fi/Action/Thriller

Film Title: Marianne & Juliane
True Genres: Drama
Pred Genres: Horror/Sci-Fi

Film Title: Robin Hood: Men in Tights
True Genres: Adventure/Comedy/Musical/Romance
Pred Genres: Comedy

Film Title: Set It Off
True Genres: Action/Crime/Drama/Romance/Thriller
Pred Genres: Horror/Drama/Mystery/Thriller

Film Title: Eyes of Laura Mars
True Genres: Mystery/Thriller
Pred Genres: Drama/Mystery/Thriller

Film Title: Children of Heaven
True Genres: Drama/Family/Sport
Pred Genres: Comedy

Film Title: Iris
True Genres: Biography/Drama/Romance
Pred Genres: Drama

Film Title: Saturday Night and Sunday Morning
True Genres: Drama/Romance
Pred Genres: 

Film Title: Dead End
True Genres: Adventure/Horror/Mystery/Thriller
Pred Genres: Horror/Mystery/Thriller

Film Title: A Piece of the Action
True Genres: Crime/Comedy
Pred Genres: 

Film Title: The Bigamist
True Genres: Drama/Film-Noir
Pred Genres: Drama/Thriller

Film Title: Starman
True Genres: Romance/Sci-Fi
Pred Genres: Drama/Romance

Film Title: Four Shades of Brown
True Genres: Comedy/Drama
Pred Genres: Drama

Film Title: The Wrong Box
True Genres: Comedy/Crime
Pred Genres: Drama/Mystery

Film Title: The Lady Vanishes
True Genres: Mystery/Thriller
Pred Genres: 

Film Title: Tumbleweeds
True Genres: Comedy/Drama
Pred Genres: Comedy/Romance

Film Title: Les Misérables
True Genres: Crime/Drama/History/Romance
Pred Genres: Drama/Adventure/Action/Western

Film Title: The Last Metro
True Genres: Drama/Romance/War
Pred Genres: Comedy/Drama/Romance/Biography

Film Title: 1984
True Genres: Drama/Sci-Fi
Pred Genres: Horror/Sci-Fi/Mystery/Action/Thriller

Film Title: Spriggan
True Genres: Animation/Action/Adventure/Sci-Fi/Thriller
Pred Genres: Sci-Fi/Drama/Animation

Film Title: Shadows
True Genres: Drama/Romance
Pred Genres: Drama/Romance/Thriller

Film Title: The Elephant Man
True Genres: Biography/Drama
Pred Genres: Drama/Romance/Western

Film Title: Bananas
True Genres: Comedy
Pred Genres: Sci-Fi/Comedy

Film Title: The Hard Way
True Genres: Drama/Musical/Romance
Pred Genres: Drama/Romance

Film Title: Fair Game
True Genres: Action/Romance/Thriller
Pred Genres: Drama/Romance

Film Title: Friends and Family
True Genres: Comedy/Crime
Pred Genres: Comedy

Film Title: The Private Life of Sherlock Holmes
True Genres: Adventure/Comedy/Crime/Mystery/Romance/Thriller
Pred Genres: Drama/Adventure/Western

Film Title: The Pawnbroker
True Genres: Drama
Pred Genres: Drama/Mystery/Thriller

Film Title: Le Cercle Rouge
True Genres: Crime/Drama/Thriller
Pred Genres: Drama

Film Title: Patriot Games
True Genres: Action/Thriller
Pred Genres: Drama

Film Title: Body and Soul
True Genres: Drama/Film-Noir/Sport
Pred Genres: Drama

Film Title: The Exorcist
True Genres: Horror
Pred Genres: Drama/Mystery/Crime/Thriller

Film Title: Faces of Death
True Genres: Documentary/Horror
Pred Genres: Drama

Film Title: The Final Countdown
True Genres: Action/Sci-Fi
Pred Genres: Drama/Adventure/Action/War

Film Title: Mickey Blue Eyes
True Genres: Comedy/Crime/Romance
Pred Genres: Comedy/Drama/Romance

Film Title: Devil Girl from Mars
True Genres: Horror/Sci-Fi
Pred Genres: Horror/Sci-Fi/Thriller

Film Title: City of Women
True Genres: Comedy/Drama/Fantasy
Pred Genres: Drama

Film Title: Hunk
True Genres: Comedy/Fantasy
Pred Genres: Comedy

Film Title: The Delta Force
True Genres: Action/Adventure/Drama/Thriller/War
Pred Genres: Adventure/Action/War

Film Title: Love and a Bullet
True Genres: Action/Comedy/Crime/Romance
Pred Genres: Drama/Action/Crime/Thriller

Film Title: Closet Land
True Genres: Drama/Thriller
Pred Genres: Drama/Adventure/Musical/Family/Fantasy/Animation

Film Title: Svidd neger
True Genres: Comedy/Crime/Drama/Mystery/Romance/Thriller
Pred Genres: Drama/Thriller

Film Title: The Bat People
True Genres: Horror/Romance
Pred Genres: Comedy/Romance

Film Title: Hollywood Shuffle
True Genres: Comedy
Pred Genres: Drama/Romance

Film Title: Microcosmos
True Genres: Documentary
Pred Genres: Drama

Film Title: The Adventures of Rocky & Bullwinkle
True Genres: Animation/Adventure/Comedy/Family/Fantasy
Pred Genres: Comedy

Film Title: Color Me Blood Red
True Genres: Comedy/Horror
Pred Genres: Comedy

Film Title: Summer of '42
True Genres: Drama/Romance
Pred Genres: Drama/Romance

Film Title: Torpedo Run
True Genres: Drama/War
Pred Genres: War

Film Title: The Emerald Forest
True Genres: Action/Adventure/Drama
Pred Genres: 

Film Title: Lilo & Stitch
True Genres: Animation/Adventure/Comedy/Drama/Family/Fantasy/Sci-Fi
Pred Genres: Sci-Fi/Comedy/Adventure/Family/Fantasy/Animation

Film Title: So Close
True Genres: Action/Crime/Thriller
Pred Genres: Drama/Romance/Mystery

Film Title: Urgh! A Music War
True Genres: Documentary/Music
Pred Genres: Drama

Film Title: Diabolique
True Genres: Crime/Drama/Horror/Mystery/Thriller
Pred Genres: Horror/Drama/Thriller

Film Title: Together with You
True Genres: Drama/Music
Pred Genres: Adventure/Action/War

Film Title: Rosewood
True Genres: Action/Drama/History
Pred Genres: Drama/War

Film Title: Dodes'ka-den
True Genres: Drama
Pred Genres: Adventure/Musical/Fantasy/Animation

Film Title: Eve of Destruction
True Genres: Action/Sci-Fi/Thriller
Pred Genres: Horror/Sci-Fi/Thriller

Film Title: Wildcats
True Genres: Comedy/Sport
Pred Genres: Comedy/Musical

Film Title: The Isle
True Genres: Drama/Thriller
Pred Genres: Drama/Romance

Film Title: Muppets from Space
True Genres: Adventure/Comedy/Family/Fantasy/Sci-Fi
Pred Genres: Sci-Fi/Comedy/Adventure/Action/Family

Film Title: The Mummy Returns
True Genres: Action/Adventure/Fantasy/Thriller
Pred Genres: Drama/Adventure/Action

Film Title: Greystoke
True Genres: Adventure/Drama
Pred Genres: Drama/Adventure/Romance

Film Title: 9 to 5
True Genres: Comedy
Pred Genres: Comedy

Film Title: Beefcake
True Genres: Drama
Pred Genres: Drama

Film Title: Shane
True Genres: Drama/Western
Pred Genres: Drama

Film Title: César and Rosalie
True Genres: Drama/Romance
Pred Genres: Drama

Film Title: The Last Battle
True Genres: Sci-Fi
Pred Genres: Drama/Adventure/Action/History/War

Film Title: Protocol
True Genres: Comedy
Pred Genres: Comedy/Drama/Romance

Film Title: Nausicaä of the Valley of the Wind
True Genres: Animation/Adventure/Fantasy/Sci-Fi
Pred Genres: Drama/Adventure/Animation

Film Title: PCU
True Genres: Comedy
Pred Genres: Comedy

Film Title: Lucía, Lucía
True Genres: Adventure/Comedy/Crime/Drama/Mystery/Romance/Thriller
Pred Genres: Drama/Adventure

Film Title: ABBA: The Movie
True Genres: Comedy/Drama/Music
Pred Genres: Horror

Film Title: Hopscotch
True Genres: Adventure/Comedy
Pred Genres: Comedy

Film Title: Monster in a Box
True Genres: Comedy/Drama
Pred Genres: 

Film Title: Barbary Coast
True Genres: Adventure/Drama/Romance/Western
Pred Genres: Comedy/Romance

Film Title: Shenandoah
True Genres: Drama/War/Western
Pred Genres: Western

Film Title: Zeus and Roxanne
True Genres: Adventure/Comedy/Family/Romance
Pred Genres: Adventure/Family/Fantasy

Film Title: King Kong
True Genres: Adventure/Horror
Pred Genres: Drama/Crime/Thriller

Film Title: 6ixtynin9
True Genres: Comedy/Crime/Thriller
Pred Genres: Drama

Film Title: Smokey and the Bandit Part 3
True Genres: Action/Comedy/Crime
Pred Genres: Comedy/Drama

Film Title: American Psycho
True Genres: Comedy/Crime/Drama
Pred Genres: Drama

Film Title: Panther
True Genres: Drama
Pred Genres: Drama/Adventure/Action

Film Title: Alice, Sweet Alice
True Genres: Crime/Drama/Horror/Mystery/Thriller
Pred Genres: 

Film Title: Appointment with Death
True Genres: Crime/Drama/Mystery/Thriller
Pred Genres: Drama/Adventure

Film Title: Bad Taste
True Genres: Comedy/Horror/Sci-Fi
Pred Genres: Drama/Romance

Film Title: The Man Who Planted Trees
True Genres: Animation/Short/Drama/Family
Pred Genres: Adventure/Family/Fantasy

Film Title: South Park: Bigger, Longer & Uncut
True Genres: Animation/Comedy/Fantasy/Musical
Pred Genres: Sci-Fi/Comedy/Adventure/Family/Fantasy/Animation

Film Title: Crimes of the Heart
True Genres: Comedy/Drama
Pred Genres: Comedy/Romance

Film Title: Salò, or the 120 Days of Sodom
True Genres: Drama/Horror
Pred Genres: Drama

Film Title: High Anxiety
True Genres: Comedy/Mystery/Thriller
Pred Genres: Adventure/Action/Animation

Film Title: Zero for Conduct
True Genres: Short/Comedy/Drama
Pred Genres: Drama/Thriller

Film Title: Versus
True Genres: Action/Drama/Fantasy/Horror/Thriller
Pred Genres: Drama/Crime

Film Title: The Mummy
True Genres: Action/Adventure/Fantasy
Pred Genres: Drama/Adventure/Mystery/Thriller

Film Title: The Bat
True Genres: Horror/Mystery/Thriller
Pred Genres: Drama/Fantasy

Film Title: The Lion King
True Genres: Animation/Adventure/Drama/Family/Musical
Pred Genres: Adventure/Musical/Family/Fantasy/Animation

Film Title: The Thomas Crown Affair
True Genres: Crime/Romance/Thriller
Pred Genres: Drama/Thriller

Film Title: The Bridge on the River Kwai
True Genres: Adventure/Drama/War
Pred Genres: Drama

Film Title: Armed and Dangerous
True Genres: Action/Comedy/Crime
Pred Genres: Comedy/Action

Film Title: Maria's Lovers
True Genres: Drama/Romance
Pred Genres: Comedy/Drama

Film Title: The Advocate
True Genres: Crime/Drama/History/Mystery
Pred Genres: Drama

Film Title: Peter Pan 2: Return to Never Land
True Genres: Animation/Adventure/Family/Fantasy
Pred Genres: Adventure/Musical/Family/Fantasy/Animation

Film Title: The Rack
True Genres: Drama/War
Pred Genres: Comedy/Romance

Film Title: The Woman in the Window
True Genres: Crime/Drama/Film-Noir/Mystery/Thriller
Pred Genres: Drama/Mystery/Crime

Film Title: Lock Up
True Genres: Action/Crime/Drama/Thriller
Pred Genres: Horror/Mystery/Thriller

Film Title: A Man of No Importance
True Genres: Comedy/Drama
Pred Genres: Drama/Romance

Film Title: Sphinx
True Genres: Adventure/Mystery/Thriller
Pred Genres: Adventure/Action

Film Title: Rope
True Genres: Crime/Drama/Mystery/Thriller
Pred Genres: Drama/Thriller

Film Title: Bhaji on the Beach
True Genres: Comedy/Drama
Pred Genres: 

Film Title: The Return of Swamp Thing
True Genres: Action/Adventure/Comedy/Horror/Sci-Fi
Pred Genres: Horror/Sci-Fi/Adventure/Fantasy

Film Title: The Rocky Horror Picture Show
True Genres: Comedy/Musical
Pred Genres: Horror/Thriller

Film Title: Home Fries
True Genres: Comedy/Romance/Drama
Pred Genres: Comedy/Romance

Film Title: The Devil's Rain
True Genres: Horror
Pred Genres: Adventure/Action

Film Title: A Modern Affair
True Genres: Comedy/Drama/Romance
Pred Genres: Drama/Action

Film Title: Talk Radio
True Genres: Drama
Pred Genres: Drama/Mystery/Crime/Thriller

Film Title: My Man
True Genres: Comedy/Drama/Romance
Pred Genres: Drama/War

Film Title: La Grande Illusion
True Genres: Drama/War
Pred Genres: Drama/War

Film Title: Cadence
True Genres: Drama
Pred Genres: Drama/Adventure/History/War

Film Title: Brassed Off
True Genres: Comedy/Drama/Romance
Pred Genres: Comedy/Romance

Film Title: The Birdcage
True Genres: Comedy
Pred Genres: Comedy

Film Title: Edge of Seventeen
True Genres: Comedy/Drama/Romance
Pred Genres: Comedy/Drama/Romance

Film Title: Dance with the Devil
True Genres: Action/Crime/Horror/Romance
Pred Genres: Comedy/Drama

Film Title: Robinson Crusoe
True Genres: Adventure/Drama
Pred Genres: Drama

Film Title: The Big Trees
True Genres: Action/Romance/Western
Pred Genres: Drama

Film Title: A Fish Called Wanda
True Genres: Comedy/Crime
Pred Genres: Comedy

Film Title: In the Good Old Summertime
True Genres: Comedy/Musical/Romance
Pred Genres: Comedy/Adventure

Film Title: Halfaouine: Boy of the Terraces
True Genres: Drama/Comedy
Pred Genres: Drama

Film Title: Duck Soup
True Genres: Comedy/Musical/War
Pred Genres: Comedy

Film Title: A Couch in New York
True Genres: Comedy/Romance
Pred Genres: Comedy/Drama/Romance

Film Title: L'Atalante
True Genres: Comedy/Drama/Romance
Pred Genres: Drama

Film Title: Purple Butterfly
True Genres: Drama/History/War
Pred Genres: Comedy/Action

Film Title: I Was Born, But...
True Genres: Comedy/Drama
Pred Genres: Comedy/Drama

Film Title: No Man's Land
True Genres: Comedy/Drama/War
Pred Genres: Family

Film Title: The Blues Brothers
True Genres: Action/Adventure/Comedy/Crime/Music/Musical
Pred Genres: Comedy/Action/Crime/Thriller

Film Title: Where the Boys Are
True Genres: Comedy/Drama/Romance
Pred Genres: Comedy

Film Title: Reservoir Dogs
True Genres: Crime/Drama/Thriller
Pred Genres: Drama/Romance/Mystery/Thriller

Film Title: Never Again
True Genres: Comedy/Romance
Pred Genres: Drama/Romance

Film Title: Legend of the Lost
True Genres: Adventure/Drama
Pred Genres: Drama/Adventure/Western

Film Title: Radio
True Genres: Biography/Drama/Sport
Pred Genres: Comedy/Drama

Film Title: Smashing Pumpkins: Vieuphoria
True Genres: Documentary/Music
Pred Genres: Drama/Romance

Film Title: Wild in the Streets
True Genres: Comedy/Drama/Music
Pred Genres: Musical/Family/Fantasy

Film Title: Ringu
True Genres: Horror/Mystery
Pred Genres: Horror/Drama/Mystery/Thriller

Film Title: City of Industry
True Genres: Crime/Drama/Thriller
Pred Genres: Drama/Romance/Thriller

Film Title: The Hurricane
True Genres: Biography/Drama/Sport
Pred Genres: Drama

Film Title: The Iceman Cometh
True Genres: Drama
Pred Genres: Drama/Thriller

Film Title: Bugsy Malone
True Genres: Comedy/Crime/Family/Musical
Pred Genres: Comedy/Drama

Film Title: A Fine Madness
True Genres: Comedy/Drama/Romance
Pred Genres: Comedy

Film Title: Threesome
True Genres: Comedy/Drama/Romance
Pred Genres: Drama/Romance

Film Title: The Lord of the Rings: The Two Towers
True Genres: Action/Adventure/Drama/Fantasy
Pred Genres: Adventure/Romance/Western

Film Title: Killing Me Softly
True Genres: Drama/Mystery/Romance/Thriller
Pred Genres: Drama

Film Title: Tai-Chi Master
True Genres: Action/Comedy/Drama/Thriller
Pred Genres: 

Film Title: On Golden Pond
True Genres: Drama
Pred Genres: Drama/Adventure/History/War

Film Title: Article 99
True Genres: Drama/Comedy
Pred Genres: Drama/Crime

Film Title: Losing Chase
True Genres: Drama
Pred Genres: Drama

Film Title: The Kid Brother
True Genres: Comedy/Drama/Family/Romance
Pred Genres: Drama

Film Title: Holy Smoke
True Genres: Comedy/Drama
Pred Genres: Drama

Film Title: Die Nibelungen, Teil 1 - Siegfried
True Genres: Adventure/Fantasy
Pred Genres: Action/Thriller

Film Title: On Our Merry Way
True Genres: Comedy/Music/Romance
Pred Genres: Comedy

Film Title: Less Than Zero
True Genres: Crime/Drama
Pred Genres: Comedy/Thriller

Film Title: Real Men
True Genres: Action/Comedy/Sci-Fi
Pred Genres: Drama

Film Title: Of Unknown Origin
True Genres: Horror/Thriller
Pred Genres: Horror/Sci-Fi/Comedy

Film Title: The Mirror Has Two Faces
True Genres: Comedy/Drama/Romance
Pred Genres: Drama/Adventure/Romance

Film Title: Show Boat
True Genres: Drama/Family/Musical/Romance
Pred Genres: Drama/Romance

Film Title: Girl
True Genres: Comedy/Drama/Music/Romance
Pred Genres: Comedy/Romance

Film Title: Vacuuming Completely Nude in Paradise
True Genres: Comedy/Drama
Pred Genres: Comedy

Film Title: D.A.R.Y.L.
True Genres: Family/Sci-Fi
Pred Genres: Comedy/Romance

Film Title: Highlander II: The Quickening
True Genres: Action/Adventure/Fantasy/Sci-Fi/Thriller
Pred Genres: Horror/Sci-Fi/Action/Thriller

Film Title: The Island at the Top of the World
True Genres: Adventure/Family/Fantasy/Sci-Fi
Pred Genres: Sci-Fi/Comedy/Adventure/Action

Film Title: American Ninja
True Genres: Action/Adventure/Romance
Pred Genres: Action/Thriller

Film Title: I, the Jury
True Genres: Crime/Drama/Mystery/Romance/Thriller
Pred Genres: Drama

Film Title: What Lies Beneath
True Genres: Drama/Fantasy/Horror/Mystery/Thriller
Pred Genres: Drama/Adventure/Family/Fantasy

Film Title: Harvest
True Genres: Drama
Pred Genres: Comedy/Drama/Romance

Film Title: To Be or Not to Be
True Genres: Comedy/War
Pred Genres: Comedy/Mystery

Film Title: The Bride of Frankenstein
True Genres: Drama/Horror/Sci-Fi
Pred Genres: Horror/Sci-Fi

Film Title: King Solomon's Mines
True Genres: Action/Adventure/Drama/Musical/Romance/Thriller
Pred Genres: 

Film Title: Al Capone
True Genres: Biography/Crime/Drama
Pred Genres: Drama

Film Title: The Enigma of Kaspar Hauser
True Genres: Biography/Drama/History
Pred Genres: Drama

Film Title: Unfaithful
True Genres: Drama/Romance/Thriller
Pred Genres: Drama

Film Title: Club Dread
True Genres: Comedy/Horror/Mystery/Thriller
Pred Genres: Comedy/Adventure/Fantasy

Film Title: Andrei Rublev
True Genres: Biography/Drama/History
Pred Genres: Drama

Film Title: The Phantom Carriage
True Genres: Drama/Fantasy/Horror
Pred Genres: Drama/Mystery/Crime/Thriller

Film Title: Limelight
True Genres: Drama/Music/Romance
Pred Genres: Drama

Film Title: L.I.E.
True Genres: Crime/Drama
Pred Genres: Drama/War

Film Title: Blood: The Last Vampire
True Genres: Animation/Action/Horror
Pred Genres: Horror/Mystery/Thriller

Film Title: The Promise
True Genres: Comedy/Drama
Pred Genres: Drama

Film Title: The Story of Qiu Ju
True Genres: Comedy/Drama
Pred Genres: Comedy

Film Title: If You Could See What I Hear
True Genres: Biography/Comedy/Drama
Pred Genres: Horror/Thriller

Film Title: Start the Revolution Without Me
True Genres: Comedy/History
Pred Genres: 

Film Title: Baby Boom
True Genres: Comedy/Drama/Romance
Pred Genres: Drama/Mystery/Crime/Thriller

Film Title: White Man's Burden
True Genres: Drama/Thriller
Pred Genres: Drama

Film Title: Woman of the Year
True Genres: Comedy/Drama/Romance/Sport
Pred Genres: Comedy/Drama/Romance

Film Title: The Adventures of Priscilla, Queen of the Desert
True Genres: Comedy/Music
Pred Genres: Sci-Fi/Adventure/Action/Family/Animation

Film Title: Savage Nights
True Genres: Biography/Drama
Pred Genres: Drama/Thriller

Film Title: After Dark, My Sweet
True Genres: Crime/Drama/Mystery/Thriller
Pred Genres: Horror/Drama/Thriller

Film Title: She's Having a Baby
True Genres: Comedy/Drama/Romance
Pred Genres: Drama/Romance

Film Title: American Heart
True Genres: Crime/Drama/Romance
Pred Genres: Comedy/Drama

Film Title: The Crying Game
True Genres: Crime/Drama/Romance/Thriller
Pred Genres: Horror/Sci-Fi/Mystery/Thriller

Film Title: Love! Valour! Compassion!
True Genres: Comedy/Drama/Romance
Pred Genres: Comedy/Drama

Film Title: Felidae
True Genres: Animation/Action/Drama/Mystery/Thriller
Pred Genres: Comedy/Musical/Family/Animation

Film Title: Ruby Cairo
True Genres: Mystery/Thriller
Pred Genres: Drama/Crime/Thriller

Film Title: The Adventures of the Wilderness Family
True Genres: Adventure/Drama/Family
Pred Genres: Adventure/Action

Film Title: House Party
True Genres: Comedy/Music/Romance
Pred Genres: Drama/Romance

Film Title: Gamera vs. Jiger
True Genres: Action/Adventure/Family/Sci-Fi
Pred Genres: Drama/War

Film Title: Midnight Express
True Genres: Biography/Crime/Drama/Thriller
Pred Genres: Drama/Crime/Thriller

Film Title: Iron Will
True Genres: Adventure/Family
Pred Genres: Drama/Adventure

Film Title: The Good Son
True Genres: Drama/Thriller
Pred Genres: Drama

Film Title: The Mask of Zorro
True Genres: Action/Adventure/Comedy/Romance/Thriller/Western
Pred Genres: Drama/War

Film Title: Crimes of Passion
True Genres: Drama/Romance/Thriller
Pred Genres: Comedy/Drama

Film Title: Killer's Kiss
True Genres: Crime/Drama/Film-Noir/Thriller
Pred Genres: Drama/Thriller

Film Title: Candyman: Farewell to the Flesh
True Genres: Horror/Thriller
Pred Genres: Drama/Thriller

Film Title: Meet the Fockers
True Genres: Comedy/Romance
Pred Genres: Comedy

Film Title: You'll Never Get Rich
True Genres: Comedy/Musical/Romance
Pred Genres: Horror/Sci-Fi/Thriller

Film Title: Smile
True Genres: Adventure/Drama
Pred Genres: Drama

Film Title: Murphy's War
True Genres: Drama/War
Pred Genres: Drama

Film Title: Happy Together
True Genres: Drama/Romance
Pred Genres: Drama/Thriller

Film Title: Bound
True Genres: Crime/Thriller
Pred Genres: Comedy/Drama/Thriller

Film Title: Suburbia
True Genres: Drama/Thriller
Pred Genres: Drama

Film Title: God Is Brazilian
True Genres: Comedy/Drama/Fantasy
Pred Genres: Drama/Adventure/Romance/Family/Sport

Film Title: Back to the Beach
True Genres: Comedy/Musical
Pred Genres: Comedy/Action

Film Title: Point Blank
True Genres: Crime/Drama/Thriller
Pred Genres: Comedy

Film Title: Anything Else
True Genres: Comedy/Romance
Pred Genres: Drama/Romance

Film Title: Emmanuelle
True Genres: Drama
Pred Genres: Drama/Mystery/Thriller

Film Title: Moby Dick
True Genres: Adventure/Drama
Pred Genres: Sci-Fi/Adventure/Action/Family/Fantasy

Film Title: Richard III
True Genres: Biography/Drama/History/War
Pred Genres: Adventure/Action

Film Title: The Cook, the Thief, His Wife & Her Lover
True Genres: Crime/Drama
Pred Genres: Drama/Mystery/Crime/Thriller

Film Title: Green Tea
True Genres: Drama/Romance
Pred Genres: Comedy/Drama/Romance

Film Title: Eyes Wide Shut
True Genres: Drama/Mystery/Thriller
Pred Genres: Drama/Romance/Thriller

Film Title: October (Ten Days that Shook the World)
True Genres: Drama/History
Pred Genres: Drama/Thriller

Film Title: A Cry in the Dark
True Genres: Biography/Drama
Pred Genres: Drama/Adventure

Film Title: Twisted
True Genres: Crime/Drama/Mystery/Thriller
Pred Genres: Drama/Crime/Thriller

Film Title: Autumn Sonata
True Genres: Drama/Music
Pred Genres: Drama/Crime

Film Title: American Gigolo
True Genres: Crime/Drama/Mystery/Romance/Thriller
Pred Genres: Drama

Film Title: Railroaded!
True Genres: Crime/Drama/Film-Noir
Pred Genres: Drama

Film Title: Defying Gravity
True Genres: Drama/Romance/Sport
Pred Genres: Comedy/Drama

Film Title: To Wong Foo Thanks for Everything, Julie Newmar
True Genres: Comedy/Drama
Pred Genres: Comedy

Film Title: Sonny
True Genres: Crime/Drama
Pred Genres: Drama

Film Title: Full Frontal
True Genres: Comedy/Romance
Pred Genres: Comedy

Film Title: The Great White Hope
True Genres: Drama/Romance/Sport
Pred Genres: Drama

Film Title: Some Kind of Wonderful
True Genres: Drama/Romance
Pred Genres: Drama/Romance

Film Title: Parasite
True Genres: Horror/Sci-Fi
Pred Genres: Horror/Sci-Fi

Film Title: Roberta
True Genres: Comedy/Musical/Romance
Pred Genres: Comedy/Drama

Film Title: Atlantis: The Lost Continent
True Genres: Adventure/Sci-Fi
Pred Genres: Adventure/Action/War/Western

Film Title: Clash of the Titans
True Genres: Action/Adventure/Family/Fantasy
Pred Genres: Adventure/Action

Film Title: Shadow of the Vampire
True Genres: Drama/Horror
Pred Genres: Drama/Romance/Mystery/Crime/Thriller

Film Title: Happy Gilmore
True Genres: Comedy/Sport
Pred Genres: Comedy

Film Title: The Hot Chick
True Genres: Comedy/Fantasy
Pred Genres: Comedy/Drama/Family

Film Title: The Talented Mr. Ripley
True Genres: Crime/Drama/Thriller
Pred Genres: Drama/War

Film Title: Americathon
True Genres: Comedy
Pred Genres: Comedy

Film Title: Warm Water Under a Red Bridge
True Genres: Comedy/Drama/Fantasy/Romance
Pred Genres: Comedy/Drama/Romance

Film Title: Jay and Silent Bob Strike Back
True Genres: Comedy
Pred Genres: Comedy

Film Title: It Started with Eve
True Genres: Comedy/Musical/Romance
Pred Genres: 

Film Title: Dark Water
True Genres: Drama/Horror/Mystery/Thriller
Pred Genres: Drama/Mystery/Thriller

Film Title: High School High
True Genres: Comedy/Crime/Romance
Pred Genres: Comedy/Drama/Crime

Film Title: First Daughter
True Genres: Comedy/Drama/Romance
Pred Genres: Comedy/Romance

Film Title: I Married a Monster from Outer Space
True Genres: Horror/Sci-Fi
Pred Genres: Sci-Fi/Adventure/Action/Family

Film Title: Illusive Tracks
True Genres: Comedy/Thriller
Pred Genres: Drama

Film Title: First Strike
True Genres: Action/Adventure/Comedy/Crime/Drama/Thriller
Pred Genres: Drama

Film Title: Enemy of the State
True Genres: Action/Thriller
Pred Genres: Drama

Film Title: It's Alive
True Genres: Horror/Sci-Fi
Pred Genres: 

Film Title: Wrongfully Accused
True Genres: Action/Comedy/Thriller
Pred Genres: Drama

Film Title: Basket Case
True Genres: Comedy/Horror
Pred Genres: Horror/Thriller

Film Title: Coffee and Cigarettes
True Genres: Comedy/Drama/Music
Pred Genres: Comedy/Action

Film Title: Major Payne
True Genres: Adventure/Comedy/Family
Pred Genres: Comedy

Film Title: Ashes and Diamonds
True Genres: Drama/Romance/War
Pred Genres: Drama/Mystery/Thriller

Film Title: The Wedding Date
True Genres: Comedy/Romance
Pred Genres: Comedy/Drama/Romance

Film Title: Radio Flyer
True Genres: Drama
Pred Genres: Comedy/Family

Film Title: Addams Family Reunion
True Genres: Comedy/Family/Fantasy/Thriller
Pred Genres: Comedy/Mystery/Crime

Film Title: Circle of Friends
True Genres: Drama/Romance
Pred Genres: Drama

Film Title: Father of the Bride
True Genres: Comedy/Romance
Pred Genres: Comedy/Family

Film Title: Monsignor
True Genres: Crime/Drama/War
Pred Genres: Comedy

Film Title: Predator
True Genres: Action/Adventure/Sci-Fi/Thriller
Pred Genres: Sci-Fi/Drama/Action/Thriller

Film Title: Sairaan kaunis maailma
True Genres: Drama
Pred Genres: Drama

Film Title: After the Thin Man
True Genres: Comedy/Crime/Mystery
Pred Genres: Comedy/Romance

Film Title: Love Me Tender
True Genres: Drama/Musical/Romance/Western
Pred Genres: Comedy

Film Title: Scenes from the Class Struggle in Beverly Hills
True Genres: Comedy
Pred Genres: Drama/Romance

Film Title: East Palace, West Palace
True Genres: Drama
Pred Genres: Drama/Romance

Film Title: We Were Soldiers
True Genres: Action/Drama/History/War
Pred Genres: Drama

Film Title: A Bronx Tale
True Genres: Crime/Drama/Romance
Pred Genres: Drama

Film Title: Nicotina
True Genres: Action/Comedy/Crime/Drama
Pred Genres: Sci-Fi/Drama

Film Title: Inside
True Genres: Crime/Drama
Pred Genres: Drama/Thriller

Film Title: Crane World
True Genres: Comedy/Drama
Pred Genres: Comedy/Drama

Film Title: All in a Night's Work
True Genres: Comedy/Romance
Pred Genres: Comedy

Film Title: Twelve O'Clock High
True Genres: Drama/War
Pred Genres: Drama/War

Film Title: The Ape
True Genres: Horror
Pred Genres: Horror/Mystery/Thriller

Film Title: The Hudsucker Proxy
True Genres: Comedy/Drama/Fantasy
Pred Genres: Drama/Romance/Thriller

Film Title: Africa Screams
True Genres: Action/Adventure/Comedy
Pred Genres: Comedy

Film Title: Guess Who
True Genres: Comedy/Romance
Pred Genres: Comedy/Drama/Romance

Film Title: The Other Sister
True Genres: Comedy/Drama/Romance
Pred Genres: Comedy/Drama

Film Title: Getting Even with Dad
True Genres: Comedy/Crime/Family
Pred Genres: Comedy/Drama

Film Title: Five Deadly Venoms
True Genres: Action/Drama/Mystery
Pred Genres: Sci-Fi/Adventure/Action/Fantasy

Film Title: Terms of Endearment
True Genres: Comedy/Drama
Pred Genres: Drama

Film Title: Martin Lawrence Live: Runteldat
True Genres: Documentary/Comedy
Pred Genres: Drama/Crime/Thriller

Film Title: Auggie Rose
True Genres: Drama/Mystery/Romance
Pred Genres: Drama

Film Title: Dirty Dancing: Havana Nights
True Genres: Drama/Music/Romance
Pred Genres: Drama/Romance

Film Title: Gay Purr-ee
True Genres: Animation/Comedy/Family/Musical
Pred Genres: Comedy/Adventure/Family/Fantasy/Animation

Film Title: Extreme Ops
True Genres: Action/Adventure/Thriller
Pred Genres: Adventure/Action/Family/Fantasy

Film Title: Since Otar Left
True Genres: Drama
Pred Genres: Comedy/Drama

Film Title: The Beans of Egypt, Maine
True Genres: Drama
Pred Genres: Adventure/Action/War

Film Title: Blood Beach
True Genres: Comedy/Horror/Sci-Fi
Pred Genres: Drama/Romance

Film Title: Going All the Way
True Genres: Comedy/Drama
Pred Genres: Comedy

Film Title: Levity
True Genres: Crime/Drama
Pred Genres: Drama

Film Title: Where the Money Is
True Genres: Drama/Comedy/Crime
Pred Genres: Drama/Thriller

Film Title: Shanghai Ghetto
True Genres: Documentary
Pred Genres: Drama/Mystery/Thriller

Film Title: Cloak and Dagger
True Genres: Adventure/Film-Noir/Romance/Thriller/War
Pred Genres: Drama/Action/Western

Film Title: Falling in Love
True Genres: Drama/Romance
Pred Genres: Drama/Romance

Film Title: Blind Date
True Genres: Comedy/Romance
Pred Genres: Drama/Romance

Film Title: Monday Morning
True Genres: Comedy/Drama/Romance
Pred Genres: Drama/Crime/Thriller

Film Title: Turbo: A Power Rangers Movie
True Genres: Action/Adventure/Family/Fantasy/Sci-Fi/Thriller
Pred Genres: Sci-Fi/Comedy/Adventure/Action/Animation

Film Title: The Thing from Another World
True Genres: Horror/Sci-Fi
Pred Genres: Action

Film Title: Undead
True Genres: Action/Comedy/Fantasy/Horror/Sci-Fi
Pred Genres: Horror/Sci-Fi/Thriller

Film Title: HouseSitter
True Genres: Comedy/Romance
Pred Genres: Drama

Film Title: Sweet Sweetback's Baadasssss Song
True Genres: Action/Crime/Drama/Thriller
Pred Genres: 

Film Title: Mass Appeal
True Genres: Drama
Pred Genres: Western

Film Title: Bullets Over Broadway
True Genres: Comedy/Crime
Pred Genres: Action/Crime

Film Title: Anger Management
True Genres: Comedy
Pred Genres: Drama/Romance

Film Title: The Whistle Blower
True Genres: Thriller
Pred Genres: Drama

Film Title: Jungle 2 Jungle
True Genres: Comedy/Family
Pred Genres: Drama/History/War

Film Title: 8 Women
True Genres: Comedy/Crime/Musical/Romance
Pred Genres: Comedy/Drama

Film Title: ffolkes
True Genres: Action/Adventure/Thriller
Pred Genres: Comedy

Film Title: Man Facing Southeast
True Genres: Drama/Mystery/Sci-Fi
Pred Genres: Romance/Western

Film Title: Intolerable Cruelty
True Genres: Comedy/Crime/Romance
Pred Genres: Comedy/Drama

Film Title: Regular Guys
True Genres: Comedy/Crime/Romance
Pred Genres: Comedy/Family

Film Title: Eddie and the Cruisers
True Genres: Drama/Music/Mystery
Pred Genres: Drama/Mystery/Crime/Thriller

Film Title: Antz
True Genres: Animation/Adventure/Comedy/Family
Pred Genres: Drama

Film Title: Brewster McCloud
True Genres: Comedy/Fantasy
Pred Genres: Adventure/Action/War/Animation

Film Title: Ripe
True Genres: Drama/Romance
Pred Genres: Drama

Film Title: Broken Arrow
True Genres: Action/Adventure/Thriller
Pred Genres: Drama/Action/War

Film Title: New York Minute
True Genres: Comedy/Crime/Family/Romance
Pred Genres: Comedy

Film Title: MacArthur
True Genres: Biography/Drama/History/War
Pred Genres: Drama/Western

Film Title: Across 110th Street
True Genres: Action/Crime/Drama/Thriller
Pred Genres: Comedy

Film Title: Mystic Pizza
True Genres: Comedy/Drama/Romance
Pred Genres: Comedy

Film Title: The Man Without a Face
True Genres: Drama
Pred Genres: Comedy

Film Title: The Fighting Seabees
True Genres: Drama/Romance/War
Pred Genres: Drama

Film Title: Scorched
True Genres: Comedy/Crime
Pred Genres: Comedy

Film Title: A Night in the Life of Jimmy Reardon
True Genres: Comedy/Drama/Romance
Pred Genres: Comedy/Romance

Film Title: Sleep with Me
True Genres: Comedy/Drama/Romance
Pred Genres: Drama/Romance

Film Title: The Food of the Gods
True Genres: Adventure/Horror/Sci-Fi
Pred Genres: Sci-Fi/Adventure/Action

Film Title: Major League: Back to the Minors
True Genres: Comedy/Sport
Pred Genres: Sci-Fi/Comedy/Adventure/Action/Family/Fantasy

Film Title: Dr. Jekyll and Mr. Hyde
True Genres: Drama/Horror/Sci-Fi
Pred Genres: Drama/Thriller

Film Title: The Sheltering Sky
True Genres: Adventure/Drama
Pred Genres: Drama/Crime/Thriller

Film Title: Déjà Vu
True Genres: Drama/Romance
Pred Genres: Drama/Romance

Film Title: Glen or Glenda
True Genres: Drama
Pred Genres: Comedy/Drama

Film Title: Once Upon a Honeymoon
True Genres: Adventure/Comedy/Drama/Mystery/Romance/War
Pred Genres: Drama

Film Title: Salvador
True Genres: Drama/History/Thriller/War
Pred Genres: Drama/Adventure/War

Film Title: Toni
True Genres: Crime/Drama/Romance
Pred Genres: Drama

Film Title: Slam
True Genres: Drama
Pred Genres: Drama/Thriller

Film Title: The Man Who Came to Dinner
True Genres: Comedy/Romance
Pred Genres: Drama/Romance

Film Title: T-Rex: Back to the Cretaceous
True Genres: Adventure/Family/Fantasy
Pred Genres: Sci-Fi/Adventure

Film Title: To the Devil a Daughter
True Genres: Horror
Pred Genres: Drama

Film Title: True Crime
True Genres: Crime/Drama/Mystery/Thriller
Pred Genres: Drama

Film Title: Another You
True Genres: Comedy/Crime
Pred Genres: Comedy/Drama

Film Title: The Sleepy Time Gal
True Genres: Drama
Pred Genres: Drama

Film Title: Scandal
True Genres: Drama/History
Pred Genres: Drama

Film Title: Coming Out
True Genres: Drama/Romance
Pred Genres: Drama/Thriller

Film Title: A New Kind of Love
True Genres: Comedy/Romance
Pred Genres: Drama

Film Title: The Devil's Backbone
True Genres: Drama/Horror
Pred Genres: Drama/Thriller

Film Title: King Rat
True Genres: Drama/War
Pred Genres: Drama/War

Film Title: Guns of the Magnificent Seven
True Genres: Action/Western
Pred Genres: Mystery/Thriller

Film Title: Exit to Eden
True Genres: Comedy/Crime/Romance/Thriller
Pred Genres: Comedy

Film Title: When Strangers Appear
True Genres: Action/Mystery/Thriller
Pred Genres: Drama/Action

Film Title: An Affair to Remember
True Genres: Drama/Musical/Romance
Pred Genres: Drama/Romance

Film Title: Running Out of Time
True Genres: Action/Crime/Drama/Thriller
Pred Genres: Drama/Action/Thriller

Film Title: The Watcher
True Genres: Crime/Drama/Mystery/Thriller
Pred Genres: Horror/Sci-Fi

Film Title: Make Mine Music
True Genres: Animation/Adventure/Comedy/Family/Music
Pred Genres: Comedy/Musical/Music/Family

Film Title: The Walking Dead
True Genres: Crime/Drama/Horror/Sci-Fi
Pred Genres: Drama/Adventure/War

Film Title: Joe Versus the Volcano
True Genres: Comedy/Romance
Pred Genres: Comedy/Adventure/Family

Film Title: Scarlet Street
True Genres: Drama/Film-Noir/Thriller
Pred Genres: Drama

Film Title: Iron & Silk
True Genres: Comedy/Drama
Pred Genres: Drama/Mystery/Thriller

Film Title: The Crude Oasis
True Genres: Drama/Romance/Thriller
Pred Genres: 

Film Title: Les convoyeurs attendent
True Genres: Comedy/Drama
Pred Genres: Drama/Mystery/Crime/Thriller

Film Title: Life on a String
True Genres: Drama/Music/Romance/War
Pred Genres: Drama

Film Title: Thriller: A Cruel Picture
True Genres: Action/Thriller
Pred Genres: Sci-Fi/Comedy/Adventure/Action

Film Title: Barbershop 2: Back in Business
True Genres: Comedy/Drama
Pred Genres: Comedy/Drama/Family

Film Title: Jagged Edge
True Genres: Drama/Mystery/Thriller
Pred Genres: Drama/Thriller

Film Title: To Be and to Have
True Genres: Documentary/Family
Pred Genres: Comedy/Drama

Film Title: The Crimson Rivers
True Genres: Crime/Horror/Mystery/Thriller
Pred Genres: Horror/Thriller

Film Title: The Sea Is Watching
True Genres: Romance/Drama
Pred Genres: Drama/Family

Film Title: The MatchMaker
True Genres: Comedy/Romance
Pred Genres: Comedy

Film Title: Repossessed
True Genres: Comedy/Fantasy/Horror
Pred Genres: Comedy/Romance

Film Title: Half Baked
True Genres: Comedy/Crime
Pred Genres: Comedy/Drama

Film Title: Peggy Sue Got Married
True Genres: Comedy/Drama/Fantasy/Romance
Pred Genres: Comedy/Adventure/Family/Fantasy

Film Title: Late Bloomers
True Genres: Comedy/Drama/Romance
Pred Genres: Sci-Fi/Drama/Thriller

Film Title: D.C. Cab
True Genres: Action/Comedy
Pred Genres: Sci-Fi/Comedy/Action

Film Title: The Incident
True Genres: Crime/Drama/Thriller
Pred Genres: Drama

Film Title: Days of Thunder
True Genres: Action/Drama/Sport
Pred Genres: Horror/Sci-Fi/Thriller

Film Title: Django
True Genres: Action/Western
Pred Genres: Sci-Fi/Adventure/Action

Film Title: Open Hearts
True Genres: Drama/Romance
Pred Genres: Documentary

Film Title: The Importance of Being Earnest
True Genres: Comedy/Drama/Romance
Pred Genres: Comedy/Drama/Romance

Film Title: Snow White and the Seven Dwarfs
True Genres: Animation/Family/Fantasy/Musical/Romance
Pred Genres: Comedy/Adventure/Family/Western

Film Title: Clambake
True Genres: Comedy/Musical
Pred Genres: Comedy/Romance

Film Title: The Cobweb
True Genres: Drama
Pred Genres: Drama/Thriller

Film Title: Home Alone 3
True Genres: Action/Comedy/Crime/Family
Pred Genres: Comedy/Action/Crime

Film Title: Reuben, Reuben
True Genres: Comedy/Drama/Romance
Pred Genres: Horror

Film Title: Fast Times at Ridgemont High
True Genres: Comedy/Drama
Pred Genres: Comedy/Romance/Family

Film Title: For the Moment
True Genres: Romance/War/Drama
Pred Genres: Drama/Romance

Film Title: Out for a Kill
True Genres: Action/Crime/Thriller
Pred Genres: Comedy/Thriller

Film Title: The Boston Strangler
True Genres: Crime/Drama/Mystery/Thriller
Pred Genres: Comedy

Film Title: Monkeybone
True Genres: Animation/Comedy/Fantasy
Pred Genres: Comedy/Adventure/Action/Fantasy

Film Title: One
True Genres: Thriller/Crime/Drama
Pred Genres: Drama/Romance

Film Title: Leonard Part 6
True Genres: Action/Comedy/Sci-Fi
Pred Genres: Sci-Fi/Adventure/Action/Family/Fantasy/Animation

Film Title: Paradise Lost 2: Revelations
True Genres: Documentary/Crime
Pred Genres: Drama/Thriller

Film Title: If Lucy Fell
True Genres: Comedy/Romance
Pred Genres: Comedy

Film Title: Inferno
True Genres: Crime/Drama/Romance/Thriller
Pred Genres: Drama/War

Film Title: Mona Lisa Smile
True Genres: Drama
Pred Genres: Drama/Romance

Film Title: My Best Fiend
True Genres: Documentary/Biography
Pred Genres: Drama/Romance

Film Title: Addicted to Love
True Genres: Comedy/Romance
Pred Genres: Drama/Romance

Film Title: Elmer Gantry
True Genres: Drama
Pred Genres: 

Film Title: Boys Life 2
True Genres: Drama
Pred Genres: Comedy/Drama

Film Title: Moonlight and Valentino
True Genres: Comedy/Drama/Romance
Pred Genres: Drama/Romance

Film Title: See Spot Run
True Genres: Action/Comedy/Crime/Family
Pred Genres: Comedy/Adventure/Family

Film Title: Where the Buffalo Roam
True Genres: Biography/Comedy
Pred Genres: Comedy

Film Title: Drowning by Numbers
True Genres: Comedy/Drama
Pred Genres: Horror

Film Title: The Five Heartbeats
True Genres: Drama/Music
Pred Genres: Adventure

Film Title: We're No Angels
True Genres: Comedy/Crime/Romance
Pred Genres: Comedy

Film Title: Real Women Have Curves
True Genres: Comedy/Drama
Pred Genres: Horror/Sci-Fi/Thriller

Film Title: Daisy Miller
True Genres: Comedy/Drama/Romance
Pred Genres: Drama/Romance

Film Title: Death Rides a Horse
True Genres: Western
Pred Genres: Adventure/Action/Western

Film Title: The Animatrix
True Genres: Animation/Action/Adventure/Sci-Fi
Pred Genres: Drama/Thriller

Film Title: Hide and Seek
True Genres: Drama/Horror/Mystery/Thriller
Pred Genres: Drama

Film Title: Atanarjuat: The Fast Runner
True Genres: Drama
Pred Genres: Comedy

Film Title: Dark Blue World
True Genres: War/Drama/Action/Romance
Pred Genres: Comedy

Film Title: Homer and Eddie
True Genres: Comedy/Crime/Drama
Pred Genres: Comedy

Film Title: Artemisia
True Genres: Biography/Drama/History/Romance
Pred Genres: Drama/Romance/Mystery/Thriller

Film Title: Lucky 7
True Genres: Comedy/Romance
Pred Genres: Comedy

Film Title: Veronica Guerin
True Genres: Biography/Crime/Drama/Thriller
Pred Genres: Drama/Thriller

Film Title: Domestic Disturbance
True Genres: Crime/Thriller
Pred Genres: Horror/Drama/Thriller

Film Title: Outland
True Genres: Action/Crime/Sci-Fi/Thriller/Western
Pred Genres: 

Film Title: Sunday Bloody Sunday
True Genres: Drama
Pred Genres: Drama/Mystery/Crime/Thriller

Film Title: Total Eclipse
True Genres: Biography/Drama/Romance
Pred Genres: Drama

Film Title: The Jewel of the Nile
True Genres: Action/Adventure/Comedy/Romance
Pred Genres: Adventure/Family/Fantasy/Animation

Film Title: Deceiver
True Genres: Crime/Drama/Mystery/Thriller
Pred Genres: Drama/Mystery/Crime/Thriller

Film Title: Picture Bride
True Genres: Drama/Romance
Pred Genres: Drama/Mystery

Film Title: City of Joy
True Genres: Drama
Pred Genres: Drama/Romance/Crime

Film Title: Oliver & Company
True Genres: Animation/Adventure/Comedy/Family/Musical
Pred Genres: Adventure/Musical/Family/Fantasy/Western/Animation

Film Title: The Divorce
True Genres: Drama/Romance/Comedy
Pred Genres: Comedy/Drama/Romance

Film Title: The Emperor's Club
True Genres: Drama
Pred Genres: Crime/Thriller

Film Title: Clay Pigeons
True Genres: Comedy/Crime
Pred Genres: Comedy

Film Title: Deranged: Confessions of a Necrophile
True Genres: Drama/Horror/Thriller
Pred Genres: Drama/Thriller

Film Title: Northfork
True Genres: Drama/Fantasy
Pred Genres: Drama

Film Title: Mr. Wonderful
True Genres: Comedy/Romance
Pred Genres: Comedy/Drama

Film Title: Take the Money and Run
True Genres: Comedy/Crime
Pred Genres: Drama/Romance

Film Title: Some Body
True Genres: Drama
Pred Genres: Drama/Romance

Film Title: Escape from Alcatraz
True Genres: Action/Biography/Crime/Drama/Thriller
Pred Genres: Drama

Film Title: Girl, Interrupted
True Genres: Biography/Drama
Pred Genres: Drama

Film Title: Once Upon a Time in China III
True Genres: Action/Adventure/Biography/History
Pred Genres: Comedy/Adventure/Romance/Family

Film Title: Make Way for Tomorrow
True Genres: Comedy/Drama/Romance
Pred Genres: Comedy

Film Title: Turtles Can Fly
True Genres: Drama/War
Pred Genres: Comedy/Drama/Crime

Film Title: Identification of a Woman
True Genres: Drama/Romance
Pred Genres: Drama

Film Title: House on Haunted Hill
True Genres: Crime/Fantasy/Horror/Mystery/Thriller
Pred Genres: Horror/Thriller

Film Title: History of the World: Part I
True Genres: Comedy/History/Musical
Pred Genres: Adventure/Family/Animation

Film Title: Tales from the Crypt: Demon Knight
True Genres: Action/Fantasy/Horror/Thriller
Pred Genres: Drama

Film Title: Mishima: A Life in Four Chapters
True Genres: Biography/Drama
Pred Genres: Comedy/Adventure/Action/Animation

Film Title: Kill Me Later
True Genres: Crime/Drama/Thriller
Pred Genres: Drama/Action/Crime/Thriller

Film Title: The Big Parade
True Genres: Drama/Romance/War
Pred Genres: Drama/Romance/War

Film Title: Autopsy
True Genres: Horror/Mystery/Thriller
Pred Genres: Horror/Fantasy

Film Title: The Last Shot
True Genres: Comedy/Romance
Pred Genres: Sci-Fi/Adventure/Action

Film Title: Raw Deal
True Genres: Action/Crime/Thriller
Pred Genres: Adventure/Action/Thriller

Film Title: The Apple Dumpling Gang Rides Again
True Genres: Comedy/Family/Western
Pred Genres: Drama

Film Title: Show Me Love
True Genres: Comedy/Drama/Romance
Pred Genres: Comedy

Film Title: Under the Tuscan Sun
True Genres: Comedy/Drama/Romance
Pred Genres: Drama/Romance/Family

Film Title: Solas
True Genres: Drama
Pred Genres: Drama/Romance

Film Title: The Odd Couple II
True Genres: Adventure/Comedy
Pred Genres: Drama/Romance

Film Title: Pet Sematary II
True Genres: Fantasy/Horror
Pred Genres: Horror/Thriller

Film Title: Wings of Courage
True Genres: Adventure/Romance
Pred Genres: Drama/Adventure/Action

Film Title: The Long, Hot Summer
True Genres: Drama
Pred Genres: Drama/Adventure

Film Title: The Scarlet Pimpernel
True Genres: Action/Drama/Romance
Pred Genres: Comedy

Film Title: Twenty Days Without War
True Genres: Drama/Romance/War
Pred Genres: Drama/Crime/Thriller

Film Title: Strauss' Great Waltz
True Genres: Biography/Music/Romance
Pred Genres: Drama

Film Title: Money Train
True Genres: Action/Comedy/Crime/Drama/Thriller
Pred Genres: Drama/Action/Crime/Thriller

Film Title: The Borrowers
True Genres: Adventure/Comedy/Family/Fantasy
Pred Genres: Comedy

Film Title: Flaming Star
True Genres: Action/Drama/Romance/Western
Pred Genres: Comedy/Drama/Romance

Film Title: Toy Soldiers
True Genres: Action/Drama/Thriller
Pred Genres: Adventure/Action

Film Title: Robin Hood: Prince of Thieves
True Genres: Action/Adventure/Drama/Romance
Pred Genres: Drama/War

Film Title: Don Juan DeMarco
True Genres: Comedy/Drama/Romance
Pred Genres: Drama

Film Title: Easy Rider
True Genres: Adventure/Drama
Pred Genres: Sci-Fi/Comedy/Adventure/Action

Film Title: Harvard Man
True Genres: Comedy/Crime/Drama/Romance/Thriller
Pred Genres: Comedy/Romance

Film Title: Elf
True Genres: Adventure/Comedy/Family/Fantasy/Romance
Pred Genres: Comedy/Family/Fantasy

Film Title: Rodan
True Genres: Adventure/Drama/Horror/Sci-Fi
Pred Genres: Sci-Fi/Adventure/Action

Film Title: Naked Lunch
True Genres: Drama
Pred Genres: Drama/Thriller

Film Title: The Cranes Are Flying
True Genres: Drama/Romance/War
Pred Genres: Drama

Film Title: The Amazing Transparent Man
True Genres: Horror/Sci-Fi
Pred Genres: Comedy/Drama/Romance

Film Title: Moving
True Genres: Comedy
Pred Genres: Comedy/Crime

Film Title: Fancy Pants
True Genres: Comedy/Musical/Western
Pred Genres: Comedy/Family/Western

Film Title: Death and the Maiden
True Genres: Drama/Mystery/Thriller
Pred Genres: Drama

Film Title: Tender Mercies
True Genres: Drama/Music
Pred Genres: 

Film Title: Performance
True Genres: Crime/Drama
Pred Genres: Drama/Romance/Mystery/Thriller

Film Title: Bon Voyage, Charlie Brown (and Don't Come Back!!)
True Genres: Animation/Adventure/Comedy/Family
Pred Genres: Musical/Romance/Fantasy

Film Title: The Snows of Kilimanjaro
True Genres: Adventure/Drama/Romance/War
Pred Genres: Drama/Adventure/Romance/Family

Film Title: Cromwell
True Genres: Biography/Drama/History/War
Pred Genres: Action/Thriller

Film Title: Ivans xtc.
True Genres: Drama
Pred Genres: Drama

Film Title: The Chambermaid on the Titanic
True Genres: Drama/Romance
Pred Genres: Drama

Film Title: The Boogens
True Genres: Horror/Sci-Fi/Thriller
Pred Genres: Horror/Sci-Fi/Thriller

Film Title: Hotel de Love
True Genres: Comedy/Drama/Romance
Pred Genres: Drama

Film Title: The Boys Next Door
True Genres: Crime/Drama/Thriller
Pred Genres: Comedy/Family

Film Title: The Southerner
True Genres: Drama
Pred Genres: Comedy/Romance/Mystery

Film Title: Life is to Whistle
True Genres: Drama
Pred Genres: Drama/Thriller

Film Title: When a Man Loves a Woman
True Genres: Drama/Romance
Pred Genres: Drama/Romance

Film Title: No Looking Back
True Genres: Comedy/Drama/Romance
Pred Genres: Comedy

Film Title: Creature Comforts
True Genres: Animation/Short/Comedy/Family
Pred Genres: Comedy/Family/Fantasy

Film Title: Critters
True Genres: Comedy/Horror/Sci-Fi
Pred Genres: Comedy/Family

Film Title: Star Trek: Nemesis
True Genres: Action/Adventure/Sci-Fi/Thriller
Pred Genres: Horror/Thriller

Film Title: Sister Act
True Genres: Comedy/Crime/Family/Music
Pred Genres: Comedy/Romance

Film Title: Breakin'
True Genres: Comedy/Drama/Music/Romance
Pred Genres: Comedy/Action/Family

Film Title: The Way of the Dragon
True Genres: Action/Adventure/Comedy/Crime/Drama/Thriller
Pred Genres: Drama/Thriller

Film Title: Divided We Fall
True Genres: Comedy/Drama/War
Pred Genres: Drama

Film Title: Sneakers
True Genres: Comedy/Crime/Drama/Mystery/Thriller
Pred Genres: Comedy

Film Title: Who's Afraid of Virginia Woolf?
True Genres: Drama
Pred Genres: Drama/Romance

Film Title: Joe
True Genres: Drama/Thriller
Pred Genres: Horror/Sci-Fi/Thriller

Film Title: Cat's Eye
True Genres: Comedy/Horror/Thriller
Pred Genres: Horror/Sci-Fi/Thriller/Fantasy

Film Title: A Story from Chikamatsu
True Genres: Drama/History/Romance/Thriller
Pred Genres: Drama

Film Title: The Toy
True Genres: Comedy
Pred Genres: Comedy

Film Title: The Day I Became a Woman
True Genres: Comedy/Drama
Pred Genres: Drama

Film Title: Larger Than Life
True Genres: Comedy/Family
Pred Genres: Drama/Adventure/Family

Film Title: El Cid
True Genres: Biography/Drama/History/Romance/War
Pred Genres: Drama/Romance

Film Title: The Alarmist
True Genres: Comedy
Pred Genres: Comedy/Action

Film Title: Class of Nuke 'Em High
True Genres: Comedy/Horror/Sci-Fi/Thriller
Pred Genres: Drama/Adventure/Romance/Western

Film Title: Frankenstein
True Genres: Drama/Horror/Sci-Fi/Thriller
Pred Genres: Drama/Romance/Thriller

Film Title: Vanity Fair
True Genres: Drama
Pred Genres: Drama/Adventure/Action

Film Title: Dick Tracy
True Genres: Action/Comedy/Crime/Music/Romance/Thriller
Pred Genres: Drama

Film Title: Crocodile Dundee in Los Angeles
True Genres: Action/Adventure/Comedy/Crime
Pred Genres: Comedy/Drama

Film Title: A Dog's Will
True Genres: Comedy/Drama/Western
Pred Genres: Drama/Mystery/Thriller

Film Title: 1941
True Genres: Action/Comedy/War
Pred Genres: Comedy/Action/Crime

Film Title: Summer Rental
True Genres: Comedy
Pred Genres: Comedy/Adventure/Action

Film Title: American Ninja 3: Blood Hunt
True Genres: Action/Drama
Pred Genres: Action

Film Title: Life
True Genres: Comedy/Crime/Drama
Pred Genres: Comedy/Adventure/Action/Family

Film Title: Richie Rich
True Genres: Comedy/Family
Pred Genres: Comedy

Film Title: The Intruder
True Genres: Drama
Pred Genres: Drama/War

Film Title: Won't Anybody Listen
True Genres: Documentary/Music
Pred Genres: 

Film Title: The Fugitive
True Genres: Action/Crime/Drama/Mystery/Thriller
Pred Genres: Drama/Crime/Thriller

Film Title: The Hi-Line
True Genres: Drama
Pred Genres: Drama

Film Title: The Return of Jafar
True Genres: Animation/Adventure/Comedy/Family/Fantasy/Musical/Romance
Pred Genres: Adventure/Musical/Family/Fantasy/Animation

Film Title: Bliss
True Genres: Comedy/Drama
Pred Genres: Comedy/Adventure/Family/Fantasy

Film Title: The Alligator People
True Genres: Horror/Mystery/Sci-Fi
Pred Genres: Adventure/Fantasy/Animation

Film Title: Poetic Justice
True Genres: Drama/Romance
Pred Genres: Drama/Romance/Mystery/Thriller

Film Title: Undercurrent
True Genres: Drama/Film-Noir/Thriller
Pred Genres: 

Film Title: Phantasm IV: Oblivion
True Genres: Fantasy/Horror/Sci-Fi
Pred Genres: Sci-Fi/Adventure/Action

Film Title: Men Cry Bullets
True Genres: Comedy/Drama
Pred Genres: Comedy

Film Title: Kuch Kuch Hota Hai
True Genres: Comedy/Drama/Musical/Romance
Pred Genres: Comedy/Romance/Sport

Film Title: Fidel
True Genres: Documentary/Biography
Pred Genres: Drama

Film Title: Another Man's Poison
True Genres: Crime/Drama/Film-Noir
Pred Genres: Comedy/Romance

Film Title: Teaching Mrs. Tingle
True Genres: Comedy/Thriller
Pred Genres: Drama

Film Title: The Man in the Glass Booth
True Genres: Drama
Pred Genres: Drama/Romance/History/War

Film Title: Montenegro
True Genres: Drama/Comedy
Pred Genres: Comedy/Drama/Romance

Film Title: Rabbit-Proof Fence
True Genres: Adventure/Biography/Drama
Pred Genres: Drama/War

Film Title: Fever Pitch
True Genres: Comedy/Drama/Romance/Sport
Pred Genres: Drama/Action

Film Title: The Glimmer Man
True Genres: Action/Comedy/Crime/Drama/Thriller
Pred Genres: 

Film Title: Cows
True Genres: Drama/Mystery/Romance/War
Pred Genres: Drama/Romance

Film Title: Stark Raving Mad
True Genres: Action/Comedy/Crime
Pred Genres: Drama/Thriller

Film Title: His Secret Life
True Genres: Drama/Romance
Pred Genres: Comedy/Drama/Adventure/Romance

Film Title: Happy Together
True Genres: Comedy/Romance
Pred Genres: Drama/Romance

Film Title: The Ghost and Mrs. Muir
True Genres: Comedy/Drama/Fantasy/Mystery/Romance/Thriller
Pred Genres: Comedy/Drama/Romance

Film Title: Tous les matins du monde
True Genres: Biography/Drama/History/Music/Romance
Pred Genres: Drama

Film Title: The Far Side of the Moon
True Genres: Drama
Pred Genres: Comedy/Drama/Romance

Film Title: The Cruel Sea
True Genres: Drama/War
Pred Genres: Drama/Western

Film Title: 52 Pick-Up
True Genres: Crime/Drama/Thriller
Pred Genres: Drama

Film Title: The Turning Point
True Genres: Drama/Romance
Pred Genres: Fantasy

Film Title: Prizzi's Honor
True Genres: Comedy/Crime/Drama/Romance
Pred Genres: Drama/Romance/War

Film Title: College
True Genres: Comedy/Drama/Sport
Pred Genres: Drama

Film Title: Annie Hall
True Genres: Comedy/Romance
Pred Genres: Comedy

Film Title: Sunset
True Genres: Crime/Mystery/Thriller/Western
Pred Genres: Comedy

Film Title: Plan 9 from Outer Space
True Genres: Horror/Sci-Fi
Pred Genres: Sci-Fi/Adventure/Action

Film Title: Married to the Mob
True Genres: Comedy/Crime/Romance
Pred Genres: Comedy

Film Title: Mourning Becomes Electra
True Genres: Drama
Pred Genres: Horror/Drama

Film Title: The Curse of the Cat People
True Genres: Drama/Horror/Mystery
Pred Genres: Horror/Sci-Fi

Film Title: Pacific Heights
True Genres: Thriller
Pred Genres: Drama

Film Title: Whistle Down the Wind
True Genres: Crime/Drama
Pred Genres: Horror/Thriller

Film Title: Death Ship
True Genres: Adventure/Horror/Mystery/Thriller
Pred Genres: Adventure/Thriller

Film Title: La Dolce Vita
True Genres: Comedy/Drama
Pred Genres: Drama

Film Title: A Million to Juan
True Genres: Comedy
Pred Genres: Comedy/Romance/Family

Film Title: Invasion of the Bee Girls
True Genres: Horror/Sci-Fi
Pred Genres: Comedy

Film Title: Charlie, the Lonesome Cougar
True Genres: Adventure/Family
Pred Genres: Comedy

Film Title: Dead Bang
True Genres: Action/Crime/Drama/Thriller
Pred Genres: Drama

Film Title: The Cabinet of Dr. Caligari
True Genres: Fantasy/Horror/Mystery/Thriller
Pred Genres: Drama

Film Title: Now You See Him, Now You Don't
True Genres: Family/Comedy/Sci-Fi
Pred Genres: Comedy

Film Title: Havana
True Genres: Drama/Romance/War
Pred Genres: Horror/Drama/Thriller

Film Title: Faces of Death VI
True Genres: Documentary/Horror
Pred Genres: Horror/Sci-Fi/Fantasy

Film Title: Lord of Illusions
True Genres: Horror/Mystery/Thriller
Pred Genres: Sci-Fi/Adventure/Action/Thriller

Film Title: Godzilla: King of the Monsters!
True Genres: Action/Horror/Sci-Fi
Pred Genres: Action

Film Title: Knockin' on Heaven's Door
True Genres: Action/Crime/Comedy/Drama
Pred Genres: Drama

Film Title: The Bedford Incident
True Genres: Drama/Thriller
Pred Genres: Drama

Film Title: Quest for Camelot
True Genres: Animation/Adventure/Comedy/Drama/Family/Fantasy/Musical
Pred Genres: Adventure/Musical/Family/Fantasy/Animation

Film Title: Mambo Italiano
True Genres: Comedy/Drama/Romance
Pred Genres: Comedy

Film Title: Shoeshine
True Genres: Drama
Pred Genres: Drama/Adventure

Film Title: The Talk of the Town
True Genres: Comedy/Drama/Romance/Thriller
Pred Genres: Drama/Romance

Film Title: Calendar Girls
True Genres: Comedy/Drama
Pred Genres: Comedy/Romance/Family

Film Title: Elvira: Mistress of the Dark
True Genres: Comedy/Horror
Pred Genres: Drama

Film Title: Perfect
True Genres: Drama/Romance
Pred Genres: Drama/Romance

Film Title: The Hill
True Genres: Drama/War
Pred Genres: Drama/War

Film Title: Chances Are
True Genres: Comedy/Fantasy/Romance
Pred Genres: Comedy/Drama/Romance

Film Title: The Haunted World of Edward D. Wood Jr.
True Genres: Documentary/Biography
Pred Genres: Comedy

Film Title: Mask
True Genres: Biography/Drama
Pred Genres: Drama

Film Title: The Story of the Weeping Camel
True Genres: Documentary/Drama/Family
Pred Genres: Drama/Adventure/Fantasy

Film Title: Black & White
True Genres: Crime/Drama/Music
Pred Genres: Drama

Film Title: Better Luck Tomorrow
True Genres: Crime/Drama/Romance
Pred Genres: Action/Crime/Thriller

Film Title: Rififi
True Genres: Crime/Drama/Thriller
Pred Genres: Comedy/Drama/Romance

Film Title: The Pumaman
True Genres: Action/Adventure/Family/Fantasy/Romance/Sci-Fi/Thriller
Pred Genres: Action

Film Title: Born Romantic
True Genres: Comedy/Romance
Pred Genres: Drama/Romance

Film Title: To Die For
True Genres: Comedy/Crime/Drama/Thriller
Pred Genres: Drama/Thriller

Film Title: The Gods Must Be Crazy II
True Genres: Comedy
Pred Genres: Comedy

Film Title: Squeeze
True Genres: Crime/Drama
Pred Genres: Drama/Mystery/Thriller

Film Title: Operation Condor
True Genres: Action/Adventure/Comedy/Crime/Thriller
Pred Genres: Drama/Mystery

Film Title: The House of Mirth
True Genres: Romance/Drama
Pred Genres: Drama

Film Title: Fantastic Night
True Genres: Comedy/Fantasy/Romance
Pred Genres: Drama

Film Title: Enlightenment Guaranteed
True Genres: Drama/Comedy
Pred Genres: Drama

Film Title: When We Were Kings
True Genres: Documentary/Sport
Pred Genres: Sci-Fi/Drama/Action/Thriller

Film Title: Criminals
True Genres: Documentary
Pred Genres: Drama/Romance/Mystery/Thriller

Film Title: Masks
True Genres: Crime/Drama/Mystery/Thriller
Pred Genres: Comedy/Drama

Film Title: Beautiful Thing
True Genres: Comedy/Drama/Romance
Pred Genres: Comedy

Film Title: Vera Drake
True Genres: Crime/Drama
Pred Genres: Drama/Mystery/Thriller

Film Title: The Lost World: Jurassic Park
True Genres: Action/Adventure/Sci-Fi
Pred Genres: Horror/Thriller

Film Title: Fire Down Below
True Genres: Adventure/Drama/Romance
Pred Genres: Comedy/Drama/Romance

Film Title: Lady Snowblood
True Genres: Action/Drama/Thriller
Pred Genres: Drama

Film Title: The Stepdaughter
True Genres: Horror/Thriller
Pred Genres: Sci-Fi/Adventure/Action/Fantasy

Film Title: Greaser's Palace
True Genres: Comedy/Western
Pred Genres: Comedy/Family

Film Title: Cop Land
True Genres: Crime/Drama/Thriller
Pred Genres: Drama/Thriller

Film Title: Brigham City
True Genres: Crime/Drama/Mystery
Pred Genres: Drama/Romance

Film Title: The Two Jakes
True Genres: Crime/Drama/Mystery/Romance
Pred Genres: Drama/Musical/Romance

Film Title: The Adventures of Elmo in Grouchland
True Genres: Adventure/Comedy/Family/Fantasy/Musical
Pred Genres: Comedy/Adventure/Family/Animation

Film Title: Blind Beast
True Genres: Drama/Horror
Pred Genres: Drama/Crime/Thriller

Film Title: Jezebel
True Genres: Drama/Romance
Pred Genres: Drama/Romance

Film Title: Dirty Pretty Things
True Genres: Crime/Drama/Thriller
Pred Genres: Horror/Drama/Thriller

